     VMA      LMA     Size Align Out     In      Symbol
       0        0 80200000     1 . = 0x80200000
80200000 80200000      2a0     4 .text
80200000 80200000        e     2         /tmp/kernel-7faeb8.o:(.text.boot)
80200000 80200000        0     1                 
80200000 80200000        0     1                 
80200000 80200000        0     1                 
80200000 80200000        0     1                 
80200000 80200000        e     1                 boot
8020000e 8020000e        0     1                 
8020000e 8020000e        0     1                 
80200010 80200010       44     4         /tmp/kernel-7faeb8.o:(.text)
80200010 80200010        0     1                 
80200010 80200010        0     1                 
80200010 80200010        0     1                 
80200010 80200010        0     1                 
80200010 80200010        6     1                 sbi_call
80200014 80200014        0     1                 
80200016 80200016        0     1                 
80200016 80200016        0     1                 
80200016 80200016        0     1                 
80200016 80200016        0     1                 
80200016 80200016        0     1                 
80200016 80200016        0     1                 
80200016 80200016       14     1                 putchar
80200028 80200028        0     1                 
80200028 80200028        0     1                 
8020002a 8020002a        0     1                 
8020002a 8020002a        0     1                 
8020002a 8020002a        0     1                 
8020002a 8020002a        0     1                 
8020002a 8020002a        0     1                 
8020002a 8020002a       2a     1                 kernel_main
8020002c 8020002c        0     1                 
8020002c 8020002c        0     1                 
8020002e 8020002e        0     1                 
8020002e 8020002e        0     1                 
8020004e 8020004e        0     1                 
8020004e 8020004e        0     1                 
80200052 80200052        0     1                 
80200054 80200054        0     1                 
80200054 80200054        0     1                 
80200054 80200054      24c     4         /tmp/common-e6fbc2.o:(.text)
80200054 80200054        0     1                 
80200054 80200054        0     1                 
80200054 80200054        0     1                 
80200054 80200054      24c     1                 printf
80200056 80200056        0     1                 
80200070 80200070        0     1                 
80200082 80200082        0     1                 
802000b0 802000b0        0     1                 
802000b4 802000b4        0     1                 
802000bc 802000bc        0     1                 
802000bc 802000bc        0     1                 
802000be 802000be        0     1                 
802000c2 802000c2        0     1                 
802000c6 802000c6        0     1                 
802000ca 802000ca        0     1                 
802000cc 802000cc        0     1                 
802000d8 802000d8        0     1                 
802000d8 802000d8        0     1                 
802000e2 802000e2        0     1                 
802000e2 802000e2        0     1                 
802000e6 802000e6        0     1                 
802000ec 802000ec        0     1                 
802000f8 802000f8        0     1                 
802000f8 802000f8        0     1                 
802000fc 802000fc        0     1                 
80200102 80200102        0     1                 
80200102 80200102        0     1                 
80200106 80200106        0     1                 
80200112 80200112        0     1                 
80200116 80200116        0     1                 
8020011a 8020011a        0     1                 
80200120 80200120        0     1                 
80200122 80200122        0     1                 
80200126 80200126        0     1                 
8020012a 8020012a        0     1                 
80200134 80200134        0     1                 
80200136 80200136        0     1                 
80200142 80200142        0     1                 
80200146 80200146        0     1                 
8020014a 8020014a        0     1                 
80200150 80200150        0     1                 
80200156 80200156        0     1                 
8020015a 8020015a        0     1                 
80200166 80200166        0     1                 
80200166 80200166        0     1                 
8020016c 8020016c        0     1                 
80200178 80200178        0     1                 
80200178 80200178        0     1                 
8020017c 8020017c        0     1                 
8020017e 8020017e        0     1                 
80200182 80200182        0     1                 
80200194 80200194        0     1                 
80200194 80200194        0     1                 
80200198 80200198        0     1                 
8020019a 8020019a        0     1                 
8020019e 8020019e        0     1                 
802001b0 802001b0        0     1                 
802001b0 802001b0        0     1                 
802001b4 802001b4        0     1                 
802001b6 802001b6        0     1                 
802001ba 802001ba        0     1                 
802001cc 802001cc        0     1                 
802001cc 802001cc        0     1                 
802001d0 802001d0        0     1                 
802001d2 802001d2        0     1                 
802001d6 802001d6        0     1                 
802001e8 802001e8        0     1                 
802001e8 802001e8        0     1                 
802001ec 802001ec        0     1                 
802001ee 802001ee        0     1                 
802001f2 802001f2        0     1                 
80200204 80200204        0     1                 
80200204 80200204        0     1                 
80200208 80200208        0     1                 
8020020a 8020020a        0     1                 
8020020e 8020020e        0     1                 
80200220 80200220        0     1                 
80200220 80200220        0     1                 
80200224 80200224        0     1                 
80200228 80200228        0     1                 
8020023a 8020023a        0     1                 
80200246 80200246        0     1                 
80200246 80200246        0     1                 
8020024a 8020024a        0     1                 
80200250 80200250        0     1                 
80200252 80200252        0     1                 
80200256 80200256        0     1                 
8020025a 8020025a        0     1                 
80200266 80200266        0     1                 
80200266 80200266        0     1                 
8020026e 8020026e        0     1                 
8020027c 8020027c        0     1                 
80200282 80200282        0     1                 
80200282 80200282        0     1                 
802002a0 802002a0        0     1                 
802002a0 802002a0        0     1                 
802002a0 802002a0       3e     4 .rodata
802002a0 802002a0       3e     1         <internal>:(.rodata)
802002e0 802002e0        0     4 .bss
802002e0 802002e0        0     1         __bss = .
802002e0 802002e0        0     1         __bss_end = .
802002e0 802002e0        0     1 . = ALIGN ( 4 )
802002e0 802002e0    20000     1 . += 128 * 1024
802202e0 802202e0        0     1 __stack_top = .
       0        0      1fc     1 .debug_loclists
       0        0       46     1         /tmp/kernel-7faeb8.o:(.debug_loclists)
       c        c        0     1                 
      46       46      1b6     1         /tmp/common-e6fbc2.o:(.debug_loclists)
      52       52        0     1                 
       0        0      283     1 .debug_abbrev
       0        0      166     1         /tmp/kernel-7faeb8.o:(.debug_abbrev)
     166      166      11d     1         /tmp/common-e6fbc2.o:(.debug_abbrev)
       0        0      3a7     1 .debug_info
       0        0      231     1         /tmp/kernel-7faeb8.o:(.debug_info)
     231      231      176     1         /tmp/common-e6fbc2.o:(.debug_info)
       0        0       7d     1 .debug_rnglists
       0        0       17     1         /tmp/kernel-7faeb8.o:(.debug_rnglists)
       c        c        0     1                 
      17       17       66     1         /tmp/common-e6fbc2.o:(.debug_rnglists)
      23       23        0     1                 
       0        0       f4     1 .debug_str_offsets
       0        0       94     1         /tmp/kernel-7faeb8.o:(.debug_str_offsets)
       8        8        0     1                 
      94       94       60     1         /tmp/common-e6fbc2.o:(.debug_str_offsets)
      9c       9c        0     1                 
       0        0      151     1 .debug_str
       0        0      151     1         <internal>:(.debug_str)
       0        0       64     1 .debug_addr
       0        0       1c     1         /tmp/kernel-7faeb8.o:(.debug_addr)
       8        8        0     1                 
      1c       1c       48     1         /tmp/common-e6fbc2.o:(.debug_addr)
      24       24        0     1                 
       0        0       42     1 .comment
       0        0       42     1         <internal>:(.comment)
       0        0       2b     1 .riscv.attributes
       0        0       2b     1         /tmp/kernel-7faeb8.o:(.riscv.attributes)
       0        0       a0     4 .debug_frame
       0        0       5c     4         /tmp/kernel-7faeb8.o:(.debug_frame)
       0        0        0     1                 
      5c       5c       44     4         /tmp/common-e6fbc2.o:(.debug_frame)
      5c       5c        0     1                 
       0        0      398     1 .debug_line
       0        0       ef     1         /tmp/kernel-7faeb8.o:(.debug_line)
       0        0        0     1                 .Lline_table_start0
      ef       ef      2a9     1         /tmp/common-e6fbc2.o:(.debug_line)
      ef       ef        0     1                 .Lline_table_start0
       0        0       4a     1 .debug_line_str
       0        0       4a     1         <internal>:(.debug_line_str)
       0        0      d00     4 .symtab
       0        0      d00     4         <internal>:(.symtab)
       0        0       d6     1 .shstrtab
       0        0       d6     1         <internal>:(.shstrtab)
       0        0       80     1 .strtab
       0        0       80     1         <internal>:(.strtab)
