     VMA      LMA     Size Align Out     In      Symbol
       0        0 80200000     1 . = 0x80200000
80200000 80200000      bd2     4 .text
80200000 80200000        e     2         /tmp/kernel-f6aaa4.o:(.text.boot)
80200000 80200000        0     1                 
80200000 80200000        0     1                 
80200000 80200000        0     1                 
80200000 80200000        0     1                 
80200000 80200000        e     1                 boot
8020000e 8020000e        0     1                 
8020000e 8020000e        0     1                 
80200010 80200010      22e     4         /tmp/kernel-f6aaa4.o:(.text)
80200010 80200010        0     1                 
80200010 80200010        0     1                 
80200010 80200010        0     1                 
80200010 80200010       58     1                 alloc_pages
80200012 80200012        0     1                 
80200012 80200012        0     1                 
80200016 80200016        0     1                 
8020001e 8020001e        0     1                 
80200022 80200022        0     1                 
80200026 80200026        0     1                 
8020002e 8020002e        0     1                 
80200032 80200032        0     1                 
80200036 80200036        0     1                 
80200050 80200050        0     1                 
80200052 80200052        0     1                 
8020005e 8020005e        0     1                 
8020005e 8020005e        0     1                 
80200068 80200068        0     1                 
80200068 80200068        0     1                 
80200068 80200068        0     1                 
80200068 80200068        0     1                 
80200068 80200068        0     1                 
80200068 80200068        0     1                 
80200068 80200068       96     1                 kernel_entry
802000fe 802000fe        0     1                 
802000fe 802000fe        0     1                 
802000fe 802000fe        0     1                 
802000fe 802000fe        0     1                 
802000fe 802000fe        0     1                 
802000fe 802000fe       2e     1                 handle_trap
80200100 80200100        0     1                 
80200100 80200100        0     1                 
80200100 80200100        0     1                 
80200102 80200102        0     1                 
80200106 80200106        0     1                 
80200106 80200106        0     1                 
8020010a 8020010a        0     1                 
8020010a 8020010a        0     1                 
8020010e 8020010e        0     1                 
8020010e 8020010e        0     1                 
8020012a 8020012a        0     1                 
8020012c 8020012c        0     1                 
8020012c 8020012c        0     1                 
8020012c 8020012c        0     1                 
8020012c 8020012c        0     1                 
8020012c 8020012c        0     1                 
8020012c 8020012c        0     1                 
8020012c 8020012c        6     1                 sbi_call
80200130 80200130        0     1                 
80200132 80200132        0     1                 
80200132 80200132        0     1                 
80200132 80200132        0     1                 
80200132 80200132        0     1                 
80200132 80200132        0     1                 
80200132 80200132        0     1                 
80200132 80200132       14     1                 putchar
80200144 80200144        0     1                 
80200144 80200144        0     1                 
80200146 80200146        0     1                 
80200146 80200146        0     1                 
80200146 80200146        0     1                 
80200146 80200146        0     1                 
80200146 80200146        0     1                 
80200146 80200146       f8     1                 kernel_main
80200148 80200148        0     1                 
80200148 80200148        0     1                 
80200152 80200152        0     1                 
80200170 80200170        0     1                 
80200170 80200170        0     1                 
8020017c 8020017c        0     1                 
8020017c 8020017c        0     1                 
80200184 80200184        0     1                 
80200186 80200186        0     1                 
80200188 80200188        0     1                 
80200190 80200190        0     1                 
80200194 80200194        0     1                 
80200198 80200198        0     1                 
802001b2 802001b2        0     1                 
802001b4 802001b4        0     1                 
802001c2 802001c2        0     1                 
802001c2 802001c2        0     1                 
802001c6 802001c6        0     1                 
802001c8 802001c8        0     1                 
802001ce 802001ce        0     1                 
802001d2 802001d2        0     1                 
802001ec 802001ec        0     1                 
802001ee 802001ee        0     1                 
802001fc 802001fc        0     1                 
802001fc 802001fc        0     1                 
8020020e 8020020e        0     1                 
8020020e 8020020e        0     1                 
80200220 80200220        0     1                 
80200220 80200220        0     1                 
8020023c 8020023c        0     1                 
8020023e 8020023e        0     1                 
8020023e 8020023e        0     1                 
80200240 80200240      2d4     4         /tmp/common-93e621.o:(.text)
80200240 80200240        0     1                 
80200240 80200240        0     1                 
80200240 80200240        0     1                 
80200240 80200240      24a     1                 printf
80200242 80200242        0     1                 
8020025c 8020025c        0     1                 
8020026e 8020026e        0     1                 
8020029a 8020029a        0     1                 
8020029e 8020029e        0     1                 
802002a6 802002a6        0     1                 
802002ae 802002ae        0     1                 
802002ae 802002ae        0     1                 
802002b0 802002b0        0     1                 
802002b4 802002b4        0     1                 
802002b8 802002b8        0     1                 
802002bc 802002bc        0     1                 
802002be 802002be        0     1                 
802002ca 802002ca        0     1                 
802002ca 802002ca        0     1                 
802002d4 802002d4        0     1                 
802002d4 802002d4        0     1                 
802002d8 802002d8        0     1                 
802002de 802002de        0     1                 
802002ea 802002ea        0     1                 
802002ea 802002ea        0     1                 
802002ee 802002ee        0     1                 
802002f4 802002f4        0     1                 
802002f4 802002f4        0     1                 
802002f8 802002f8        0     1                 
802002f8 802002f8        0     1                 
80200302 80200302        0     1                 
80200302 80200302        0     1                 
80200306 80200306        0     1                 
8020030a 8020030a        0     1                 
80200316 80200316        0     1                 
80200316 80200316        0     1                 
8020031a 8020031a        0     1                 
8020031e 8020031e        0     1                 
80200322 80200322        0     1                 
8020032e 8020032e        0     1                 
80200332 80200332        0     1                 
80200334 80200334        0     1                 
80200338 80200338        0     1                 
8020033a 8020033a        0     1                 
8020033e 8020033e        0     1                 
80200342 80200342        0     1                 
8020034e 8020034e        0     1                 
8020034e 8020034e        0     1                 
80200354 80200354        0     1                 
80200362 80200362        0     1                 
80200366 80200366        0     1                 
80200366 80200366        0     1                 
8020036c 8020036c        0     1                 
80200376 80200376        0     1                 
8020037a 8020037a        0     1                 
8020037e 8020037e        0     1                 
80200384 80200384        0     1                 
8020038a 8020038a        0     1                 
8020038c 8020038c        0     1                 
80200398 80200398        0     1                 
80200398 80200398        0     1                 
8020039e 8020039e        0     1                 
802003aa 802003aa        0     1                 
802003aa 802003aa        0     1                 
802003ae 802003ae        0     1                 
802003b0 802003b0        0     1                 
802003b4 802003b4        0     1                 
802003c6 802003c6        0     1                 
802003c6 802003c6        0     1                 
802003ca 802003ca        0     1                 
802003cc 802003cc        0     1                 
802003d0 802003d0        0     1                 
802003e2 802003e2        0     1                 
802003e2 802003e2        0     1                 
802003e6 802003e6        0     1                 
802003e8 802003e8        0     1                 
802003ec 802003ec        0     1                 
802003fe 802003fe        0     1                 
802003fe 802003fe        0     1                 
80200402 80200402        0     1                 
80200404 80200404        0     1                 
80200408 80200408        0     1                 
8020041a 8020041a        0     1                 
8020041a 8020041a        0     1                 
8020041e 8020041e        0     1                 
80200420 80200420        0     1                 
80200424 80200424        0     1                 
80200436 80200436        0     1                 
80200436 80200436        0     1                 
8020043a 8020043a        0     1                 
8020043c 8020043c        0     1                 
80200440 80200440        0     1                 
80200452 80200452        0     1                 
80200452 80200452        0     1                 
80200456 80200456        0     1                 
8020045a 8020045a        0     1                 
8020046c 8020046c        0     1                 
8020046c 8020046c        0     1                 
8020048a 8020048a        0     1                 
8020048a 8020048a        0     1                 
8020048a 8020048a        0     1                 
8020048a 8020048a        0     1                 
8020048a 8020048a        0     1                 
8020048a 8020048a        0     1                 
8020048a 8020048a       1a     1                 memcpy
8020048c 8020048c        0     1                 
8020048e 8020048e        0     1                 
80200492 80200492        0     1                 
80200494 80200494        0     1                 
80200496 80200496        0     1                 
8020049a 8020049a        0     1                 
8020049e 8020049e        0     1                 
802004a0 802004a0        0     1                 
802004a2 802004a2        0     1                 
802004a4 802004a4        0     1                 
802004a4 802004a4        0     1                 
802004a4 802004a4        0     1                 
802004a4 802004a4        0     1                 
802004a4 802004a4        0     1                 
802004a4 802004a4        0     1                 
802004a4 802004a4       14     1                 memset
802004a6 802004a6        0     1                 
802004a8 802004a8        0     1                 
802004aa 802004aa        0     1                 
802004ae 802004ae        0     1                 
802004b2 802004b2        0     1                 
802004b4 802004b4        0     1                 
802004b6 802004b6        0     1                 
802004b8 802004b8        0     1                 
802004b8 802004b8        0     1                 
802004b8 802004b8        0     1                 
802004b8 802004b8        0     1                 
802004b8 802004b8        0     1                 
802004b8 802004b8        0     1                 
802004b8 802004b8       24     1                 strcpy
802004be 802004be        0     1                 
802004c2 802004c2        0     1                 
802004c4 802004c4        0     1                 
802004c8 802004c8        0     1                 
802004cc 802004cc        0     1                 
802004d0 802004d0        0     1                 
802004d2 802004d2        0     1                 
802004d4 802004d4        0     1                 
802004d6 802004d6        0     1                 
802004da 802004da        0     1                 
802004dc 802004dc        0     1                 
802004dc 802004dc        0     1                 
802004dc 802004dc        0     1                 
802004dc 802004dc        0     1                 
802004dc 802004dc        0     1                 
802004dc 802004dc        0     1                 
802004dc 802004dc       38     1                 strcmp
802004e0 802004e0        0     1                 
802004e2 802004e2        0     1                 
802004e4 802004e4        0     1                 
802004e8 802004e8        0     1                 
802004f6 802004f6        0     1                 
802004fa 802004fa        0     1                 
802004fe 802004fe        0     1                 
80200500 80200500        0     1                 
80200504 80200504        0     1                 
80200506 80200506        0     1                 
8020050a 8020050a        0     1                 
8020050e 8020050e        0     1                 
80200512 80200512        0     1                 
80200514 80200514        0     1                 
80200514 80200514        0     1                 
80200514 80200514      6be     4         /tmp/test_common-7d7e2b.o:(.text)
80200514 80200514        0     1                 
80200514 80200514        0     1                 
80200514 80200514        0     1                 
80200514 80200514      206     1                 test_common
80200516 80200516        0     1                 
80200516 80200516        0     1                 
8020051e 8020051e        0     1                 
80200526 80200526        0     1                 
80200526 80200526        0     1                 
80200536 80200536        0     1                 
80200536 80200536        0     1                 
8020053a 8020053a        0     1                 
80200548 80200548        0     1                 
80200558 80200558        0     1                 
80200558 80200558        0     1                 
8020056e 8020056e        0     1                 
8020056e 8020056e        0     1                 
80200576 80200576        0     1                 
80200580 80200580        0     1                 
80200582 80200582        0     1                 
80200590 80200590        0     1                 
80200590 80200590        0     1                 
802005a2 802005a2        0     1                 
802005a2 802005a2        0     1                 
802005ba 802005ba        0     1                 
802005be 802005be        0     1                 
802005ca 802005ca        0     1                 
802005ca 802005ca        0     1                 
802005dc 802005dc        0     1                 
802005dc 802005dc        0     1                 
802005ec 802005ec        0     1                 
802005ec 802005ec        0     1                 
802005fe 802005fe        0     1                 
802005fe 802005fe        0     1                 
80200602 80200602        0     1                 
80200616 80200616        0     1                 
80200616 80200616        0     1                 
80200626 80200626        0     1                 
80200626 80200626        0     1                 
8020062a 8020062a        0     1                 
8020062e 8020062e        0     1                 
80200632 80200632        0     1                 
80200642 80200642        0     1                 
80200642 80200642        0     1                 
80200650 80200650        0     1                 
80200660 80200660        0     1                 
80200660 80200660        0     1                 
80200672 80200672        0     1                 
80200672 80200672        0     1                 
80200682 80200682        0     1                 
80200682 80200682        0     1                 
80200688 80200688        0     1                 
80200696 80200696        0     1                 
80200696 80200696        0     1                 
802006a4 802006a4        0     1                 
802006a4 802006a4        0     1                 
802006a8 802006a8        0     1                 
802006b6 802006b6        0     1                 
802006b6 802006b6        0     1                 
802006ca 802006ca        0     1                 
802006ca 802006ca        0     1                 
802006e2 802006e2        0     1                 
802006f4 802006f4        0     1                 
802006f4 802006f4        0     1                 
80200706 80200706        0     1                 
80200706 80200706        0     1                 
8020070e 8020070e        0     1                 
8020070e 8020070e        0     1                 
8020071a 8020071a        0     1                 
8020071a 8020071a        0     1                 
8020071a 8020071a        0     1                 
8020071a 8020071a        0     1                 
8020071a 8020071a        0     1                 
8020071a 8020071a      1d0     1                 test_printf
8020071c 8020071c        0     1                 
8020071c 8020071c        0     1                 
8020071e 8020071e        0     1                 
8020072e 8020072e        0     1                 
8020072e 8020072e        0     1                 
8020073e 8020073e        0     1                 
8020073e 8020073e        0     1                 
80200756 80200756        0     1                 
80200756 80200756        0     1                 
8020076e 8020076e        0     1                 
8020076e 8020076e        0     1                 
80200780 80200780        0     1                 
80200780 80200780        0     1                 
80200794 80200794        0     1                 
80200794 80200794        0     1                 
802007a8 802007a8        0     1                 
802007a8 802007a8        0     1                 
802007ba 802007ba        0     1                 
802007ba 802007ba        0     1                 
802007cc 802007cc        0     1                 
802007cc 802007cc        0     1                 
802007e0 802007e0        0     1                 
802007e0 802007e0        0     1                 
802007f4 802007f4        0     1                 
802007f4 802007f4        0     1                 
80200808 80200808        0     1                 
80200808 80200808        0     1                 
8020081a 8020081a        0     1                 
8020081a 8020081a        0     1                 
8020082c 8020082c        0     1                 
8020082c 8020082c        0     1                 
80200844 80200844        0     1                 
80200844 80200844        0     1                 
80200856 80200856        0     1                 
80200856 80200856        0     1                 
80200876 80200876        0     1                 
80200876 80200876        0     1                 
80200896 80200896        0     1                 
80200896 80200896        0     1                 
802008a6 802008a6        0     1                 
802008a6 802008a6        0     1                 
802008b6 802008b6        0     1                 
802008b6 802008b6        0     1                 
802008c6 802008c6        0     1                 
802008c6 802008c6        0     1                 
802008d6 802008d6        0     1                 
802008d6 802008d6        0     1                 
802008e2 802008e2        0     1                 
802008ea 802008ea        0     1                 
802008ea 802008ea        0     1                 
802008ea 802008ea        0     1                 
802008ea 802008ea        0     1                 
802008ea 802008ea        0     1                 
802008ea 802008ea       be     1                 test_memcpy
802008ec 802008ec        0     1                 
802008ec 802008ec        0     1                 
802008ee 802008ee        0     1                 
802008fe 802008fe        0     1                 
802008fe 802008fe        0     1                 
80200902 80200902        0     1                 
80200910 80200910        0     1                 
80200920 80200920        0     1                 
80200920 80200920        0     1                 
80200934 80200934        0     1                 
80200934 80200934        0     1                 
8020093c 8020093c        0     1                 
80200946 80200946        0     1                 
80200948 80200948        0     1                 
80200956 80200956        0     1                 
80200956 80200956        0     1                 
80200968 80200968        0     1                 
80200968 80200968        0     1                 
80200980 80200980        0     1                 
80200984 80200984        0     1                 
80200990 80200990        0     1                 
80200990 80200990        0     1                 
802009a2 802009a2        0     1                 
802009a2 802009a2        0     1                 
802009a8 802009a8        0     1                 
802009a8 802009a8        0     1                 
802009a8 802009a8        0     1                 
802009a8 802009a8        0     1                 
802009a8 802009a8        0     1                 
802009a8 802009a8       a0     1                 test_memset
802009aa 802009aa        0     1                 
802009aa 802009aa        0     1                 
802009ac 802009ac        0     1                 
802009bc 802009bc        0     1                 
802009bc 802009bc        0     1                 
802009ce 802009ce        0     1                 
802009ce 802009ce        0     1                 
802009d2 802009d2        0     1                 
802009e6 802009e6        0     1                 
802009e6 802009e6        0     1                 
802009f6 802009f6        0     1                 
802009f6 802009f6        0     1                 
802009fa 802009fa        0     1                 
802009fe 802009fe        0     1                 
80200a02 80200a02        0     1                 
80200a12 80200a12        0     1                 
80200a12 80200a12        0     1                 
80200a20 80200a20        0     1                 
80200a30 80200a30        0     1                 
80200a30 80200a30        0     1                 
80200a42 80200a42        0     1                 
80200a42 80200a42        0     1                 
80200a48 80200a48        0     1                 
80200a48 80200a48        0     1                 
80200a48 80200a48        0     1                 
80200a48 80200a48        0     1                 
80200a48 80200a48        0     1                 
80200a48 80200a48       b2     1                 test_strcpy
80200a4a 80200a4a        0     1                 
80200a4a 80200a4a        0     1                 
80200a4c 80200a4c        0     1                 
80200a5c 80200a5c        0     1                 
80200a5c 80200a5c        0     1                 
80200a60 80200a60        0     1                 
80200a6e 80200a6e        0     1                 
80200a7c 80200a7c        0     1                 
80200a7c 80200a7c        0     1                 
80200a90 80200a90        0     1                 
80200a90 80200a90        0     1                 
80200a94 80200a94        0     1                 
80200aa4 80200aa4        0     1                 
80200aa4 80200aa4        0     1                 
80200ab8 80200ab8        0     1                 
80200ab8 80200ab8        0     1                 
80200ad0 80200ad0        0     1                 
80200ae2 80200ae2        0     1                 
80200ae2 80200ae2        0     1                 
80200af4 80200af4        0     1                 
80200af4 80200af4        0     1                 
80200afa 80200afa        0     1                 
80200afa 80200afa        0     1                 
80200afa 80200afa        0     1                 
80200afa 80200afa        0     1                 
80200afa 80200afa        0     1                 
80200afa 80200afa       d8     1                 test_strcmp
80200afc 80200afc        0     1                 
80200afc 80200afc        0     1                 
80200b02 80200b02        0     1                 
80200b12 80200b12        0     1                 
80200b12 80200b12        0     1                 
80200b26 80200b26        0     1                 
80200b28 80200b28        0     1                 
80200b38 80200b38        0     1                 
80200b38 80200b38        0     1                 
80200b4c 80200b4c        0     1                 
80200b4e 80200b4e        0     1                 
80200b5e 80200b5e        0     1                 
80200b5e 80200b5e        0     1                 
80200b70 80200b70        0     1                 
80200b72 80200b72        0     1                 
80200b82 80200b82        0     1                 
80200b82 80200b82        0     1                 
80200b96 80200b96        0     1                 
80200b98 80200b98        0     1                 
80200ba8 80200ba8        0     1                 
80200ba8 80200ba8        0     1                 
80200bb4 80200bb4        0     1                 
80200bb4 80200bb4        0     1                 
80200bbc 80200bbc        0     1                 
80200bbe 80200bbe        0     1                 
80200bca 80200bca        0     1                 
80200bd2 80200bd2        0     1                 
80200bd2 80200bd2        0     1                 
80200bd4 80200bd4      3c8     4 .rodata
80200bd4 80200bd4      3c8     1         <internal>:(.rodata)
80200f9c 80200f9c        4     4 .sdata
80200f9c 80200f9c        4     4         /tmp/kernel-f6aaa4.o:(.sdata)
80200f9c 80200f9c        4     1                 alloc_pages.next_paddr
80200fa0 80200fa0        0     4 .bss
80200fa0 80200fa0        0     1         __bss = .
80200fa0 80200fa0        0     1         __bss_end = .
80200fa0 80200fa0        0     1 . = ALIGN ( 4 )
80200fa0 80200fa0    20000     1 . += 128 * 1024
80220fa0 80220fa0        0     1 __stack_top = .
80220fa0 80220fa0       60     1 . = ALIGN ( 4096 )
80221000 80221000        0     1 __free_ram = .
80221000 80221000  4000000     1 . += 64 * 1024 * 1024
84221000 84221000        0     1 __free_ram_end = .
       0        0      3cd     1 .debug_loclists
       0        0       da     1         /tmp/kernel-f6aaa4.o:(.debug_loclists)
       c        c        0     1                 
      da       da      289     1         /tmp/common-93e621.o:(.debug_loclists)
      e6       e6        0     1                 
     363      363       6a     1         /tmp/test_common-7d7e2b.o:(.debug_loclists)
     36f      36f        0     1                 
       0        0      40d     1 .debug_abbrev
       0        0      18e     1         /tmp/kernel-f6aaa4.o:(.debug_abbrev)
     18e      18e      16f     1         /tmp/common-93e621.o:(.debug_abbrev)
     2fd      2fd      110     1         /tmp/test_common-7d7e2b.o:(.debug_abbrev)
       0        0      b83     1 .debug_info
       0        0      499     1         /tmp/kernel-f6aaa4.o:(.debug_info)
     499      499      28b     1         /tmp/common-93e621.o:(.debug_info)
     724      724      45f     1         /tmp/test_common-7d7e2b.o:(.debug_info)
       0        0       60     1 .debug_rnglists
       0        0       18     1         /tmp/kernel-f6aaa4.o:(.debug_rnglists)
       c        c        0     1                 
      18       18       48     1         /tmp/common-93e621.o:(.debug_rnglists)
      24       24        0     1                 
       0        0      248     1 .debug_str_offsets
       0        0      12c     1         /tmp/kernel-f6aaa4.o:(.debug_str_offsets)
       8        8        0     1                 
     12c      12c       a4     1         /tmp/common-93e621.o:(.debug_str_offsets)
     134      134        0     1                 
     1d0      1d0       78     1         /tmp/test_common-7d7e2b.o:(.debug_str_offsets)
     1d8      1d8        0     1                 
       0        0      2ec     1 .debug_str
       0        0      2ec     1         <internal>:(.debug_str)
       0        0      21c     1 .debug_addr
       0        0       64     1         /tmp/kernel-f6aaa4.o:(.debug_addr)
       8        8        0     1                 
      64       64       60     1         /tmp/common-93e621.o:(.debug_addr)
      6c       6c        0     1                 
      c4       c4      158     1         /tmp/test_common-7d7e2b.o:(.debug_addr)
      cc       cc        0     1                 
       0        0       42     1 .comment
       0        0       42     1         <internal>:(.comment)
       0        0       2b     1 .riscv.attributes
       0        0       2b     1         /tmp/kernel-f6aaa4.o:(.riscv.attributes)
       0        0      1d4     4 .debug_frame
       0        0       a4     4         /tmp/kernel-f6aaa4.o:(.debug_frame)
       0        0        0     1                 
      a4       a4       84     4         /tmp/common-93e621.o:(.debug_frame)
      a4       a4        0     1                 
     128      128       ac     4         /tmp/test_common-7d7e2b.o:(.debug_frame)
     128      128        0     1                 
       0        0      a24     1 .debug_line
       0        0      1e6     1         /tmp/kernel-f6aaa4.o:(.debug_line)
       0        0        0     1                 .Lline_table_start0
     1e6      1e6      450     1         /tmp/common-93e621.o:(.debug_line)
     1e6      1e6        0     1                 .Lline_table_start0
     636      636      3ee     1         /tmp/test_common-7d7e2b.o:(.debug_line)
     636      636        0     1                 .Lline_table_start0
       0        0       58     1 .debug_line_str
       0        0       58     1         <internal>:(.debug_line_str)
       0        0     2a60     4 .symtab
       0        0     2a60     4         <internal>:(.symtab)
       0        0       dd     1 .shstrtab
       0        0       dd     1         <internal>:(.shstrtab)
       0        0      15c     1 .strtab
       0        0      15c     1         <internal>:(.strtab)
