     VMA      LMA     Size Align Out     In      Symbol
       0        0 80200000     1 . = 0x80200000
80200000 80200000      9ee     4 .text
80200000 80200000        e     2         /tmp/kernel-f47514.o:(.text.boot)
80200000 80200000        0     1                 
80200000 80200000        0     1                 
80200000 80200000        0     1                 
80200000 80200000        0     1                 
80200000 80200000        e     1                 boot
8020000e 8020000e        0     1                 
8020000e 8020000e        0     1                 
80200010 80200010       4c     4         /tmp/kernel-f47514.o:(.text)
80200010 80200010        0     1                 
80200010 80200010        0     1                 
80200010 80200010        0     1                 
80200010 80200010        0     1                 
80200010 80200010        6     1                 sbi_call
80200014 80200014        0     1                 
80200016 80200016        0     1                 
80200016 80200016        0     1                 
80200016 80200016        0     1                 
80200016 80200016        0     1                 
80200016 80200016        0     1                 
80200016 80200016        0     1                 
80200016 80200016       14     1                 putchar
80200028 80200028        0     1                 
80200028 80200028        0     1                 
8020002a 8020002a        0     1                 
8020002a 8020002a        0     1                 
8020002a 8020002a        0     1                 
8020002a 8020002a        0     1                 
8020002a 8020002a        0     1                 
8020002a 8020002a       32     1                 kernel_main
8020002c 8020002c        0     1                 
8020002c 8020002c        0     1                 
8020002e 8020002e        0     1                 
8020002e 8020002e        0     1                 
8020004e 8020004e        0     1                 
8020004e 8020004e        0     1                 
80200056 80200056        0     1                 
8020005a 8020005a        0     1                 
8020005c 8020005c        0     1                 
8020005c 8020005c        0     1                 
8020005c 8020005c      2d4     4         /tmp/common-bbd176.o:(.text)
8020005c 8020005c        0     1                 
8020005c 8020005c        0     1                 
8020005c 8020005c        0     1                 
8020005c 8020005c      24a     1                 printf
8020005e 8020005e        0     1                 
80200078 80200078        0     1                 
8020008a 8020008a        0     1                 
802000b6 802000b6        0     1                 
802000ba 802000ba        0     1                 
802000c2 802000c2        0     1                 
802000ca 802000ca        0     1                 
802000ca 802000ca        0     1                 
802000cc 802000cc        0     1                 
802000d0 802000d0        0     1                 
802000d4 802000d4        0     1                 
802000d8 802000d8        0     1                 
802000da 802000da        0     1                 
802000e6 802000e6        0     1                 
802000e6 802000e6        0     1                 
802000f0 802000f0        0     1                 
802000f0 802000f0        0     1                 
802000f4 802000f4        0     1                 
802000fa 802000fa        0     1                 
80200106 80200106        0     1                 
80200106 80200106        0     1                 
8020010a 8020010a        0     1                 
80200110 80200110        0     1                 
80200110 80200110        0     1                 
80200114 80200114        0     1                 
80200114 80200114        0     1                 
8020011e 8020011e        0     1                 
8020011e 8020011e        0     1                 
80200122 80200122        0     1                 
80200126 80200126        0     1                 
80200132 80200132        0     1                 
80200132 80200132        0     1                 
80200136 80200136        0     1                 
8020013a 8020013a        0     1                 
8020013e 8020013e        0     1                 
8020014a 8020014a        0     1                 
8020014e 8020014e        0     1                 
80200150 80200150        0     1                 
80200154 80200154        0     1                 
80200156 80200156        0     1                 
8020015a 8020015a        0     1                 
8020015e 8020015e        0     1                 
8020016a 8020016a        0     1                 
8020016a 8020016a        0     1                 
80200170 80200170        0     1                 
8020017e 8020017e        0     1                 
80200182 80200182        0     1                 
80200182 80200182        0     1                 
80200188 80200188        0     1                 
80200192 80200192        0     1                 
80200196 80200196        0     1                 
8020019a 8020019a        0     1                 
802001a0 802001a0        0     1                 
802001a6 802001a6        0     1                 
802001a8 802001a8        0     1                 
802001b4 802001b4        0     1                 
802001b4 802001b4        0     1                 
802001ba 802001ba        0     1                 
802001c6 802001c6        0     1                 
802001c6 802001c6        0     1                 
802001ca 802001ca        0     1                 
802001cc 802001cc        0     1                 
802001d0 802001d0        0     1                 
802001e2 802001e2        0     1                 
802001e2 802001e2        0     1                 
802001e6 802001e6        0     1                 
802001e8 802001e8        0     1                 
802001ec 802001ec        0     1                 
802001fe 802001fe        0     1                 
802001fe 802001fe        0     1                 
80200202 80200202        0     1                 
80200204 80200204        0     1                 
80200208 80200208        0     1                 
8020021a 8020021a        0     1                 
8020021a 8020021a        0     1                 
8020021e 8020021e        0     1                 
80200220 80200220        0     1                 
80200224 80200224        0     1                 
80200236 80200236        0     1                 
80200236 80200236        0     1                 
8020023a 8020023a        0     1                 
8020023c 8020023c        0     1                 
80200240 80200240        0     1                 
80200252 80200252        0     1                 
80200252 80200252        0     1                 
80200256 80200256        0     1                 
80200258 80200258        0     1                 
8020025c 8020025c        0     1                 
8020026e 8020026e        0     1                 
8020026e 8020026e        0     1                 
80200272 80200272        0     1                 
80200276 80200276        0     1                 
80200288 80200288        0     1                 
80200288 80200288        0     1                 
802002a6 802002a6        0     1                 
802002a6 802002a6        0     1                 
802002a6 802002a6        0     1                 
802002a6 802002a6        0     1                 
802002a6 802002a6        0     1                 
802002a6 802002a6        0     1                 
802002a6 802002a6       1a     1                 memcpy
802002a8 802002a8        0     1                 
802002aa 802002aa        0     1                 
802002ae 802002ae        0     1                 
802002b0 802002b0        0     1                 
802002b2 802002b2        0     1                 
802002b6 802002b6        0     1                 
802002ba 802002ba        0     1                 
802002bc 802002bc        0     1                 
802002be 802002be        0     1                 
802002c0 802002c0        0     1                 
802002c0 802002c0        0     1                 
802002c0 802002c0        0     1                 
802002c0 802002c0        0     1                 
802002c0 802002c0        0     1                 
802002c0 802002c0        0     1                 
802002c0 802002c0       14     1                 memset
802002c2 802002c2        0     1                 
802002c4 802002c4        0     1                 
802002c6 802002c6        0     1                 
802002ca 802002ca        0     1                 
802002ce 802002ce        0     1                 
802002d0 802002d0        0     1                 
802002d2 802002d2        0     1                 
802002d4 802002d4        0     1                 
802002d4 802002d4        0     1                 
802002d4 802002d4        0     1                 
802002d4 802002d4        0     1                 
802002d4 802002d4        0     1                 
802002d4 802002d4        0     1                 
802002d4 802002d4       24     1                 strcpy
802002da 802002da        0     1                 
802002de 802002de        0     1                 
802002e0 802002e0        0     1                 
802002e4 802002e4        0     1                 
802002e8 802002e8        0     1                 
802002ec 802002ec        0     1                 
802002ee 802002ee        0     1                 
802002f0 802002f0        0     1                 
802002f2 802002f2        0     1                 
802002f6 802002f6        0     1                 
802002f8 802002f8        0     1                 
802002f8 802002f8        0     1                 
802002f8 802002f8        0     1                 
802002f8 802002f8        0     1                 
802002f8 802002f8        0     1                 
802002f8 802002f8        0     1                 
802002f8 802002f8       38     1                 strcmp
802002fc 802002fc        0     1                 
802002fe 802002fe        0     1                 
80200300 80200300        0     1                 
80200304 80200304        0     1                 
80200312 80200312        0     1                 
80200316 80200316        0     1                 
8020031a 8020031a        0     1                 
8020031c 8020031c        0     1                 
80200320 80200320        0     1                 
80200322 80200322        0     1                 
80200326 80200326        0     1                 
8020032a 8020032a        0     1                 
8020032e 8020032e        0     1                 
80200330 80200330        0     1                 
80200330 80200330        0     1                 
80200330 80200330      6be     4         /tmp/test_common-79e108.o:(.text)
80200330 80200330        0     1                 
80200330 80200330        0     1                 
80200330 80200330        0     1                 
80200330 80200330      206     1                 test_common
80200332 80200332        0     1                 
80200332 80200332        0     1                 
8020033a 8020033a        0     1                 
80200342 80200342        0     1                 
80200342 80200342        0     1                 
80200352 80200352        0     1                 
80200352 80200352        0     1                 
80200356 80200356        0     1                 
80200364 80200364        0     1                 
80200374 80200374        0     1                 
80200374 80200374        0     1                 
8020038a 8020038a        0     1                 
8020038a 8020038a        0     1                 
80200392 80200392        0     1                 
8020039c 8020039c        0     1                 
8020039e 8020039e        0     1                 
802003ac 802003ac        0     1                 
802003ac 802003ac        0     1                 
802003be 802003be        0     1                 
802003be 802003be        0     1                 
802003d6 802003d6        0     1                 
802003da 802003da        0     1                 
802003e6 802003e6        0     1                 
802003e6 802003e6        0     1                 
802003f8 802003f8        0     1                 
802003f8 802003f8        0     1                 
80200408 80200408        0     1                 
80200408 80200408        0     1                 
8020041a 8020041a        0     1                 
8020041a 8020041a        0     1                 
8020041e 8020041e        0     1                 
80200432 80200432        0     1                 
80200432 80200432        0     1                 
80200442 80200442        0     1                 
80200442 80200442        0     1                 
80200446 80200446        0     1                 
8020044a 8020044a        0     1                 
8020044e 8020044e        0     1                 
8020045e 8020045e        0     1                 
8020045e 8020045e        0     1                 
8020046c 8020046c        0     1                 
8020047c 8020047c        0     1                 
8020047c 8020047c        0     1                 
8020048e 8020048e        0     1                 
8020048e 8020048e        0     1                 
8020049e 8020049e        0     1                 
8020049e 8020049e        0     1                 
802004a4 802004a4        0     1                 
802004b2 802004b2        0     1                 
802004b2 802004b2        0     1                 
802004c0 802004c0        0     1                 
802004c0 802004c0        0     1                 
802004c4 802004c4        0     1                 
802004d2 802004d2        0     1                 
802004d2 802004d2        0     1                 
802004e6 802004e6        0     1                 
802004e6 802004e6        0     1                 
802004fe 802004fe        0     1                 
80200510 80200510        0     1                 
80200510 80200510        0     1                 
80200522 80200522        0     1                 
80200522 80200522        0     1                 
8020052a 8020052a        0     1                 
8020052a 8020052a        0     1                 
80200536 80200536        0     1                 
80200536 80200536        0     1                 
80200536 80200536        0     1                 
80200536 80200536        0     1                 
80200536 80200536        0     1                 
80200536 80200536      1d0     1                 test_printf
80200538 80200538        0     1                 
80200538 80200538        0     1                 
8020053a 8020053a        0     1                 
8020054a 8020054a        0     1                 
8020054a 8020054a        0     1                 
8020055a 8020055a        0     1                 
8020055a 8020055a        0     1                 
80200572 80200572        0     1                 
80200572 80200572        0     1                 
8020058a 8020058a        0     1                 
8020058a 8020058a        0     1                 
8020059c 8020059c        0     1                 
8020059c 8020059c        0     1                 
802005b0 802005b0        0     1                 
802005b0 802005b0        0     1                 
802005c4 802005c4        0     1                 
802005c4 802005c4        0     1                 
802005d6 802005d6        0     1                 
802005d6 802005d6        0     1                 
802005e8 802005e8        0     1                 
802005e8 802005e8        0     1                 
802005fc 802005fc        0     1                 
802005fc 802005fc        0     1                 
80200610 80200610        0     1                 
80200610 80200610        0     1                 
80200624 80200624        0     1                 
80200624 80200624        0     1                 
80200636 80200636        0     1                 
80200636 80200636        0     1                 
80200648 80200648        0     1                 
80200648 80200648        0     1                 
80200660 80200660        0     1                 
80200660 80200660        0     1                 
80200672 80200672        0     1                 
80200672 80200672        0     1                 
80200692 80200692        0     1                 
80200692 80200692        0     1                 
802006b2 802006b2        0     1                 
802006b2 802006b2        0     1                 
802006c2 802006c2        0     1                 
802006c2 802006c2        0     1                 
802006d2 802006d2        0     1                 
802006d2 802006d2        0     1                 
802006e2 802006e2        0     1                 
802006e2 802006e2        0     1                 
802006f2 802006f2        0     1                 
802006f2 802006f2        0     1                 
802006fe 802006fe        0     1                 
80200706 80200706        0     1                 
80200706 80200706        0     1                 
80200706 80200706        0     1                 
80200706 80200706        0     1                 
80200706 80200706        0     1                 
80200706 80200706       be     1                 test_memcpy
80200708 80200708        0     1                 
80200708 80200708        0     1                 
8020070a 8020070a        0     1                 
8020071a 8020071a        0     1                 
8020071a 8020071a        0     1                 
8020071e 8020071e        0     1                 
8020072c 8020072c        0     1                 
8020073c 8020073c        0     1                 
8020073c 8020073c        0     1                 
80200750 80200750        0     1                 
80200750 80200750        0     1                 
80200758 80200758        0     1                 
80200762 80200762        0     1                 
80200764 80200764        0     1                 
80200772 80200772        0     1                 
80200772 80200772        0     1                 
80200784 80200784        0     1                 
80200784 80200784        0     1                 
8020079c 8020079c        0     1                 
802007a0 802007a0        0     1                 
802007ac 802007ac        0     1                 
802007ac 802007ac        0     1                 
802007be 802007be        0     1                 
802007be 802007be        0     1                 
802007c4 802007c4        0     1                 
802007c4 802007c4        0     1                 
802007c4 802007c4        0     1                 
802007c4 802007c4        0     1                 
802007c4 802007c4        0     1                 
802007c4 802007c4       a0     1                 test_memset
802007c6 802007c6        0     1                 
802007c6 802007c6        0     1                 
802007c8 802007c8        0     1                 
802007d8 802007d8        0     1                 
802007d8 802007d8        0     1                 
802007ea 802007ea        0     1                 
802007ea 802007ea        0     1                 
802007ee 802007ee        0     1                 
80200802 80200802        0     1                 
80200802 80200802        0     1                 
80200812 80200812        0     1                 
80200812 80200812        0     1                 
80200816 80200816        0     1                 
8020081a 8020081a        0     1                 
8020081e 8020081e        0     1                 
8020082e 8020082e        0     1                 
8020082e 8020082e        0     1                 
8020083c 8020083c        0     1                 
8020084c 8020084c        0     1                 
8020084c 8020084c        0     1                 
8020085e 8020085e        0     1                 
8020085e 8020085e        0     1                 
80200864 80200864        0     1                 
80200864 80200864        0     1                 
80200864 80200864        0     1                 
80200864 80200864        0     1                 
80200864 80200864        0     1                 
80200864 80200864       b2     1                 test_strcpy
80200866 80200866        0     1                 
80200866 80200866        0     1                 
80200868 80200868        0     1                 
80200878 80200878        0     1                 
80200878 80200878        0     1                 
8020087c 8020087c        0     1                 
8020088a 8020088a        0     1                 
80200898 80200898        0     1                 
80200898 80200898        0     1                 
802008ac 802008ac        0     1                 
802008ac 802008ac        0     1                 
802008b0 802008b0        0     1                 
802008c0 802008c0        0     1                 
802008c0 802008c0        0     1                 
802008d4 802008d4        0     1                 
802008d4 802008d4        0     1                 
802008ec 802008ec        0     1                 
802008fe 802008fe        0     1                 
802008fe 802008fe        0     1                 
80200910 80200910        0     1                 
80200910 80200910        0     1                 
80200916 80200916        0     1                 
80200916 80200916        0     1                 
80200916 80200916        0     1                 
80200916 80200916        0     1                 
80200916 80200916        0     1                 
80200916 80200916       d8     1                 test_strcmp
80200918 80200918        0     1                 
80200918 80200918        0     1                 
8020091e 8020091e        0     1                 
8020092e 8020092e        0     1                 
8020092e 8020092e        0     1                 
80200942 80200942        0     1                 
80200944 80200944        0     1                 
80200954 80200954        0     1                 
80200954 80200954        0     1                 
80200968 80200968        0     1                 
8020096a 8020096a        0     1                 
8020097a 8020097a        0     1                 
8020097a 8020097a        0     1                 
8020098c 8020098c        0     1                 
8020098e 8020098e        0     1                 
8020099e 8020099e        0     1                 
8020099e 8020099e        0     1                 
802009b2 802009b2        0     1                 
802009b4 802009b4        0     1                 
802009c4 802009c4        0     1                 
802009c4 802009c4        0     1                 
802009d0 802009d0        0     1                 
802009d0 802009d0        0     1                 
802009d8 802009d8        0     1                 
802009da 802009da        0     1                 
802009e6 802009e6        0     1                 
802009ee 802009ee        0     1                 
802009ee 802009ee        0     1                 
802009f0 802009f0      354     4 .rodata
802009f0 802009f0      354     1         <internal>:(.rodata)
80200d44 80200d44        0     4 .bss
80200d44 80200d44        0     1         __bss = .
80200d44 80200d44        0     1         __bss_end = .
80200d44 80200d44        0     1 . = ALIGN ( 4 )
80200d44 80200d44    20000     1 . += 128 * 1024
80220d44 80220d44        0     1 __stack_top = .
       0        0      339     1 .debug_loclists
       0        0       46     1         /tmp/kernel-f47514.o:(.debug_loclists)
       c        c        0     1                 
      46       46      289     1         /tmp/common-bbd176.o:(.debug_loclists)
      52       52        0     1                 
     2cf      2cf       6a     1         /tmp/test_common-79e108.o:(.debug_loclists)
     2db      2db        0     1                 
       0        0      3e5     1 .debug_abbrev
       0        0      166     1         /tmp/kernel-f47514.o:(.debug_abbrev)
     166      166      16f     1         /tmp/common-bbd176.o:(.debug_abbrev)
     2d5      2d5      110     1         /tmp/test_common-79e108.o:(.debug_abbrev)
       0        0      91b     1 .debug_info
       0        0      231     1         /tmp/kernel-f47514.o:(.debug_info)
     231      231      28b     1         /tmp/common-bbd176.o:(.debug_info)
     4bc      4bc      45f     1         /tmp/test_common-79e108.o:(.debug_info)
       0        0       5f     1 .debug_rnglists
       0        0       17     1         /tmp/kernel-f47514.o:(.debug_rnglists)
       c        c        0     1                 
      17       17       48     1         /tmp/common-bbd176.o:(.debug_rnglists)
      23       23        0     1                 
       0        0      1b0     1 .debug_str_offsets
       0        0       94     1         /tmp/kernel-f47514.o:(.debug_str_offsets)
       8        8        0     1                 
      94       94       a4     1         /tmp/common-bbd176.o:(.debug_str_offsets)
      9c       9c        0     1                 
     138      138       78     1         /tmp/test_common-79e108.o:(.debug_str_offsets)
     140      140        0     1                 
       0        0      229     1 .debug_str
       0        0      229     1         <internal>:(.debug_str)
       0        0      1d4     1 .debug_addr
       0        0       1c     1         /tmp/kernel-f47514.o:(.debug_addr)
       8        8        0     1                 
      1c       1c       60     1         /tmp/common-bbd176.o:(.debug_addr)
      24       24        0     1                 
      7c       7c      158     1         /tmp/test_common-79e108.o:(.debug_addr)
      84       84        0     1                 
       0        0       42     1 .comment
       0        0       42     1         <internal>:(.comment)
       0        0       2b     1 .riscv.attributes
       0        0       2b     1         /tmp/kernel-f47514.o:(.riscv.attributes)
       0        0      18c     4 .debug_frame
       0        0       5c     4         /tmp/kernel-f47514.o:(.debug_frame)
       0        0        0     1                 
      5c       5c       84     4         /tmp/common-bbd176.o:(.debug_frame)
      5c       5c        0     1                 
      e0       e0       ac     4         /tmp/test_common-79e108.o:(.debug_frame)
      e0       e0        0     1                 
       0        0      934     1 .debug_line
       0        0       f6     1         /tmp/kernel-f47514.o:(.debug_line)
       0        0        0     1                 .Lline_table_start0
      f6       f6      450     1         /tmp/common-bbd176.o:(.debug_line)
      f6       f6        0     1                 .Lline_table_start0
     546      546      3ee     1         /tmp/test_common-79e108.o:(.debug_line)
     546      546        0     1                 .Lline_table_start0
       0        0       58     1 .debug_line_str
       0        0       58     1         <internal>:(.debug_line_str)
       0        0     23c0     4 .symtab
       0        0     23c0     4         <internal>:(.symtab)
       0        0       d6     1 .shstrtab
       0        0       d6     1         <internal>:(.shstrtab)
       0        0      106     1 .strtab
       0        0      106     1         <internal>:(.strtab)
