     VMA      LMA     Size Align Out     In      Symbol
       0        0 80200000     1 . = 0x80200000
80200000 80200000      9e6     4 .text
80200000 80200000        e     2         /tmp/kernel-9bce8f.o:(.text.boot)
80200000 80200000        0     1                 
80200000 80200000        0     1                 
80200000 80200000        0     1                 
80200000 80200000        0     1                 
80200000 80200000        e     1                 boot
8020000e 8020000e        0     1                 
8020000e 8020000e        0     1                 
80200010 80200010       44     4         /tmp/kernel-9bce8f.o:(.text)
80200010 80200010        0     1                 
80200010 80200010        0     1                 
80200010 80200010        0     1                 
80200010 80200010        0     1                 
80200010 80200010        6     1                 sbi_call
80200014 80200014        0     1                 
80200016 80200016        0     1                 
80200016 80200016        0     1                 
80200016 80200016        0     1                 
80200016 80200016        0     1                 
80200016 80200016        0     1                 
80200016 80200016        0     1                 
80200016 80200016       14     1                 putchar
80200028 80200028        0     1                 
80200028 80200028        0     1                 
8020002a 8020002a        0     1                 
8020002a 8020002a        0     1                 
8020002a 8020002a        0     1                 
8020002a 8020002a        0     1                 
8020002a 8020002a        0     1                 
8020002a 8020002a       2a     1                 kernel_main
8020002c 8020002c        0     1                 
8020002c 8020002c        0     1                 
8020002e 8020002e        0     1                 
80200036 80200036        0     1                 
80200052 80200052        0     1                 
80200054 80200054        0     1                 
80200054 80200054        0     1                 
80200054 80200054      2d4     4         /tmp/common-e57a51.o:(.text)
80200054 80200054        0     1                 
80200054 80200054        0     1                 
80200054 80200054        0     1                 
80200054 80200054      24a     1                 printf
80200056 80200056        0     1                 
80200070 80200070        0     1                 
80200082 80200082        0     1                 
802000ae 802000ae        0     1                 
802000b2 802000b2        0     1                 
802000ba 802000ba        0     1                 
802000c2 802000c2        0     1                 
802000c2 802000c2        0     1                 
802000c4 802000c4        0     1                 
802000c8 802000c8        0     1                 
802000cc 802000cc        0     1                 
802000d0 802000d0        0     1                 
802000d2 802000d2        0     1                 
802000de 802000de        0     1                 
802000de 802000de        0     1                 
802000e8 802000e8        0     1                 
802000e8 802000e8        0     1                 
802000ec 802000ec        0     1                 
802000f2 802000f2        0     1                 
802000fe 802000fe        0     1                 
802000fe 802000fe        0     1                 
80200102 80200102        0     1                 
80200108 80200108        0     1                 
80200108 80200108        0     1                 
8020010c 8020010c        0     1                 
8020010c 8020010c        0     1                 
80200116 80200116        0     1                 
80200116 80200116        0     1                 
8020011a 8020011a        0     1                 
8020011e 8020011e        0     1                 
8020012a 8020012a        0     1                 
8020012a 8020012a        0     1                 
8020012e 8020012e        0     1                 
80200132 80200132        0     1                 
80200136 80200136        0     1                 
80200142 80200142        0     1                 
80200146 80200146        0     1                 
80200148 80200148        0     1                 
8020014c 8020014c        0     1                 
8020014e 8020014e        0     1                 
80200152 80200152        0     1                 
80200156 80200156        0     1                 
80200162 80200162        0     1                 
80200162 80200162        0     1                 
80200168 80200168        0     1                 
80200176 80200176        0     1                 
8020017a 8020017a        0     1                 
8020017a 8020017a        0     1                 
80200180 80200180        0     1                 
8020018a 8020018a        0     1                 
8020018e 8020018e        0     1                 
80200192 80200192        0     1                 
80200198 80200198        0     1                 
8020019e 8020019e        0     1                 
802001a0 802001a0        0     1                 
802001ac 802001ac        0     1                 
802001ac 802001ac        0     1                 
802001b2 802001b2        0     1                 
802001be 802001be        0     1                 
802001be 802001be        0     1                 
802001c2 802001c2        0     1                 
802001c4 802001c4        0     1                 
802001c8 802001c8        0     1                 
802001da 802001da        0     1                 
802001da 802001da        0     1                 
802001de 802001de        0     1                 
802001e0 802001e0        0     1                 
802001e4 802001e4        0     1                 
802001f6 802001f6        0     1                 
802001f6 802001f6        0     1                 
802001fa 802001fa        0     1                 
802001fc 802001fc        0     1                 
80200200 80200200        0     1                 
80200212 80200212        0     1                 
80200212 80200212        0     1                 
80200216 80200216        0     1                 
80200218 80200218        0     1                 
8020021c 8020021c        0     1                 
8020022e 8020022e        0     1                 
8020022e 8020022e        0     1                 
80200232 80200232        0     1                 
80200234 80200234        0     1                 
80200238 80200238        0     1                 
8020024a 8020024a        0     1                 
8020024a 8020024a        0     1                 
8020024e 8020024e        0     1                 
80200250 80200250        0     1                 
80200254 80200254        0     1                 
80200266 80200266        0     1                 
80200266 80200266        0     1                 
8020026a 8020026a        0     1                 
8020026e 8020026e        0     1                 
80200280 80200280        0     1                 
80200280 80200280        0     1                 
8020029e 8020029e        0     1                 
8020029e 8020029e        0     1                 
8020029e 8020029e        0     1                 
8020029e 8020029e        0     1                 
8020029e 8020029e        0     1                 
8020029e 8020029e        0     1                 
8020029e 8020029e       1a     1                 memcpy
802002a0 802002a0        0     1                 
802002a2 802002a2        0     1                 
802002a6 802002a6        0     1                 
802002a8 802002a8        0     1                 
802002aa 802002aa        0     1                 
802002ae 802002ae        0     1                 
802002b2 802002b2        0     1                 
802002b4 802002b4        0     1                 
802002b6 802002b6        0     1                 
802002b8 802002b8        0     1                 
802002b8 802002b8        0     1                 
802002b8 802002b8        0     1                 
802002b8 802002b8        0     1                 
802002b8 802002b8        0     1                 
802002b8 802002b8        0     1                 
802002b8 802002b8       14     1                 memset
802002ba 802002ba        0     1                 
802002bc 802002bc        0     1                 
802002be 802002be        0     1                 
802002c2 802002c2        0     1                 
802002c6 802002c6        0     1                 
802002c8 802002c8        0     1                 
802002ca 802002ca        0     1                 
802002cc 802002cc        0     1                 
802002cc 802002cc        0     1                 
802002cc 802002cc        0     1                 
802002cc 802002cc        0     1                 
802002cc 802002cc        0     1                 
802002cc 802002cc        0     1                 
802002cc 802002cc       24     1                 strcpy
802002d2 802002d2        0     1                 
802002d6 802002d6        0     1                 
802002d8 802002d8        0     1                 
802002dc 802002dc        0     1                 
802002e0 802002e0        0     1                 
802002e4 802002e4        0     1                 
802002e6 802002e6        0     1                 
802002e8 802002e8        0     1                 
802002ea 802002ea        0     1                 
802002ee 802002ee        0     1                 
802002f0 802002f0        0     1                 
802002f0 802002f0        0     1                 
802002f0 802002f0        0     1                 
802002f0 802002f0        0     1                 
802002f0 802002f0        0     1                 
802002f0 802002f0        0     1                 
802002f0 802002f0       38     1                 strcmp
802002f4 802002f4        0     1                 
802002f6 802002f6        0     1                 
802002f8 802002f8        0     1                 
802002fc 802002fc        0     1                 
8020030a 8020030a        0     1                 
8020030e 8020030e        0     1                 
80200312 80200312        0     1                 
80200314 80200314        0     1                 
80200318 80200318        0     1                 
8020031a 8020031a        0     1                 
8020031e 8020031e        0     1                 
80200322 80200322        0     1                 
80200326 80200326        0     1                 
80200328 80200328        0     1                 
80200328 80200328        0     1                 
80200328 80200328      6be     4         /tmp/test_common-e3a106.o:(.text)
80200328 80200328        0     1                 
80200328 80200328        0     1                 
80200328 80200328        0     1                 
80200328 80200328      206     1                 test_common
8020032a 8020032a        0     1                 
8020032a 8020032a        0     1                 
80200332 80200332        0     1                 
8020033a 8020033a        0     1                 
8020033a 8020033a        0     1                 
8020034a 8020034a        0     1                 
8020034a 8020034a        0     1                 
8020034e 8020034e        0     1                 
8020035c 8020035c        0     1                 
8020036c 8020036c        0     1                 
8020036c 8020036c        0     1                 
80200382 80200382        0     1                 
80200382 80200382        0     1                 
8020038a 8020038a        0     1                 
80200394 80200394        0     1                 
80200396 80200396        0     1                 
802003a4 802003a4        0     1                 
802003a4 802003a4        0     1                 
802003b6 802003b6        0     1                 
802003b6 802003b6        0     1                 
802003ce 802003ce        0     1                 
802003d2 802003d2        0     1                 
802003de 802003de        0     1                 
802003de 802003de        0     1                 
802003f0 802003f0        0     1                 
802003f0 802003f0        0     1                 
80200400 80200400        0     1                 
80200400 80200400        0     1                 
80200412 80200412        0     1                 
80200412 80200412        0     1                 
80200416 80200416        0     1                 
8020042a 8020042a        0     1                 
8020042a 8020042a        0     1                 
8020043a 8020043a        0     1                 
8020043a 8020043a        0     1                 
8020043e 8020043e        0     1                 
80200442 80200442        0     1                 
80200446 80200446        0     1                 
80200456 80200456        0     1                 
80200456 80200456        0     1                 
80200464 80200464        0     1                 
80200474 80200474        0     1                 
80200474 80200474        0     1                 
80200486 80200486        0     1                 
80200486 80200486        0     1                 
80200496 80200496        0     1                 
80200496 80200496        0     1                 
8020049c 8020049c        0     1                 
802004aa 802004aa        0     1                 
802004aa 802004aa        0     1                 
802004b8 802004b8        0     1                 
802004b8 802004b8        0     1                 
802004bc 802004bc        0     1                 
802004ca 802004ca        0     1                 
802004ca 802004ca        0     1                 
802004de 802004de        0     1                 
802004de 802004de        0     1                 
802004f6 802004f6        0     1                 
80200508 80200508        0     1                 
80200508 80200508        0     1                 
8020051a 8020051a        0     1                 
8020051a 8020051a        0     1                 
80200522 80200522        0     1                 
80200522 80200522        0     1                 
8020052e 8020052e        0     1                 
8020052e 8020052e        0     1                 
8020052e 8020052e        0     1                 
8020052e 8020052e        0     1                 
8020052e 8020052e        0     1                 
8020052e 8020052e      1d0     1                 test_printf
80200530 80200530        0     1                 
80200530 80200530        0     1                 
80200532 80200532        0     1                 
80200542 80200542        0     1                 
80200542 80200542        0     1                 
80200552 80200552        0     1                 
80200552 80200552        0     1                 
8020056a 8020056a        0     1                 
8020056a 8020056a        0     1                 
80200582 80200582        0     1                 
80200582 80200582        0     1                 
80200594 80200594        0     1                 
80200594 80200594        0     1                 
802005a8 802005a8        0     1                 
802005a8 802005a8        0     1                 
802005bc 802005bc        0     1                 
802005bc 802005bc        0     1                 
802005ce 802005ce        0     1                 
802005ce 802005ce        0     1                 
802005e0 802005e0        0     1                 
802005e0 802005e0        0     1                 
802005f4 802005f4        0     1                 
802005f4 802005f4        0     1                 
80200608 80200608        0     1                 
80200608 80200608        0     1                 
8020061c 8020061c        0     1                 
8020061c 8020061c        0     1                 
8020062e 8020062e        0     1                 
8020062e 8020062e        0     1                 
80200640 80200640        0     1                 
80200640 80200640        0     1                 
80200658 80200658        0     1                 
80200658 80200658        0     1                 
8020066a 8020066a        0     1                 
8020066a 8020066a        0     1                 
8020068a 8020068a        0     1                 
8020068a 8020068a        0     1                 
802006aa 802006aa        0     1                 
802006aa 802006aa        0     1                 
802006ba 802006ba        0     1                 
802006ba 802006ba        0     1                 
802006ca 802006ca        0     1                 
802006ca 802006ca        0     1                 
802006da 802006da        0     1                 
802006da 802006da        0     1                 
802006ea 802006ea        0     1                 
802006ea 802006ea        0     1                 
802006f6 802006f6        0     1                 
802006fe 802006fe        0     1                 
802006fe 802006fe        0     1                 
802006fe 802006fe        0     1                 
802006fe 802006fe        0     1                 
802006fe 802006fe        0     1                 
802006fe 802006fe       be     1                 test_memcpy
80200700 80200700        0     1                 
80200700 80200700        0     1                 
80200702 80200702        0     1                 
80200712 80200712        0     1                 
80200712 80200712        0     1                 
80200716 80200716        0     1                 
80200724 80200724        0     1                 
80200734 80200734        0     1                 
80200734 80200734        0     1                 
80200748 80200748        0     1                 
80200748 80200748        0     1                 
80200750 80200750        0     1                 
8020075a 8020075a        0     1                 
8020075c 8020075c        0     1                 
8020076a 8020076a        0     1                 
8020076a 8020076a        0     1                 
8020077c 8020077c        0     1                 
8020077c 8020077c        0     1                 
80200794 80200794        0     1                 
80200798 80200798        0     1                 
802007a4 802007a4        0     1                 
802007a4 802007a4        0     1                 
802007b6 802007b6        0     1                 
802007b6 802007b6        0     1                 
802007bc 802007bc        0     1                 
802007bc 802007bc        0     1                 
802007bc 802007bc        0     1                 
802007bc 802007bc        0     1                 
802007bc 802007bc        0     1                 
802007bc 802007bc       a0     1                 test_memset
802007be 802007be        0     1                 
802007be 802007be        0     1                 
802007c0 802007c0        0     1                 
802007d0 802007d0        0     1                 
802007d0 802007d0        0     1                 
802007e2 802007e2        0     1                 
802007e2 802007e2        0     1                 
802007e6 802007e6        0     1                 
802007fa 802007fa        0     1                 
802007fa 802007fa        0     1                 
8020080a 8020080a        0     1                 
8020080a 8020080a        0     1                 
8020080e 8020080e        0     1                 
80200812 80200812        0     1                 
80200816 80200816        0     1                 
80200826 80200826        0     1                 
80200826 80200826        0     1                 
80200834 80200834        0     1                 
80200844 80200844        0     1                 
80200844 80200844        0     1                 
80200856 80200856        0     1                 
80200856 80200856        0     1                 
8020085c 8020085c        0     1                 
8020085c 8020085c        0     1                 
8020085c 8020085c        0     1                 
8020085c 8020085c        0     1                 
8020085c 8020085c        0     1                 
8020085c 8020085c       b2     1                 test_strcpy
8020085e 8020085e        0     1                 
8020085e 8020085e        0     1                 
80200860 80200860        0     1                 
80200870 80200870        0     1                 
80200870 80200870        0     1                 
80200874 80200874        0     1                 
80200882 80200882        0     1                 
80200890 80200890        0     1                 
80200890 80200890        0     1                 
802008a4 802008a4        0     1                 
802008a4 802008a4        0     1                 
802008a8 802008a8        0     1                 
802008b8 802008b8        0     1                 
802008b8 802008b8        0     1                 
802008cc 802008cc        0     1                 
802008cc 802008cc        0     1                 
802008e4 802008e4        0     1                 
802008f6 802008f6        0     1                 
802008f6 802008f6        0     1                 
80200908 80200908        0     1                 
80200908 80200908        0     1                 
8020090e 8020090e        0     1                 
8020090e 8020090e        0     1                 
8020090e 8020090e        0     1                 
8020090e 8020090e        0     1                 
8020090e 8020090e        0     1                 
8020090e 8020090e       d8     1                 test_strcmp
80200910 80200910        0     1                 
80200910 80200910        0     1                 
80200916 80200916        0     1                 
80200926 80200926        0     1                 
80200926 80200926        0     1                 
8020093a 8020093a        0     1                 
8020093c 8020093c        0     1                 
8020094c 8020094c        0     1                 
8020094c 8020094c        0     1                 
80200960 80200960        0     1                 
80200962 80200962        0     1                 
80200972 80200972        0     1                 
80200972 80200972        0     1                 
80200984 80200984        0     1                 
80200986 80200986        0     1                 
80200996 80200996        0     1                 
80200996 80200996        0     1                 
802009aa 802009aa        0     1                 
802009ac 802009ac        0     1                 
802009bc 802009bc        0     1                 
802009bc 802009bc        0     1                 
802009c8 802009c8        0     1                 
802009c8 802009c8        0     1                 
802009d0 802009d0        0     1                 
802009d2 802009d2        0     1                 
802009de 802009de        0     1                 
802009e6 802009e6        0     1                 
802009e6 802009e6        0     1                 
802009e8 802009e8      336     4 .rodata
802009e8 802009e8      336     1         <internal>:(.rodata)
80200d20 80200d20        0     4 .bss
80200d20 80200d20        0     1         __bss = .
80200d20 80200d20        0     1         __bss_end = .
80200d20 80200d20        0     1 . = ALIGN ( 4 )
80200d20 80200d20    20000     1 . += 128 * 1024
80220d20 80220d20        0     1 __stack_top = .
       0        0      32d     1 .debug_loclists
       0        0       3a     1         /tmp/kernel-9bce8f.o:(.debug_loclists)
       c        c        0     1                 
      3a       3a      289     1         /tmp/common-e57a51.o:(.debug_loclists)
      46       46        0     1                 
     2c3      2c3       6a     1         /tmp/test_common-e3a106.o:(.debug_loclists)
     2cf      2cf        0     1                 
       0        0      3b8     1 .debug_abbrev
       0        0      139     1         /tmp/kernel-9bce8f.o:(.debug_abbrev)
     139      139      16f     1         /tmp/common-e57a51.o:(.debug_abbrev)
     2a8      2a8      110     1         /tmp/test_common-e3a106.o:(.debug_abbrev)
       0        0      8f1     1 .debug_info
       0        0      207     1         /tmp/kernel-9bce8f.o:(.debug_info)
     207      207      28b     1         /tmp/common-e57a51.o:(.debug_info)
     492      492      45f     1         /tmp/test_common-e3a106.o:(.debug_info)
       0        0       5f     1 .debug_rnglists
       0        0       17     1         /tmp/kernel-9bce8f.o:(.debug_rnglists)
       c        c        0     1                 
      17       17       48     1         /tmp/common-e57a51.o:(.debug_rnglists)
      23       23        0     1                 
       0        0      19c     1 .debug_str_offsets
       0        0       80     1         /tmp/kernel-9bce8f.o:(.debug_str_offsets)
       8        8        0     1                 
      80       80       a4     1         /tmp/common-e57a51.o:(.debug_str_offsets)
      88       88        0     1                 
     124      124       78     1         /tmp/test_common-e3a106.o:(.debug_str_offsets)
     12c      12c        0     1                 
       0        0      229     1 .debug_str
       0        0      229     1         <internal>:(.debug_str)
       0        0      1d4     1 .debug_addr
       0        0       1c     1         /tmp/kernel-9bce8f.o:(.debug_addr)
       8        8        0     1                 
      1c       1c       60     1         /tmp/common-e57a51.o:(.debug_addr)
      24       24        0     1                 
      7c       7c      158     1         /tmp/test_common-e3a106.o:(.debug_addr)
      84       84        0     1                 
       0        0       42     1 .comment
       0        0       42     1         <internal>:(.comment)
       0        0       2b     1 .riscv.attributes
       0        0       2b     1         /tmp/kernel-9bce8f.o:(.riscv.attributes)
       0        0      18c     4 .debug_frame
       0        0       5c     4         /tmp/kernel-9bce8f.o:(.debug_frame)
       0        0        0     1                 
      5c       5c       84     4         /tmp/common-e57a51.o:(.debug_frame)
      5c       5c        0     1                 
      e0       e0       ac     4         /tmp/test_common-e3a106.o:(.debug_frame)
      e0       e0        0     1                 
       0        0      91d     1 .debug_line
       0        0       df     1         /tmp/kernel-9bce8f.o:(.debug_line)
       0        0        0     1                 .Lline_table_start0
      df       df      450     1         /tmp/common-e57a51.o:(.debug_line)
      df       df        0     1                 .Lline_table_start0
     52f      52f      3ee     1         /tmp/test_common-e3a106.o:(.debug_line)
     52f      52f        0     1                 .Lline_table_start0
       0        0       58     1 .debug_line_str
       0        0       58     1         <internal>:(.debug_line_str)
       0        0     2340     4 .symtab
       0        0     2340     4         <internal>:(.symtab)
       0        0       d6     1 .shstrtab
       0        0       d6     1         <internal>:(.shstrtab)
       0        0      106     1 .strtab
       0        0      106     1         <internal>:(.strtab)
