     VMA      LMA     Size Align Out     In      Symbol
       0        0 80200000     1 . = 0x80200000
80200000        0        0     1 __kernel_base = .
80200000 80200000     1390     4 .text
80200000 80200000        e     2         /tmp/kernel-bb7f0d.o:(.text.boot)
80200000 80200000        0     1                 
80200000 80200000        0     1                 
80200000 80200000        0     1                 
80200000 80200000        0     1                 
80200000 80200000        e     1                 boot
8020000e 8020000e        0     1                 
8020000e 8020000e        0     1                 
80200010 80200010      148     4         /tmp/kernel-bb7f0d.o:(.text)
80200010 80200010        0     1                 
80200010 80200010        0     1                 
80200010 80200010        0     1                 
80200010 80200010        0     1                 
80200010 80200010       9c     1                 kernel_entry
802000ac 802000ac        0     1                 
802000ac 802000ac        0     1                 
802000ac 802000ac        0     1                 
802000ac 802000ac        0     1                 
802000ac 802000ac        0     1                 
802000ac 802000ac       2e     1                 handle_trap
802000ae 802000ae        0     1                 
802000ae 802000ae        0     1                 
802000ae 802000ae        0     1                 
802000b0 802000b0        0     1                 
802000b4 802000b4        0     1                 
802000b4 802000b4        0     1                 
802000b8 802000b8        0     1                 
802000b8 802000b8        0     1                 
802000bc 802000bc        0     1                 
802000bc 802000bc        0     1                 
802000d8 802000d8        0     1                 
802000da 802000da        0     1                 
802000da 802000da        0     1                 
802000da 802000da        0     1                 
802000da 802000da        0     1                 
802000da 802000da        0     1                 
802000da 802000da        0     1                 
802000da 802000da        6     1                 sbi_call
802000de 802000de        0     1                 
802000e0 802000e0        0     1                 
802000e0 802000e0        0     1                 
802000e0 802000e0        0     1                 
802000e0 802000e0        0     1                 
802000e0 802000e0        0     1                 
802000e0 802000e0        0     1                 
802000e0 802000e0       14     1                 putchar
802000f2 802000f2        0     1                 
802000f2 802000f2        0     1                 
802000f4 802000f4        0     1                 
802000f4 802000f4        0     1                 
802000f4 802000f4        0     1                 
802000f4 802000f4        0     1                 
802000f4 802000f4        0     1                 
802000f4 802000f4       64     1                 kernel_main
802000f6 802000f6        0     1                 
802000f6 802000f6        0     1                 
802000f8 802000f8        0     1                 
80200116 80200116        0     1                 
80200116 80200116        0     1                 
80200122 80200122        0     1                 
80200122 80200122        0     1                 
8020012a 8020012a        0     1                 
8020012a 8020012a        0     1                 
80200132 80200132        0     1                 
80200132 80200132        0     1                 
8020013a 8020013a        0     1                 
8020013a 8020013a        0     1                 
80200156 80200156        0     1                 
80200158 80200158        0     1                 
80200158 80200158        0     1                 
80200158 80200158      2e4     4         /tmp/common-365b85.o:(.text)
80200158 80200158        0     1                 
80200158 80200158        0     1                 
80200158 80200158        0     1                 
80200158 80200158      24a     1                 printf
8020015a 8020015a        0     1                 
80200174 80200174        0     1                 
80200186 80200186        0     1                 
802001b2 802001b2        0     1                 
802001b6 802001b6        0     1                 
802001be 802001be        0     1                 
802001c6 802001c6        0     1                 
802001c6 802001c6        0     1                 
802001c8 802001c8        0     1                 
802001cc 802001cc        0     1                 
802001d0 802001d0        0     1                 
802001d4 802001d4        0     1                 
802001d6 802001d6        0     1                 
802001e2 802001e2        0     1                 
802001e2 802001e2        0     1                 
802001ec 802001ec        0     1                 
802001ec 802001ec        0     1                 
802001f0 802001f0        0     1                 
802001f6 802001f6        0     1                 
80200202 80200202        0     1                 
80200202 80200202        0     1                 
80200206 80200206        0     1                 
8020020c 8020020c        0     1                 
8020020c 8020020c        0     1                 
80200210 80200210        0     1                 
80200210 80200210        0     1                 
8020021a 8020021a        0     1                 
8020021a 8020021a        0     1                 
8020021e 8020021e        0     1                 
80200222 80200222        0     1                 
8020022e 8020022e        0     1                 
8020022e 8020022e        0     1                 
80200232 80200232        0     1                 
80200236 80200236        0     1                 
8020023a 8020023a        0     1                 
80200246 80200246        0     1                 
8020024a 8020024a        0     1                 
8020024c 8020024c        0     1                 
80200250 80200250        0     1                 
80200252 80200252        0     1                 
80200256 80200256        0     1                 
8020025a 8020025a        0     1                 
80200266 80200266        0     1                 
80200266 80200266        0     1                 
8020026c 8020026c        0     1                 
8020027a 8020027a        0     1                 
8020027e 8020027e        0     1                 
8020027e 8020027e        0     1                 
80200284 80200284        0     1                 
8020028e 8020028e        0     1                 
80200292 80200292        0     1                 
80200296 80200296        0     1                 
8020029c 8020029c        0     1                 
802002a2 802002a2        0     1                 
802002a4 802002a4        0     1                 
802002b0 802002b0        0     1                 
802002b0 802002b0        0     1                 
802002b6 802002b6        0     1                 
802002c2 802002c2        0     1                 
802002c2 802002c2        0     1                 
802002c6 802002c6        0     1                 
802002c8 802002c8        0     1                 
802002cc 802002cc        0     1                 
802002de 802002de        0     1                 
802002de 802002de        0     1                 
802002e2 802002e2        0     1                 
802002e4 802002e4        0     1                 
802002e8 802002e8        0     1                 
802002fa 802002fa        0     1                 
802002fa 802002fa        0     1                 
802002fe 802002fe        0     1                 
80200300 80200300        0     1                 
80200304 80200304        0     1                 
80200316 80200316        0     1                 
80200316 80200316        0     1                 
8020031a 8020031a        0     1                 
8020031c 8020031c        0     1                 
80200320 80200320        0     1                 
80200332 80200332        0     1                 
80200332 80200332        0     1                 
80200336 80200336        0     1                 
80200338 80200338        0     1                 
8020033c 8020033c        0     1                 
8020034e 8020034e        0     1                 
8020034e 8020034e        0     1                 
80200352 80200352        0     1                 
80200354 80200354        0     1                 
80200358 80200358        0     1                 
8020036a 8020036a        0     1                 
8020036a 8020036a        0     1                 
8020036e 8020036e        0     1                 
80200372 80200372        0     1                 
80200384 80200384        0     1                 
80200384 80200384        0     1                 
802003a2 802003a2        0     1                 
802003a2 802003a2        0     1                 
802003a2 802003a2        0     1                 
802003a2 802003a2        0     1                 
802003a2 802003a2        0     1                 
802003a2 802003a2        0     1                 
802003a2 802003a2       1a     1                 memcpy
802003a4 802003a4        0     1                 
802003a6 802003a6        0     1                 
802003aa 802003aa        0     1                 
802003ac 802003ac        0     1                 
802003ae 802003ae        0     1                 
802003b2 802003b2        0     1                 
802003b6 802003b6        0     1                 
802003b8 802003b8        0     1                 
802003ba 802003ba        0     1                 
802003bc 802003bc        0     1                 
802003bc 802003bc        0     1                 
802003bc 802003bc        0     1                 
802003bc 802003bc        0     1                 
802003bc 802003bc        0     1                 
802003bc 802003bc        0     1                 
802003bc 802003bc       14     1                 memset
802003be 802003be        0     1                 
802003c0 802003c0        0     1                 
802003c2 802003c2        0     1                 
802003c6 802003c6        0     1                 
802003ca 802003ca        0     1                 
802003cc 802003cc        0     1                 
802003ce 802003ce        0     1                 
802003d0 802003d0        0     1                 
802003d0 802003d0        0     1                 
802003d0 802003d0        0     1                 
802003d0 802003d0        0     1                 
802003d0 802003d0        0     1                 
802003d0 802003d0        0     1                 
802003d0 802003d0       24     1                 strcpy
802003d6 802003d6        0     1                 
802003da 802003da        0     1                 
802003dc 802003dc        0     1                 
802003e0 802003e0        0     1                 
802003e4 802003e4        0     1                 
802003e8 802003e8        0     1                 
802003ea 802003ea        0     1                 
802003ec 802003ec        0     1                 
802003ee 802003ee        0     1                 
802003f2 802003f2        0     1                 
802003f4 802003f4        0     1                 
802003f4 802003f4        0     1                 
802003f4 802003f4        0     1                 
802003f4 802003f4        0     1                 
802003f4 802003f4        0     1                 
802003f4 802003f4        0     1                 
802003f4 802003f4       38     1                 strcmp
802003f8 802003f8        0     1                 
802003fa 802003fa        0     1                 
802003fc 802003fc        0     1                 
80200400 80200400        0     1                 
8020040e 8020040e        0     1                 
80200412 80200412        0     1                 
80200416 80200416        0     1                 
80200418 80200418        0     1                 
8020041c 8020041c        0     1                 
8020041e 8020041e        0     1                 
80200422 80200422        0     1                 
80200426 80200426        0     1                 
8020042a 8020042a        0     1                 
8020042c 8020042c        0     1                 
8020042c 8020042c        0     1                 
8020042c 8020042c        0     1                 
8020042c 8020042c        0     1                 
8020042c 8020042c        0     1                 
8020042c 8020042c       10     1                 delay
80200434 80200434        0     1                 
80200434 80200434        0     1                 
80200436 80200436        0     1                 
80200438 80200438        0     1                 
8020043a 8020043a        0     1                 
8020043a 8020043a        0     1                 
8020043c 8020043c        0     1                 
8020043c 8020043c        0     1                 
8020043c 8020043c      6be     4         /tmp/test_common-c74e51.o:(.text)
8020043c 8020043c        0     1                 
8020043c 8020043c        0     1                 
8020043c 8020043c        0     1                 
8020043c 8020043c      206     1                 test_common
8020043e 8020043e        0     1                 
8020043e 8020043e        0     1                 
80200446 80200446        0     1                 
8020044e 8020044e        0     1                 
8020044e 8020044e        0     1                 
8020045e 8020045e        0     1                 
8020045e 8020045e        0     1                 
80200462 80200462        0     1                 
80200470 80200470        0     1                 
80200480 80200480        0     1                 
80200480 80200480        0     1                 
80200496 80200496        0     1                 
80200496 80200496        0     1                 
8020049e 8020049e        0     1                 
802004a8 802004a8        0     1                 
802004aa 802004aa        0     1                 
802004b8 802004b8        0     1                 
802004b8 802004b8        0     1                 
802004ca 802004ca        0     1                 
802004ca 802004ca        0     1                 
802004e2 802004e2        0     1                 
802004e6 802004e6        0     1                 
802004f2 802004f2        0     1                 
802004f2 802004f2        0     1                 
80200504 80200504        0     1                 
80200504 80200504        0     1                 
80200514 80200514        0     1                 
80200514 80200514        0     1                 
80200526 80200526        0     1                 
80200526 80200526        0     1                 
8020052a 8020052a        0     1                 
8020053e 8020053e        0     1                 
8020053e 8020053e        0     1                 
8020054e 8020054e        0     1                 
8020054e 8020054e        0     1                 
80200552 80200552        0     1                 
80200556 80200556        0     1                 
8020055a 8020055a        0     1                 
8020056a 8020056a        0     1                 
8020056a 8020056a        0     1                 
80200578 80200578        0     1                 
80200588 80200588        0     1                 
80200588 80200588        0     1                 
8020059a 8020059a        0     1                 
8020059a 8020059a        0     1                 
802005aa 802005aa        0     1                 
802005aa 802005aa        0     1                 
802005b0 802005b0        0     1                 
802005be 802005be        0     1                 
802005be 802005be        0     1                 
802005cc 802005cc        0     1                 
802005cc 802005cc        0     1                 
802005d0 802005d0        0     1                 
802005de 802005de        0     1                 
802005de 802005de        0     1                 
802005f2 802005f2        0     1                 
802005f2 802005f2        0     1                 
8020060a 8020060a        0     1                 
8020061c 8020061c        0     1                 
8020061c 8020061c        0     1                 
8020062e 8020062e        0     1                 
8020062e 8020062e        0     1                 
80200636 80200636        0     1                 
80200636 80200636        0     1                 
80200642 80200642        0     1                 
80200642 80200642        0     1                 
80200642 80200642        0     1                 
80200642 80200642        0     1                 
80200642 80200642        0     1                 
80200642 80200642      1d0     1                 test_printf
80200644 80200644        0     1                 
80200644 80200644        0     1                 
80200646 80200646        0     1                 
80200656 80200656        0     1                 
80200656 80200656        0     1                 
80200666 80200666        0     1                 
80200666 80200666        0     1                 
8020067e 8020067e        0     1                 
8020067e 8020067e        0     1                 
80200696 80200696        0     1                 
80200696 80200696        0     1                 
802006a8 802006a8        0     1                 
802006a8 802006a8        0     1                 
802006bc 802006bc        0     1                 
802006bc 802006bc        0     1                 
802006d0 802006d0        0     1                 
802006d0 802006d0        0     1                 
802006e2 802006e2        0     1                 
802006e2 802006e2        0     1                 
802006f4 802006f4        0     1                 
802006f4 802006f4        0     1                 
80200708 80200708        0     1                 
80200708 80200708        0     1                 
8020071c 8020071c        0     1                 
8020071c 8020071c        0     1                 
80200730 80200730        0     1                 
80200730 80200730        0     1                 
80200742 80200742        0     1                 
80200742 80200742        0     1                 
80200754 80200754        0     1                 
80200754 80200754        0     1                 
8020076c 8020076c        0     1                 
8020076c 8020076c        0     1                 
8020077e 8020077e        0     1                 
8020077e 8020077e        0     1                 
8020079e 8020079e        0     1                 
8020079e 8020079e        0     1                 
802007be 802007be        0     1                 
802007be 802007be        0     1                 
802007ce 802007ce        0     1                 
802007ce 802007ce        0     1                 
802007de 802007de        0     1                 
802007de 802007de        0     1                 
802007ee 802007ee        0     1                 
802007ee 802007ee        0     1                 
802007fe 802007fe        0     1                 
802007fe 802007fe        0     1                 
8020080a 8020080a        0     1                 
80200812 80200812        0     1                 
80200812 80200812        0     1                 
80200812 80200812        0     1                 
80200812 80200812        0     1                 
80200812 80200812        0     1                 
80200812 80200812       be     1                 test_memcpy
80200814 80200814        0     1                 
80200814 80200814        0     1                 
80200816 80200816        0     1                 
80200826 80200826        0     1                 
80200826 80200826        0     1                 
8020082a 8020082a        0     1                 
80200838 80200838        0     1                 
80200848 80200848        0     1                 
80200848 80200848        0     1                 
8020085c 8020085c        0     1                 
8020085c 8020085c        0     1                 
80200864 80200864        0     1                 
8020086e 8020086e        0     1                 
80200870 80200870        0     1                 
8020087e 8020087e        0     1                 
8020087e 8020087e        0     1                 
80200890 80200890        0     1                 
80200890 80200890        0     1                 
802008a8 802008a8        0     1                 
802008ac 802008ac        0     1                 
802008b8 802008b8        0     1                 
802008b8 802008b8        0     1                 
802008ca 802008ca        0     1                 
802008ca 802008ca        0     1                 
802008d0 802008d0        0     1                 
802008d0 802008d0        0     1                 
802008d0 802008d0        0     1                 
802008d0 802008d0        0     1                 
802008d0 802008d0        0     1                 
802008d0 802008d0       a0     1                 test_memset
802008d2 802008d2        0     1                 
802008d2 802008d2        0     1                 
802008d4 802008d4        0     1                 
802008e4 802008e4        0     1                 
802008e4 802008e4        0     1                 
802008f6 802008f6        0     1                 
802008f6 802008f6        0     1                 
802008fa 802008fa        0     1                 
8020090e 8020090e        0     1                 
8020090e 8020090e        0     1                 
8020091e 8020091e        0     1                 
8020091e 8020091e        0     1                 
80200922 80200922        0     1                 
80200926 80200926        0     1                 
8020092a 8020092a        0     1                 
8020093a 8020093a        0     1                 
8020093a 8020093a        0     1                 
80200948 80200948        0     1                 
80200958 80200958        0     1                 
80200958 80200958        0     1                 
8020096a 8020096a        0     1                 
8020096a 8020096a        0     1                 
80200970 80200970        0     1                 
80200970 80200970        0     1                 
80200970 80200970        0     1                 
80200970 80200970        0     1                 
80200970 80200970        0     1                 
80200970 80200970       b2     1                 test_strcpy
80200972 80200972        0     1                 
80200972 80200972        0     1                 
80200974 80200974        0     1                 
80200984 80200984        0     1                 
80200984 80200984        0     1                 
80200988 80200988        0     1                 
80200996 80200996        0     1                 
802009a4 802009a4        0     1                 
802009a4 802009a4        0     1                 
802009b8 802009b8        0     1                 
802009b8 802009b8        0     1                 
802009bc 802009bc        0     1                 
802009cc 802009cc        0     1                 
802009cc 802009cc        0     1                 
802009e0 802009e0        0     1                 
802009e0 802009e0        0     1                 
802009f8 802009f8        0     1                 
80200a0a 80200a0a        0     1                 
80200a0a 80200a0a        0     1                 
80200a1c 80200a1c        0     1                 
80200a1c 80200a1c        0     1                 
80200a22 80200a22        0     1                 
80200a22 80200a22        0     1                 
80200a22 80200a22        0     1                 
80200a22 80200a22        0     1                 
80200a22 80200a22        0     1                 
80200a22 80200a22       d8     1                 test_strcmp
80200a24 80200a24        0     1                 
80200a24 80200a24        0     1                 
80200a2a 80200a2a        0     1                 
80200a3a 80200a3a        0     1                 
80200a3a 80200a3a        0     1                 
80200a4e 80200a4e        0     1                 
80200a50 80200a50        0     1                 
80200a60 80200a60        0     1                 
80200a60 80200a60        0     1                 
80200a74 80200a74        0     1                 
80200a76 80200a76        0     1                 
80200a86 80200a86        0     1                 
80200a86 80200a86        0     1                 
80200a98 80200a98        0     1                 
80200a9a 80200a9a        0     1                 
80200aaa 80200aaa        0     1                 
80200aaa 80200aaa        0     1                 
80200abe 80200abe        0     1                 
80200ac0 80200ac0        0     1                 
80200ad0 80200ad0        0     1                 
80200ad0 80200ad0        0     1                 
80200adc 80200adc        0     1                 
80200adc 80200adc        0     1                 
80200ae4 80200ae4        0     1                 
80200ae6 80200ae6        0     1                 
80200af2 80200af2        0     1                 
80200afa 80200afa        0     1                 
80200afa 80200afa        0     1                 
80200afc 80200afc      312     4         /tmp/allocator-115277.o:(.text)
80200afc 80200afc        0     1                 
80200afc 80200afc        0     1                 
80200afc 80200afc        0     1                 
80200afc 80200afc       42     1                 init_regions
80200afe 80200afe        0     1                 
80200b0e 80200b0e        0     1                 
80200b20 80200b20        0     1                 
80200b26 80200b26        0     1                 
80200b2a 80200b2a        0     1                 
80200b2a 80200b2a        0     1                 
80200b2e 80200b2e        0     1                 
80200b32 80200b32        0     1                 
80200b34 80200b34        0     1                 
80200b38 80200b38        0     1                 
80200b3c 80200b3c        0     1                 
80200b3c 80200b3c        0     1                 
80200b3e 80200b3e        0     1                 
80200b3e 80200b3e        0     1                 
80200b3e 80200b3e        0     1                 
80200b3e 80200b3e        0     1                 
80200b3e 80200b3e        0     1                 
80200b3e 80200b3e       c4     1                 alloc_pages
80200b40 80200b40        0     1                 
80200b44 80200b44        0     1                 
80200b46 80200b46        0     1                 
80200b4a 80200b4a        0     1                 
80200b5a 80200b5a        0     1                 
80200b5a 80200b5a        0     1                 
80200b5c 80200b5c        0     1                 
80200b5e 80200b5e        0     1                 
80200b62 80200b62        0     1                 
80200b64 80200b64        0     1                 
80200b68 80200b68        0     1                 
80200b72 80200b72        0     1                 
80200b72 80200b72        0     1                 
80200b82 80200b82        0     1                 
80200b82 80200b82        0     1                 
80200b84 80200b84        0     1                 
80200b86 80200b86        0     1                 
80200b88 80200b88        0     1                 
80200b8a 80200b8a        0     1                 
80200b90 80200b90        0     1                 
80200b90 80200b90        0     1                 
80200b94 80200b94        0     1                 
80200b96 80200b96        0     1                 
80200ba8 80200ba8        0     1                 
80200bac 80200bac        0     1                 
80200bb2 80200bb2        0     1                 
80200bb4 80200bb4        0     1                 
80200bb6 80200bb6        0     1                 
80200bb8 80200bb8        0     1                 
80200bbc 80200bbc        0     1                 
80200bc2 80200bc2        0     1                 
80200bc4 80200bc4        0     1                 
80200bcc 80200bcc        0     1                 
80200bd0 80200bd0        0     1                 
80200bda 80200bda        0     1                 
80200bda 80200bda        0     1                 
80200be4 80200be4        0     1                 
80200c00 80200c00        0     1                 
80200c02 80200c02        0     1                 
80200c02 80200c02        0     1                 
80200c02 80200c02        0     1                 
80200c02 80200c02        0     1                 
80200c02 80200c02        0     1                 
80200c02 80200c02       d6     1                 release_pages
80200c04 80200c04        0     1                 
80200c06 80200c06        0     1                 
80200c0a 80200c0a        0     1                 
80200c0e 80200c0e        0     1                 
80200c2a 80200c2a        0     1                 
80200c2c 80200c2c        0     1                 
80200c2e 80200c2e        0     1                 
80200c32 80200c32        0     1                 
80200c3c 80200c3c        0     1                 
80200c40 80200c40        0     1                 
80200c44 80200c44        0     1                 
80200c4a 80200c4a        0     1                 
80200c58 80200c58        0     1                 
80200c58 80200c58        0     1                 
80200c5a 80200c5a        0     1                 
80200c5e 80200c5e        0     1                 
80200c68 80200c68        0     1                 
80200c6c 80200c6c        0     1                 
80200c7a 80200c7a        0     1                 
80200c7a 80200c7a        0     1                 
80200c7c 80200c7c        0     1                 
80200c7e 80200c7e        0     1                 
80200c82 80200c82        0     1                 
80200c86 80200c86        0     1                 
80200c88 80200c88        0     1                 
80200c8c 80200c8c        0     1                 
80200c90 80200c90        0     1                 
80200c94 80200c94        0     1                 
80200c98 80200c98        0     1                 
80200c9a 80200c9a        0     1                 
80200c9e 80200c9e        0     1                 
80200ca0 80200ca0        0     1                 
80200ca6 80200ca6        0     1                 
80200caa 80200caa        0     1                 
80200cae 80200cae        0     1                 
80200cb4 80200cb4        0     1                 
80200cb4 80200cb4        0     1                 
80200cd0 80200cd0        0     1                 
80200cd2 80200cd2        0     1                 
80200cd8 80200cd8        0     1                 
80200cd8 80200cd8        0     1                 
80200cd8 80200cd8        0     1                 
80200cd8 80200cd8        0     1                 
80200cd8 80200cd8        0     1                 
80200cd8 80200cd8       6e     1                 region_to_addr
80200cda 80200cda        0     1                 
80200cdc 80200cdc        0     1                 
80200ce0 80200ce0        0     1                 
80200ce4 80200ce4        0     1                 
80200d00 80200d00        0     1                 
80200d02 80200d02        0     1                 
80200d06 80200d06        0     1                 
80200d1a 80200d1a        0     1                 
80200d1e 80200d1e        0     1                 
80200d22 80200d22        0     1                 
80200d28 80200d28        0     1                 
80200d44 80200d44        0     1                 
80200d46 80200d46        0     1                 
80200d46 80200d46        0     1                 
80200d46 80200d46        0     1                 
80200d46 80200d46        0     1                 
80200d46 80200d46        0     1                 
80200d46 80200d46       c8     1                 map_page
80200d48 80200d48        0     1                 
80200d54 80200d54        0     1                 
80200d5a 80200d5a        0     1                 
80200d5e 80200d5e        0     1                 
80200d60 80200d60        0     1                 
80200d7e 80200d7e        0     1                 
80200d80 80200d80        0     1                 
80200d82 80200d82        0     1                 
80200d84 80200d84        0     1                 
80200d86 80200d86        0     1                 
80200da4 80200da4        0     1                 
80200da6 80200da6        0     1                 
80200da8 80200da8        0     1                 
80200dac 80200dac        0     1                 
80200dae 80200dae        0     1                 
80200db6 80200db6        0     1                 
80200dba 80200dba        0     1                 
80200dc2 80200dc2        0     1                 
80200dc4 80200dc4        0     1                 
80200dc4 80200dc4        0     1                 
80200dce 80200dce        0     1                 
80200dce 80200dce        0     1                 
80200dd4 80200dd4        0     1                 
80200dd8 80200dd8        0     1                 
80200ddc 80200ddc        0     1                 
80200ddc 80200ddc        0     1                 
80200de0 80200de0        0     1                 
80200de8 80200de8        0     1                 
80200df0 80200df0        0     1                 
80200dfc 80200dfc        0     1                 
80200dfe 80200dfe        0     1                 
80200e0e 80200e0e        0     1                 
80200e0e 80200e0e        0     1                 
80200e10 80200e10      4da     4         /tmp/process-dd4bce.o:(.text)
80200e10 80200e10        0     1                 
80200e10 80200e10        0     1                 
80200e10 80200e10        0     1                 
80200e10 80200e10        0     1                 
80200e10 80200e10       46     1                 switch_context
80200e56 80200e56        0     1                 
80200e56 80200e56        0     1                 
80200e56 80200e56        0     1                 
80200e56 80200e56        0     1                 
80200e56 80200e56        0     1                 
80200e56 80200e56      11a     1                 init_processes
80200e58 80200e58        0     1                 
80200e58 80200e58        0     1                 
80200e58 80200e58        0     1                 
80200e5a 80200e5a        0     1                 
80200e5e 80200e5e        0     1                 
80200e66 80200e66        0     1                 
80200e6a 80200e6a        0     1                 
80200e76 80200e76        0     1                 
80200e80 80200e80        0     1                 
80200e88 80200e88        0     1                 
80200e94 80200e94        0     1                 
80200e9e 80200e9e        0     1                 
80200ea8 80200ea8        0     1                 
80200eb4 80200eb4        0     1                 
80200ebe 80200ebe        0     1                 
80200ec8 80200ec8        0     1                 
80200ed4 80200ed4        0     1                 
80200ede 80200ede        0     1                 
80200ee8 80200ee8        0     1                 
80200ef4 80200ef4        0     1                 
80200efe 80200efe        0     1                 
80200f08 80200f08        0     1                 
80200f14 80200f14        0     1                 
80200f1e 80200f1e        0     1                 
80200f28 80200f28        0     1                 
80200f34 80200f34        0     1                 
80200f3e 80200f3e        0     1                 
80200f48 80200f48        0     1                 
80200f4c 80200f4c        0     1                 
80200f4c 80200f4c        0     1                 
80200f56 80200f56        0     1                 
80200f56 80200f56        0     1                 
80200f5e 80200f5e        0     1                 
80200f62 80200f62        0     1                 
80200f6a 80200f6a        0     1                 
80200f70 80200f70        0     1                 
80200f70 80200f70        0     1                 
80200f70 80200f70        0     1                 
80200f70 80200f70        0     1                 
80200f70 80200f70        0     1                 
80200f70 80200f70      1ca     1                 create_process
80200f72 80200f72        0     1                 
80200f86 80200f86        0     1                 
80200f8e 80200f8e        0     1                 
80200f90 80200f90        0     1                 
80200f92 80200f92        0     1                 
80200f98 80200f98        0     1                 
80200f9a 80200f9a        0     1                 
80200f9c 80200f9c        0     1                 
80200fac 80200fac        0     1                 
80200fae 80200fae        0     1                 
80200fb0 80200fb0        0     1                 
80200fb8 80200fb8        0     1                 
80200fba 80200fba        0     1                 
80200fbc 80200fbc        0     1                 
80200fcc 80200fcc        0     1                 
80200fce 80200fce        0     1                 
80200fd0 80200fd0        0     1                 
80200fd8 80200fd8        0     1                 
80200fda 80200fda        0     1                 
80200fdc 80200fdc        0     1                 
80200fec 80200fec        0     1                 
80200fee 80200fee        0     1                 
80200ff0 80200ff0        0     1                 
80200ff8 80200ff8        0     1                 
80200ffa 80200ffa        0     1                 
80200ffc 80200ffc        0     1                 
80201018 80201018        0     1                 
8020101a 8020101a        0     1                 
8020103e 8020103e        0     1                 
80201046 80201046        0     1                 
8020104a 8020104a        0     1                 
8020104c 8020104c        0     1                 
80201054 80201054        0     1                 
80201056 80201056        0     1                 
8020105e 8020105e        0     1                 
80201060 80201060        0     1                 
80201064 80201064        0     1                 
80201068 80201068        0     1                 
80201070 80201070        0     1                 
80201072 80201072        0     1                 
8020107a 8020107a        0     1                 
8020107c 8020107c        0     1                 
80201084 80201084        0     1                 
80201086 80201086        0     1                 
8020108e 8020108e        0     1                 
80201090 80201090        0     1                 
80201098 80201098        0     1                 
8020109a 8020109a        0     1                 
802010a2 802010a2        0     1                 
802010a4 802010a4        0     1                 
802010ac 802010ac        0     1                 
802010ae 802010ae        0     1                 
802010b6 802010b6        0     1                 
802010b8 802010b8        0     1                 
802010c0 802010c0        0     1                 
802010c4 802010c4        0     1                 
802010c8 802010c8        0     1                 
802010ca 802010ca        0     1                 
802010cc 802010cc        0     1                 
802010d4 802010d4        0     1                 
802010d4 802010d4        0     1                 
802010e4 802010e4        0     1                 
802010e6 802010e6        0     1                 
802010ec 802010ec        0     1                 
802010fc 802010fc        0     1                 
802010fe 802010fe        0     1                 
80201102 80201102        0     1                 
80201106 80201106        0     1                 
80201114 80201114        0     1                 
80201118 80201118        0     1                 
8020111c 8020111c        0     1                 
80201120 80201120        0     1                 
8020113a 8020113a        0     1                 
8020113a 8020113a        0     1                 
8020113a 8020113a        0     1                 
8020113a 8020113a        0     1                 
8020113a 8020113a        0     1                 
8020113a 8020113a      1b0     1                 yield
80201146 80201146        0     1                 
8020114a 8020114a        0     1                 
8020115c 8020115c        0     1                 
8020116a 8020116a        0     1                 
8020116c 8020116c        0     1                 
80201170 80201170        0     1                 
80201172 80201172        0     1                 
80201176 80201176        0     1                 
80201178 80201178        0     1                 
8020117c 8020117c        0     1                 
80201180 80201180        0     1                 
8020118c 8020118c        0     1                 
80201194 80201194        0     1                 
80201196 80201196        0     1                 
8020119a 8020119a        0     1                 
8020119c 8020119c        0     1                 
802011a0 802011a0        0     1                 
802011a4 802011a4        0     1                 
802011b6 802011b6        0     1                 
802011c6 802011c6        0     1                 
802011ca 802011ca        0     1                 
802011ce 802011ce        0     1                 
802011d0 802011d0        0     1                 
802011d4 802011d4        0     1                 
802011d8 802011d8        0     1                 
802011e4 802011e4        0     1                 
802011ec 802011ec        0     1                 
802011ee 802011ee        0     1                 
802011f2 802011f2        0     1                 
802011f4 802011f4        0     1                 
802011f8 802011f8        0     1                 
802011fc 802011fc        0     1                 
8020120e 8020120e        0     1                 
8020121e 8020121e        0     1                 
80201222 80201222        0     1                 
80201226 80201226        0     1                 
80201228 80201228        0     1                 
8020122c 8020122c        0     1                 
80201230 80201230        0     1                 
8020123c 8020123c        0     1                 
80201244 80201244        0     1                 
80201246 80201246        0     1                 
8020124a 8020124a        0     1                 
8020124c 8020124c        0     1                 
80201250 80201250        0     1                 
80201254 80201254        0     1                 
80201266 80201266        0     1                 
80201276 80201276        0     1                 
8020127a 8020127a        0     1                 
8020127e 8020127e        0     1                 
80201280 80201280        0     1                 
80201284 80201284        0     1                 
80201288 80201288        0     1                 
80201294 80201294        0     1                 
8020129c 8020129c        0     1                 
8020129e 8020129e        0     1                 
802012a2 802012a2        0     1                 
802012a4 802012a4        0     1                 
802012a8 802012a8        0     1                 
802012aa 802012aa        0     1                 
802012ae 802012ae        0     1                 
802012b0 802012b0        0     1                 
802012b6 802012b6        0     1                 
802012bc 802012bc        0     1                 
802012be 802012be        0     1                 
802012ce 802012ce        0     1                 
802012d6 802012d6        0     1                 
802012d8 802012d8        0     1                 
802012dc 802012dc        0     1                 
802012e0 802012e0        0     1                 
802012e0 802012e0        0     1                 
802012e8 802012e8        0     1                 
802012ea 802012ea        0     1                 
802012ea 802012ea        0     1                 
802012ec 802012ec       a4     4         /tmp/test_process-68ad7a.o:(.text)
802012ec 802012ec        0     1                 
802012ec 802012ec        0     1                 
802012ec 802012ec        0     1                 
802012ec 802012ec       40     1                 test_process
802012ee 802012ee        0     1                 
802012ee 802012ee        0     1                 
802012f0 802012f0        0     1                 
80201300 80201300        0     1                 
80201300 80201300        0     1                 
80201308 80201308        0     1                 
80201318 80201318        0     1                 
80201318 80201318        0     1                 
80201320 80201320        0     1                 
80201324 80201324        0     1                 
8020132c 8020132c       32     1                 proc_a_entry
8020132c 8020132c        0     1                 
8020132c 8020132c        0     1                 
8020132c 8020132c        0     1                 
8020132c 8020132c        0     1                 
8020132c 8020132c        0     1                 
8020132e 8020132e        0     1                 
8020132e 8020132e        0     1                 
80201330 80201330        0     1                 
80201340 80201340        0     1                 
80201340 80201340        0     1                 
8020134c 8020134c        0     1                 
80201354 80201354        0     1                 
80201354 80201354        0     1                 
8020135c 8020135c        0     1                 
8020135c 8020135c        0     1                 
8020135e 8020135e       32     1                 proc_b_entry
8020135e 8020135e        0     1                 
8020135e 8020135e        0     1                 
8020135e 8020135e        0     1                 
8020135e 8020135e        0     1                 
8020135e 8020135e        0     1                 
80201360 80201360        0     1                 
80201360 80201360        0     1                 
80201362 80201362        0     1                 
80201372 80201372        0     1                 
80201372 80201372        0     1                 
8020137e 8020137e        0     1                 
80201386 80201386        0     1                 
80201386 80201386        0     1                 
8020138e 8020138e        0     1                 
8020138e 8020138e        0     1                 
80201390 80201390        0     1                 
80201390 80201390        0     1                 
80201390 80201390      4a4     4 .rodata
80201390 80201390      4a4     1         <internal>:(.rodata)
80201834 80201834    10690     4 .bss
80201834 80201834        0     1         __bss = .
80201834 80201834      600     4         /tmp/allocator-115277.o:(.bss)
80201834 80201834      600     1                 regions
80201e34 80201e34    10080     4         /tmp/process-dd4bce.o:(.bss)
80201e34 80201e34    10080     1                 procs
80211eb4 80211eb4        8     4         /tmp/process-dd4bce.o:(.sbss)
80211eb4 80211eb4        4     1                 idle_proc
80211eb8 80211eb8        4     1                 current_proc
80211ebc 80211ebc        8     4         /tmp/test_process-68ad7a.o:(.sbss)
80211ebc 80211ebc        4     1                 proc_a
80211ec0 80211ec0        4     1                 proc_b
80211ec4 80211ec4        0     1         __bss_end = .
80211ec4 80211ec4        0     1 . = ALIGN ( 4 )
80211ec4 80211ec4    20000     1 . += 128 * 1024
80231ec4 80231ec4        0     1 __stack_top = .
80231ec4 80231ec4      13c     1 . = ALIGN ( 4096 )
80232000 80232000        0     1 __free_ram = .
80232000 80232000  4000000     1 . += 64 * 1024 * 1024
84232000 84232000        0     1 __free_ram_end = .
       0        0      6fe     1 .debug_loclists
       0        0       8c     1         /tmp/kernel-bb7f0d.o:(.debug_loclists)
       c        c        0     1                 
      8c       8c      2b3     1         /tmp/common-365b85.o:(.debug_loclists)
      98       98        0     1                 
     33f      33f       6a     1         /tmp/test_common-c74e51.o:(.debug_loclists)
     34b      34b        0     1                 
     3a9      3a9      11f     1         /tmp/allocator-115277.o:(.debug_loclists)
     3b5      3b5        0     1                 
     4c8      4c8      236     1         /tmp/process-dd4bce.o:(.debug_loclists)
     4d4      4d4        0     1                 
       0        0      7f9     1 .debug_abbrev
       0        0      187     1         /tmp/kernel-bb7f0d.o:(.debug_abbrev)
     187      187      16f     1         /tmp/common-365b85.o:(.debug_abbrev)
     2f6      2f6      110     1         /tmp/test_common-c74e51.o:(.debug_abbrev)
     406      406      196     1         /tmp/allocator-115277.o:(.debug_abbrev)
     59c      59c      154     1         /tmp/process-dd4bce.o:(.debug_abbrev)
     6f0      6f0      109     1         /tmp/test_process-68ad7a.o:(.debug_abbrev)
       0        0     1094     1 .debug_info
       0        0      3fc     1         /tmp/kernel-bb7f0d.o:(.debug_info)
     3fc      3fc      2a7     1         /tmp/common-365b85.o:(.debug_info)
     6a3      6a3      45f     1         /tmp/test_common-c74e51.o:(.debug_info)
     b02      b02      2a2     1         /tmp/allocator-115277.o:(.debug_info)
     da4      da4      1ba     1         /tmp/process-dd4bce.o:(.debug_info)
     f5e      f5e      136     1         /tmp/test_process-68ad7a.o:(.debug_info)
       0        0       99     1 .debug_rnglists
       0        0       18     1         /tmp/kernel-bb7f0d.o:(.debug_rnglists)
       c        c        0     1                 
      18       18       48     1         /tmp/common-365b85.o:(.debug_rnglists)
      24       24        0     1                 
      60       60       39     1         /tmp/process-dd4bce.o:(.debug_rnglists)
      6c       6c        0     1                 
       0        0      3f4     1 .debug_str_offsets
       0        0      11c     1         /tmp/kernel-bb7f0d.o:(.debug_str_offsets)
       8        8        0     1                 
     11c      11c       a8     1         /tmp/common-365b85.o:(.debug_str_offsets)
     124      124        0     1                 
     1c4      1c4       78     1         /tmp/test_common-c74e51.o:(.debug_str_offsets)
     1cc      1cc        0     1                 
     23c      23c       bc     1         /tmp/allocator-115277.o:(.debug_str_offsets)
     244      244        0     1                 
     2f8      2f8       8c     1         /tmp/process-dd4bce.o:(.debug_str_offsets)
     300      300        0     1                 
     384      384       70     1         /tmp/test_process-68ad7a.o:(.debug_str_offsets)
     38c      38c        0     1                 
       0        0      4fc     1 .debug_str
       0        0      4fc     1         <internal>:(.debug_str)
       0        0      2d8     1 .debug_addr
       0        0       44     1         /tmp/kernel-bb7f0d.o:(.debug_addr)
       8        8        0     1                 
      44       44       68     1         /tmp/common-365b85.o:(.debug_addr)
      4c       4c        0     1                 
      ac       ac      158     1         /tmp/test_common-c74e51.o:(.debug_addr)
      b4       b4        0     1                 
     204      204       5c     1         /tmp/allocator-115277.o:(.debug_addr)
     20c      20c        0     1                 
     260      260       38     1         /tmp/process-dd4bce.o:(.debug_addr)
     268      268        0     1                 
     298      298       40     1         /tmp/test_process-68ad7a.o:(.debug_addr)
     2a0      2a0        0     1                 
       0        0       42     1 .comment
       0        0       42     1         <internal>:(.comment)
       0        0       2b     1 .riscv.attributes
       0        0       2b     1         /tmp/kernel-bb7f0d.o:(.riscv.attributes)
       0        0      320     4 .debug_frame
       0        0       84     4         /tmp/kernel-bb7f0d.o:(.debug_frame)
       0        0        0     1                 
      84       84       94     4         /tmp/common-365b85.o:(.debug_frame)
      84       84        0     1                 
     118      118       ac     4         /tmp/test_common-c74e51.o:(.debug_frame)
     118      118        0     1                 
     1c4      1c4       8c     4         /tmp/allocator-115277.o:(.debug_frame)
     1c4      1c4        0     1                 
     250      250       74     4         /tmp/process-dd4bce.o:(.debug_frame)
     250      250        0     1                 
     2c4      2c4       5c     4         /tmp/test_process-68ad7a.o:(.debug_frame)
     2c4      2c4        0     1                 
       0        0     152b     1 .debug_line
       0        0      172     1         /tmp/kernel-bb7f0d.o:(.debug_line)
       0        0        0     1                 .Lline_table_start0
     172      172      47a     1         /tmp/common-365b85.o:(.debug_line)
     172      172        0     1                 .Lline_table_start0
     5ec      5ec      3ee     1         /tmp/test_common-c74e51.o:(.debug_line)
     5ec      5ec        0     1                 .Lline_table_start0
     9da      9da      3f4     1         /tmp/allocator-115277.o:(.debug_line)
     9da      9da        0     1                 .Lline_table_start0
     dce      dce      653     1         /tmp/process-dd4bce.o:(.debug_line)
     dce      dce        0     1                 .Lline_table_start0
    1421     1421      10a     1         /tmp/test_process-68ad7a.o:(.debug_line)
    1421     1421        0     1                 .Lline_table_start0
       0        0       a2     1 .debug_line_str
       0        0       a2     1         <internal>:(.debug_line_str)
       0        0     4aa0     4 .symtab
       0        0     4aa0     4         <internal>:(.symtab)
       0        0       d6     1 .shstrtab
       0        0       d6     1         <internal>:(.shstrtab)
       0        0      27a     1 .strtab
       0        0      27a     1         <internal>:(.strtab)
