     VMA      LMA     Size Align Out     In      Symbol
       0        0 80200000     1 . = 0x80200000
80200000 80200000      ab6     4 .text
80200000 80200000        e     2         /tmp/kernel-90e1d5.o:(.text.boot)
80200000 80200000        0     1                 
80200000 80200000        0     1                 
80200000 80200000        0     1                 
80200000 80200000        0     1                 
80200000 80200000        e     1                 boot
8020000e 8020000e        0     1                 
8020000e 8020000e        0     1                 
80200010 80200010      114     4         /tmp/kernel-90e1d5.o:(.text)
80200010 80200010        0     1                 
80200010 80200010        0     1                 
80200010 80200010        0     1                 
80200010 80200010        0     1                 
80200010 80200010       96     1                 kernel_entry
802000a6 802000a6        0     1                 
802000a6 802000a6        0     1                 
802000a6 802000a6        0     1                 
802000a6 802000a6        0     1                 
802000a6 802000a6        0     1                 
802000a6 802000a6       2e     1                 handle_trap
802000a8 802000a8        0     1                 
802000a8 802000a8        0     1                 
802000a8 802000a8        0     1                 
802000aa 802000aa        0     1                 
802000ae 802000ae        0     1                 
802000ae 802000ae        0     1                 
802000b2 802000b2        0     1                 
802000b2 802000b2        0     1                 
802000b6 802000b6        0     1                 
802000b6 802000b6        0     1                 
802000d2 802000d2        0     1                 
802000d4 802000d4        0     1                 
802000d4 802000d4        0     1                 
802000d4 802000d4        0     1                 
802000d4 802000d4        0     1                 
802000d4 802000d4        0     1                 
802000d4 802000d4        0     1                 
802000d4 802000d4        6     1                 sbi_call
802000d8 802000d8        0     1                 
802000da 802000da        0     1                 
802000da 802000da        0     1                 
802000da 802000da        0     1                 
802000da 802000da        0     1                 
802000da 802000da        0     1                 
802000da 802000da        0     1                 
802000da 802000da       14     1                 putchar
802000ec 802000ec        0     1                 
802000ec 802000ec        0     1                 
802000ee 802000ee        0     1                 
802000ee 802000ee        0     1                 
802000ee 802000ee        0     1                 
802000ee 802000ee        0     1                 
802000ee 802000ee        0     1                 
802000ee 802000ee       36     1                 kernel_main
802000f0 802000f0        0     1                 
802000f0 802000f0        0     1                 
802000f2 802000f2        0     1                 
80200110 80200110        0     1                 
80200110 80200110        0     1                 
8020011c 8020011c        0     1                 
8020011c 8020011c        0     1                 
8020011e 8020011e        0     1                 
80200124 80200124        0     1                 
80200124 80200124        0     1                 
80200124 80200124      2d4     4         /tmp/common-78ea5e.o:(.text)
80200124 80200124        0     1                 
80200124 80200124        0     1                 
80200124 80200124        0     1                 
80200124 80200124      24a     1                 printf
80200126 80200126        0     1                 
80200140 80200140        0     1                 
80200152 80200152        0     1                 
8020017e 8020017e        0     1                 
80200182 80200182        0     1                 
8020018a 8020018a        0     1                 
80200192 80200192        0     1                 
80200192 80200192        0     1                 
80200194 80200194        0     1                 
80200198 80200198        0     1                 
8020019c 8020019c        0     1                 
802001a0 802001a0        0     1                 
802001a2 802001a2        0     1                 
802001ae 802001ae        0     1                 
802001ae 802001ae        0     1                 
802001b8 802001b8        0     1                 
802001b8 802001b8        0     1                 
802001bc 802001bc        0     1                 
802001c2 802001c2        0     1                 
802001ce 802001ce        0     1                 
802001ce 802001ce        0     1                 
802001d2 802001d2        0     1                 
802001d8 802001d8        0     1                 
802001d8 802001d8        0     1                 
802001dc 802001dc        0     1                 
802001dc 802001dc        0     1                 
802001e6 802001e6        0     1                 
802001e6 802001e6        0     1                 
802001ea 802001ea        0     1                 
802001ee 802001ee        0     1                 
802001fa 802001fa        0     1                 
802001fa 802001fa        0     1                 
802001fe 802001fe        0     1                 
80200202 80200202        0     1                 
80200206 80200206        0     1                 
80200212 80200212        0     1                 
80200216 80200216        0     1                 
80200218 80200218        0     1                 
8020021c 8020021c        0     1                 
8020021e 8020021e        0     1                 
80200222 80200222        0     1                 
80200226 80200226        0     1                 
80200232 80200232        0     1                 
80200232 80200232        0     1                 
80200238 80200238        0     1                 
80200246 80200246        0     1                 
8020024a 8020024a        0     1                 
8020024a 8020024a        0     1                 
80200250 80200250        0     1                 
8020025a 8020025a        0     1                 
8020025e 8020025e        0     1                 
80200262 80200262        0     1                 
80200268 80200268        0     1                 
8020026e 8020026e        0     1                 
80200270 80200270        0     1                 
8020027c 8020027c        0     1                 
8020027c 8020027c        0     1                 
80200282 80200282        0     1                 
8020028e 8020028e        0     1                 
8020028e 8020028e        0     1                 
80200292 80200292        0     1                 
80200294 80200294        0     1                 
80200298 80200298        0     1                 
802002aa 802002aa        0     1                 
802002aa 802002aa        0     1                 
802002ae 802002ae        0     1                 
802002b0 802002b0        0     1                 
802002b4 802002b4        0     1                 
802002c6 802002c6        0     1                 
802002c6 802002c6        0     1                 
802002ca 802002ca        0     1                 
802002cc 802002cc        0     1                 
802002d0 802002d0        0     1                 
802002e2 802002e2        0     1                 
802002e2 802002e2        0     1                 
802002e6 802002e6        0     1                 
802002e8 802002e8        0     1                 
802002ec 802002ec        0     1                 
802002fe 802002fe        0     1                 
802002fe 802002fe        0     1                 
80200302 80200302        0     1                 
80200304 80200304        0     1                 
80200308 80200308        0     1                 
8020031a 8020031a        0     1                 
8020031a 8020031a        0     1                 
8020031e 8020031e        0     1                 
80200320 80200320        0     1                 
80200324 80200324        0     1                 
80200336 80200336        0     1                 
80200336 80200336        0     1                 
8020033a 8020033a        0     1                 
8020033e 8020033e        0     1                 
80200350 80200350        0     1                 
80200350 80200350        0     1                 
8020036e 8020036e        0     1                 
8020036e 8020036e        0     1                 
8020036e 8020036e        0     1                 
8020036e 8020036e        0     1                 
8020036e 8020036e        0     1                 
8020036e 8020036e        0     1                 
8020036e 8020036e       1a     1                 memcpy
80200370 80200370        0     1                 
80200372 80200372        0     1                 
80200376 80200376        0     1                 
80200378 80200378        0     1                 
8020037a 8020037a        0     1                 
8020037e 8020037e        0     1                 
80200382 80200382        0     1                 
80200384 80200384        0     1                 
80200386 80200386        0     1                 
80200388 80200388        0     1                 
80200388 80200388        0     1                 
80200388 80200388        0     1                 
80200388 80200388        0     1                 
80200388 80200388        0     1                 
80200388 80200388        0     1                 
80200388 80200388       14     1                 memset
8020038a 8020038a        0     1                 
8020038c 8020038c        0     1                 
8020038e 8020038e        0     1                 
80200392 80200392        0     1                 
80200396 80200396        0     1                 
80200398 80200398        0     1                 
8020039a 8020039a        0     1                 
8020039c 8020039c        0     1                 
8020039c 8020039c        0     1                 
8020039c 8020039c        0     1                 
8020039c 8020039c        0     1                 
8020039c 8020039c        0     1                 
8020039c 8020039c        0     1                 
8020039c 8020039c       24     1                 strcpy
802003a2 802003a2        0     1                 
802003a6 802003a6        0     1                 
802003a8 802003a8        0     1                 
802003ac 802003ac        0     1                 
802003b0 802003b0        0     1                 
802003b4 802003b4        0     1                 
802003b6 802003b6        0     1                 
802003b8 802003b8        0     1                 
802003ba 802003ba        0     1                 
802003be 802003be        0     1                 
802003c0 802003c0        0     1                 
802003c0 802003c0        0     1                 
802003c0 802003c0        0     1                 
802003c0 802003c0        0     1                 
802003c0 802003c0        0     1                 
802003c0 802003c0        0     1                 
802003c0 802003c0       38     1                 strcmp
802003c4 802003c4        0     1                 
802003c6 802003c6        0     1                 
802003c8 802003c8        0     1                 
802003cc 802003cc        0     1                 
802003da 802003da        0     1                 
802003de 802003de        0     1                 
802003e2 802003e2        0     1                 
802003e4 802003e4        0     1                 
802003e8 802003e8        0     1                 
802003ea 802003ea        0     1                 
802003ee 802003ee        0     1                 
802003f2 802003f2        0     1                 
802003f6 802003f6        0     1                 
802003f8 802003f8        0     1                 
802003f8 802003f8        0     1                 
802003f8 802003f8      6be     4         /tmp/test_common-578d5f.o:(.text)
802003f8 802003f8        0     1                 
802003f8 802003f8        0     1                 
802003f8 802003f8        0     1                 
802003f8 802003f8      206     1                 test_common
802003fa 802003fa        0     1                 
802003fa 802003fa        0     1                 
80200402 80200402        0     1                 
8020040a 8020040a        0     1                 
8020040a 8020040a        0     1                 
8020041a 8020041a        0     1                 
8020041a 8020041a        0     1                 
8020041e 8020041e        0     1                 
8020042c 8020042c        0     1                 
8020043c 8020043c        0     1                 
8020043c 8020043c        0     1                 
80200452 80200452        0     1                 
80200452 80200452        0     1                 
8020045a 8020045a        0     1                 
80200464 80200464        0     1                 
80200466 80200466        0     1                 
80200474 80200474        0     1                 
80200474 80200474        0     1                 
80200486 80200486        0     1                 
80200486 80200486        0     1                 
8020049e 8020049e        0     1                 
802004a2 802004a2        0     1                 
802004ae 802004ae        0     1                 
802004ae 802004ae        0     1                 
802004c0 802004c0        0     1                 
802004c0 802004c0        0     1                 
802004d0 802004d0        0     1                 
802004d0 802004d0        0     1                 
802004e2 802004e2        0     1                 
802004e2 802004e2        0     1                 
802004e6 802004e6        0     1                 
802004fa 802004fa        0     1                 
802004fa 802004fa        0     1                 
8020050a 8020050a        0     1                 
8020050a 8020050a        0     1                 
8020050e 8020050e        0     1                 
80200512 80200512        0     1                 
80200516 80200516        0     1                 
80200526 80200526        0     1                 
80200526 80200526        0     1                 
80200534 80200534        0     1                 
80200544 80200544        0     1                 
80200544 80200544        0     1                 
80200556 80200556        0     1                 
80200556 80200556        0     1                 
80200566 80200566        0     1                 
80200566 80200566        0     1                 
8020056c 8020056c        0     1                 
8020057a 8020057a        0     1                 
8020057a 8020057a        0     1                 
80200588 80200588        0     1                 
80200588 80200588        0     1                 
8020058c 8020058c        0     1                 
8020059a 8020059a        0     1                 
8020059a 8020059a        0     1                 
802005ae 802005ae        0     1                 
802005ae 802005ae        0     1                 
802005c6 802005c6        0     1                 
802005d8 802005d8        0     1                 
802005d8 802005d8        0     1                 
802005ea 802005ea        0     1                 
802005ea 802005ea        0     1                 
802005f2 802005f2        0     1                 
802005f2 802005f2        0     1                 
802005fe 802005fe        0     1                 
802005fe 802005fe        0     1                 
802005fe 802005fe        0     1                 
802005fe 802005fe        0     1                 
802005fe 802005fe        0     1                 
802005fe 802005fe      1d0     1                 test_printf
80200600 80200600        0     1                 
80200600 80200600        0     1                 
80200602 80200602        0     1                 
80200612 80200612        0     1                 
80200612 80200612        0     1                 
80200622 80200622        0     1                 
80200622 80200622        0     1                 
8020063a 8020063a        0     1                 
8020063a 8020063a        0     1                 
80200652 80200652        0     1                 
80200652 80200652        0     1                 
80200664 80200664        0     1                 
80200664 80200664        0     1                 
80200678 80200678        0     1                 
80200678 80200678        0     1                 
8020068c 8020068c        0     1                 
8020068c 8020068c        0     1                 
8020069e 8020069e        0     1                 
8020069e 8020069e        0     1                 
802006b0 802006b0        0     1                 
802006b0 802006b0        0     1                 
802006c4 802006c4        0     1                 
802006c4 802006c4        0     1                 
802006d8 802006d8        0     1                 
802006d8 802006d8        0     1                 
802006ec 802006ec        0     1                 
802006ec 802006ec        0     1                 
802006fe 802006fe        0     1                 
802006fe 802006fe        0     1                 
80200710 80200710        0     1                 
80200710 80200710        0     1                 
80200728 80200728        0     1                 
80200728 80200728        0     1                 
8020073a 8020073a        0     1                 
8020073a 8020073a        0     1                 
8020075a 8020075a        0     1                 
8020075a 8020075a        0     1                 
8020077a 8020077a        0     1                 
8020077a 8020077a        0     1                 
8020078a 8020078a        0     1                 
8020078a 8020078a        0     1                 
8020079a 8020079a        0     1                 
8020079a 8020079a        0     1                 
802007aa 802007aa        0     1                 
802007aa 802007aa        0     1                 
802007ba 802007ba        0     1                 
802007ba 802007ba        0     1                 
802007c6 802007c6        0     1                 
802007ce 802007ce        0     1                 
802007ce 802007ce        0     1                 
802007ce 802007ce        0     1                 
802007ce 802007ce        0     1                 
802007ce 802007ce        0     1                 
802007ce 802007ce       be     1                 test_memcpy
802007d0 802007d0        0     1                 
802007d0 802007d0        0     1                 
802007d2 802007d2        0     1                 
802007e2 802007e2        0     1                 
802007e2 802007e2        0     1                 
802007e6 802007e6        0     1                 
802007f4 802007f4        0     1                 
80200804 80200804        0     1                 
80200804 80200804        0     1                 
80200818 80200818        0     1                 
80200818 80200818        0     1                 
80200820 80200820        0     1                 
8020082a 8020082a        0     1                 
8020082c 8020082c        0     1                 
8020083a 8020083a        0     1                 
8020083a 8020083a        0     1                 
8020084c 8020084c        0     1                 
8020084c 8020084c        0     1                 
80200864 80200864        0     1                 
80200868 80200868        0     1                 
80200874 80200874        0     1                 
80200874 80200874        0     1                 
80200886 80200886        0     1                 
80200886 80200886        0     1                 
8020088c 8020088c        0     1                 
8020088c 8020088c        0     1                 
8020088c 8020088c        0     1                 
8020088c 8020088c        0     1                 
8020088c 8020088c        0     1                 
8020088c 8020088c       a0     1                 test_memset
8020088e 8020088e        0     1                 
8020088e 8020088e        0     1                 
80200890 80200890        0     1                 
802008a0 802008a0        0     1                 
802008a0 802008a0        0     1                 
802008b2 802008b2        0     1                 
802008b2 802008b2        0     1                 
802008b6 802008b6        0     1                 
802008ca 802008ca        0     1                 
802008ca 802008ca        0     1                 
802008da 802008da        0     1                 
802008da 802008da        0     1                 
802008de 802008de        0     1                 
802008e2 802008e2        0     1                 
802008e6 802008e6        0     1                 
802008f6 802008f6        0     1                 
802008f6 802008f6        0     1                 
80200904 80200904        0     1                 
80200914 80200914        0     1                 
80200914 80200914        0     1                 
80200926 80200926        0     1                 
80200926 80200926        0     1                 
8020092c 8020092c        0     1                 
8020092c 8020092c        0     1                 
8020092c 8020092c        0     1                 
8020092c 8020092c        0     1                 
8020092c 8020092c        0     1                 
8020092c 8020092c       b2     1                 test_strcpy
8020092e 8020092e        0     1                 
8020092e 8020092e        0     1                 
80200930 80200930        0     1                 
80200940 80200940        0     1                 
80200940 80200940        0     1                 
80200944 80200944        0     1                 
80200952 80200952        0     1                 
80200960 80200960        0     1                 
80200960 80200960        0     1                 
80200974 80200974        0     1                 
80200974 80200974        0     1                 
80200978 80200978        0     1                 
80200988 80200988        0     1                 
80200988 80200988        0     1                 
8020099c 8020099c        0     1                 
8020099c 8020099c        0     1                 
802009b4 802009b4        0     1                 
802009c6 802009c6        0     1                 
802009c6 802009c6        0     1                 
802009d8 802009d8        0     1                 
802009d8 802009d8        0     1                 
802009de 802009de        0     1                 
802009de 802009de        0     1                 
802009de 802009de        0     1                 
802009de 802009de        0     1                 
802009de 802009de        0     1                 
802009de 802009de       d8     1                 test_strcmp
802009e0 802009e0        0     1                 
802009e0 802009e0        0     1                 
802009e6 802009e6        0     1                 
802009f6 802009f6        0     1                 
802009f6 802009f6        0     1                 
80200a0a 80200a0a        0     1                 
80200a0c 80200a0c        0     1                 
80200a1c 80200a1c        0     1                 
80200a1c 80200a1c        0     1                 
80200a30 80200a30        0     1                 
80200a32 80200a32        0     1                 
80200a42 80200a42        0     1                 
80200a42 80200a42        0     1                 
80200a54 80200a54        0     1                 
80200a56 80200a56        0     1                 
80200a66 80200a66        0     1                 
80200a66 80200a66        0     1                 
80200a7a 80200a7a        0     1                 
80200a7c 80200a7c        0     1                 
80200a8c 80200a8c        0     1                 
80200a8c 80200a8c        0     1                 
80200a98 80200a98        0     1                 
80200a98 80200a98        0     1                 
80200aa0 80200aa0        0     1                 
80200aa2 80200aa2        0     1                 
80200aae 80200aae        0     1                 
80200ab6 80200ab6        0     1                 
80200ab6 80200ab6        0     1                 
80200ab8 80200ab8      35c     4 .rodata
80200ab8 80200ab8      35c     1         <internal>:(.rodata)
80200e14 80200e14        0     4 .bss
80200e14 80200e14        0     1         __bss = .
80200e14 80200e14        0     1         __bss_end = .
80200e14 80200e14        0     1 . = ALIGN ( 4 )
80200e14 80200e14    20000     1 . += 128 * 1024
80220e14 80220e14        0     1 __stack_top = .
       0        0      37f     1 .debug_loclists
       0        0       8c     1         /tmp/kernel-90e1d5.o:(.debug_loclists)
       c        c        0     1                 
      8c       8c      289     1         /tmp/common-78ea5e.o:(.debug_loclists)
      98       98        0     1                 
     315      315       6a     1         /tmp/test_common-578d5f.o:(.debug_loclists)
     321      321        0     1                 
       0        0      3f5     1 .debug_abbrev
       0        0      176     1         /tmp/kernel-90e1d5.o:(.debug_abbrev)
     176      176      16f     1         /tmp/common-78ea5e.o:(.debug_abbrev)
     2e5      2e5      110     1         /tmp/test_common-578d5f.o:(.debug_abbrev)
       0        0      ac2     1 .debug_info
       0        0      3d8     1         /tmp/kernel-90e1d5.o:(.debug_info)
     3d8      3d8      28b     1         /tmp/common-78ea5e.o:(.debug_info)
     663      663      45f     1         /tmp/test_common-578d5f.o:(.debug_info)
       0        0       60     1 .debug_rnglists
       0        0       18     1         /tmp/kernel-90e1d5.o:(.debug_rnglists)
       c        c        0     1                 
      18       18       48     1         /tmp/common-78ea5e.o:(.debug_rnglists)
      24       24        0     1                 
       0        0      22c     1 .debug_str_offsets
       0        0      110     1         /tmp/kernel-90e1d5.o:(.debug_str_offsets)
       8        8        0     1                 
     110      110       a4     1         /tmp/common-78ea5e.o:(.debug_str_offsets)
     118      118        0     1                 
     1b4      1b4       78     1         /tmp/test_common-578d5f.o:(.debug_str_offsets)
     1bc      1bc        0     1                 
       0        0      2bc     1 .debug_str
       0        0      2bc     1         <internal>:(.debug_str)
       0        0      1ec     1 .debug_addr
       0        0       34     1         /tmp/kernel-90e1d5.o:(.debug_addr)
       8        8        0     1                 
      34       34       60     1         /tmp/common-78ea5e.o:(.debug_addr)
      3c       3c        0     1                 
      94       94      158     1         /tmp/test_common-578d5f.o:(.debug_addr)
      9c       9c        0     1                 
       0        0       42     1 .comment
       0        0       42     1         <internal>:(.comment)
       0        0       2b     1 .riscv.attributes
       0        0       2b     1         /tmp/kernel-90e1d5.o:(.riscv.attributes)
       0        0      1b4     4 .debug_frame
       0        0       84     4         /tmp/kernel-90e1d5.o:(.debug_frame)
       0        0        0     1                 
      84       84       84     4         /tmp/common-78ea5e.o:(.debug_frame)
      84       84        0     1                 
     108      108       ac     4         /tmp/test_common-578d5f.o:(.debug_frame)
     108      108        0     1                 
       0        0      965     1 .debug_line
       0        0      127     1         /tmp/kernel-90e1d5.o:(.debug_line)
       0        0        0     1                 .Lline_table_start0
     127      127      450     1         /tmp/common-78ea5e.o:(.debug_line)
     127      127        0     1                 .Lline_table_start0
     577      577      3ee     1         /tmp/test_common-578d5f.o:(.debug_line)
     577      577        0     1                 .Lline_table_start0
       0        0       5b     1 .debug_line_str
       0        0       5b     1         <internal>:(.debug_line_str)
       0        0     2730     4 .symtab
       0        0     2730     4         <internal>:(.symtab)
       0        0       d6     1 .shstrtab
       0        0       d6     1         <internal>:(.shstrtab)
       0        0      11f     1 .strtab
       0        0      11f     1         <internal>:(.strtab)
