     VMA      LMA     Size Align Out     In      Symbol
       0        0 80200000     1 . = 0x80200000
80200000 80200000      d8e     4 .text
80200000 80200000        e     2         /tmp/kernel-e794f9.o:(.text.boot)
80200000 80200000        0     1                 
80200000 80200000        0     1                 
80200000 80200000        0     1                 
80200000 80200000        0     1                 
80200000 80200000        e     1                 boot
8020000e 8020000e        0     1                 
8020000e 8020000e        0     1                 
80200010 80200010      19e     4         /tmp/kernel-e794f9.o:(.text)
80200010 80200010        0     1                 
80200010 80200010        0     1                 
80200010 80200010        0     1                 
80200010 80200010        0     1                 
80200010 80200010       96     1                 kernel_entry
802000a6 802000a6        0     1                 
802000a6 802000a6        0     1                 
802000a6 802000a6        0     1                 
802000a6 802000a6        0     1                 
802000a6 802000a6        0     1                 
802000a6 802000a6       2e     1                 handle_trap
802000a8 802000a8        0     1                 
802000a8 802000a8        0     1                 
802000a8 802000a8        0     1                 
802000aa 802000aa        0     1                 
802000ae 802000ae        0     1                 
802000ae 802000ae        0     1                 
802000b2 802000b2        0     1                 
802000b2 802000b2        0     1                 
802000b6 802000b6        0     1                 
802000b6 802000b6        0     1                 
802000d2 802000d2        0     1                 
802000d4 802000d4        0     1                 
802000d4 802000d4        0     1                 
802000d4 802000d4        0     1                 
802000d4 802000d4        0     1                 
802000d4 802000d4        0     1                 
802000d4 802000d4        0     1                 
802000d4 802000d4        6     1                 sbi_call
802000d8 802000d8        0     1                 
802000da 802000da        0     1                 
802000da 802000da        0     1                 
802000da 802000da        0     1                 
802000da 802000da        0     1                 
802000da 802000da        0     1                 
802000da 802000da        0     1                 
802000da 802000da       14     1                 putchar
802000ec 802000ec        0     1                 
802000ec 802000ec        0     1                 
802000ee 802000ee        0     1                 
802000ee 802000ee        0     1                 
802000ee 802000ee        0     1                 
802000ee 802000ee        0     1                 
802000ee 802000ee        0     1                 
802000ee 802000ee       c0     1                 kernel_main
802000f0 802000f0        0     1                 
802000f0 802000f0        0     1                 
802000f6 802000f6        0     1                 
80200114 80200114        0     1                 
80200114 80200114        0     1                 
80200120 80200120        0     1                 
80200120 80200120        0     1                 
80200128 80200128        0     1                 
80200128 80200128        0     1                 
80200132 80200132        0     1                 
80200134 80200134        0     1                 
8020013e 8020013e        0     1                 
80200140 80200140        0     1                 
8020014a 8020014a        0     1                 
8020014c 8020014c        0     1                 
8020015e 8020015e        0     1                 
8020015e 8020015e        0     1                 
80200168 80200168        0     1                 
8020016a 8020016a        0     1                 
8020017c 8020017c        0     1                 
8020017c 8020017c        0     1                 
80200186 80200186        0     1                 
80200186 80200186        0     1                 
80200190 80200190        0     1                 
80200190 80200190        0     1                 
802001ac 802001ac        0     1                 
802001ae 802001ae        0     1                 
802001ae 802001ae        0     1                 
802001b0 802001b0      2d4     4         /tmp/common-3b613f.o:(.text)
802001b0 802001b0        0     1                 
802001b0 802001b0        0     1                 
802001b0 802001b0        0     1                 
802001b0 802001b0      24a     1                 printf
802001b2 802001b2        0     1                 
802001cc 802001cc        0     1                 
802001de 802001de        0     1                 
8020020a 8020020a        0     1                 
8020020e 8020020e        0     1                 
80200216 80200216        0     1                 
8020021e 8020021e        0     1                 
8020021e 8020021e        0     1                 
80200220 80200220        0     1                 
80200224 80200224        0     1                 
80200228 80200228        0     1                 
8020022c 8020022c        0     1                 
8020022e 8020022e        0     1                 
8020023a 8020023a        0     1                 
8020023a 8020023a        0     1                 
80200244 80200244        0     1                 
80200244 80200244        0     1                 
80200248 80200248        0     1                 
8020024e 8020024e        0     1                 
8020025a 8020025a        0     1                 
8020025a 8020025a        0     1                 
8020025e 8020025e        0     1                 
80200264 80200264        0     1                 
80200264 80200264        0     1                 
80200268 80200268        0     1                 
80200268 80200268        0     1                 
80200272 80200272        0     1                 
80200272 80200272        0     1                 
80200276 80200276        0     1                 
8020027a 8020027a        0     1                 
80200286 80200286        0     1                 
80200286 80200286        0     1                 
8020028a 8020028a        0     1                 
8020028e 8020028e        0     1                 
80200292 80200292        0     1                 
8020029e 8020029e        0     1                 
802002a2 802002a2        0     1                 
802002a4 802002a4        0     1                 
802002a8 802002a8        0     1                 
802002aa 802002aa        0     1                 
802002ae 802002ae        0     1                 
802002b2 802002b2        0     1                 
802002be 802002be        0     1                 
802002be 802002be        0     1                 
802002c4 802002c4        0     1                 
802002d2 802002d2        0     1                 
802002d6 802002d6        0     1                 
802002d6 802002d6        0     1                 
802002dc 802002dc        0     1                 
802002e6 802002e6        0     1                 
802002ea 802002ea        0     1                 
802002ee 802002ee        0     1                 
802002f4 802002f4        0     1                 
802002fa 802002fa        0     1                 
802002fc 802002fc        0     1                 
80200308 80200308        0     1                 
80200308 80200308        0     1                 
8020030e 8020030e        0     1                 
8020031a 8020031a        0     1                 
8020031a 8020031a        0     1                 
8020031e 8020031e        0     1                 
80200320 80200320        0     1                 
80200324 80200324        0     1                 
80200336 80200336        0     1                 
80200336 80200336        0     1                 
8020033a 8020033a        0     1                 
8020033c 8020033c        0     1                 
80200340 80200340        0     1                 
80200352 80200352        0     1                 
80200352 80200352        0     1                 
80200356 80200356        0     1                 
80200358 80200358        0     1                 
8020035c 8020035c        0     1                 
8020036e 8020036e        0     1                 
8020036e 8020036e        0     1                 
80200372 80200372        0     1                 
80200374 80200374        0     1                 
80200378 80200378        0     1                 
8020038a 8020038a        0     1                 
8020038a 8020038a        0     1                 
8020038e 8020038e        0     1                 
80200390 80200390        0     1                 
80200394 80200394        0     1                 
802003a6 802003a6        0     1                 
802003a6 802003a6        0     1                 
802003aa 802003aa        0     1                 
802003ac 802003ac        0     1                 
802003b0 802003b0        0     1                 
802003c2 802003c2        0     1                 
802003c2 802003c2        0     1                 
802003c6 802003c6        0     1                 
802003ca 802003ca        0     1                 
802003dc 802003dc        0     1                 
802003dc 802003dc        0     1                 
802003fa 802003fa        0     1                 
802003fa 802003fa        0     1                 
802003fa 802003fa        0     1                 
802003fa 802003fa        0     1                 
802003fa 802003fa        0     1                 
802003fa 802003fa        0     1                 
802003fa 802003fa       1a     1                 memcpy
802003fc 802003fc        0     1                 
802003fe 802003fe        0     1                 
80200402 80200402        0     1                 
80200404 80200404        0     1                 
80200406 80200406        0     1                 
8020040a 8020040a        0     1                 
8020040e 8020040e        0     1                 
80200410 80200410        0     1                 
80200412 80200412        0     1                 
80200414 80200414        0     1                 
80200414 80200414        0     1                 
80200414 80200414        0     1                 
80200414 80200414        0     1                 
80200414 80200414        0     1                 
80200414 80200414        0     1                 
80200414 80200414       14     1                 memset
80200416 80200416        0     1                 
80200418 80200418        0     1                 
8020041a 8020041a        0     1                 
8020041e 8020041e        0     1                 
80200422 80200422        0     1                 
80200424 80200424        0     1                 
80200426 80200426        0     1                 
80200428 80200428        0     1                 
80200428 80200428        0     1                 
80200428 80200428        0     1                 
80200428 80200428        0     1                 
80200428 80200428        0     1                 
80200428 80200428        0     1                 
80200428 80200428       24     1                 strcpy
8020042e 8020042e        0     1                 
80200432 80200432        0     1                 
80200434 80200434        0     1                 
80200438 80200438        0     1                 
8020043c 8020043c        0     1                 
80200440 80200440        0     1                 
80200442 80200442        0     1                 
80200444 80200444        0     1                 
80200446 80200446        0     1                 
8020044a 8020044a        0     1                 
8020044c 8020044c        0     1                 
8020044c 8020044c        0     1                 
8020044c 8020044c        0     1                 
8020044c 8020044c        0     1                 
8020044c 8020044c        0     1                 
8020044c 8020044c        0     1                 
8020044c 8020044c       38     1                 strcmp
80200450 80200450        0     1                 
80200452 80200452        0     1                 
80200454 80200454        0     1                 
80200458 80200458        0     1                 
80200466 80200466        0     1                 
8020046a 8020046a        0     1                 
8020046e 8020046e        0     1                 
80200470 80200470        0     1                 
80200474 80200474        0     1                 
80200476 80200476        0     1                 
8020047a 8020047a        0     1                 
8020047e 8020047e        0     1                 
80200482 80200482        0     1                 
80200484 80200484        0     1                 
80200484 80200484        0     1                 
80200484 80200484      6be     4         /tmp/test_common-2d4bf9.o:(.text)
80200484 80200484        0     1                 
80200484 80200484        0     1                 
80200484 80200484        0     1                 
80200484 80200484      206     1                 test_common
80200486 80200486        0     1                 
80200486 80200486        0     1                 
8020048e 8020048e        0     1                 
80200496 80200496        0     1                 
80200496 80200496        0     1                 
802004a6 802004a6        0     1                 
802004a6 802004a6        0     1                 
802004aa 802004aa        0     1                 
802004b8 802004b8        0     1                 
802004c8 802004c8        0     1                 
802004c8 802004c8        0     1                 
802004de 802004de        0     1                 
802004de 802004de        0     1                 
802004e6 802004e6        0     1                 
802004f0 802004f0        0     1                 
802004f2 802004f2        0     1                 
80200500 80200500        0     1                 
80200500 80200500        0     1                 
80200512 80200512        0     1                 
80200512 80200512        0     1                 
8020052a 8020052a        0     1                 
8020052e 8020052e        0     1                 
8020053a 8020053a        0     1                 
8020053a 8020053a        0     1                 
8020054c 8020054c        0     1                 
8020054c 8020054c        0     1                 
8020055c 8020055c        0     1                 
8020055c 8020055c        0     1                 
8020056e 8020056e        0     1                 
8020056e 8020056e        0     1                 
80200572 80200572        0     1                 
80200586 80200586        0     1                 
80200586 80200586        0     1                 
80200596 80200596        0     1                 
80200596 80200596        0     1                 
8020059a 8020059a        0     1                 
8020059e 8020059e        0     1                 
802005a2 802005a2        0     1                 
802005b2 802005b2        0     1                 
802005b2 802005b2        0     1                 
802005c0 802005c0        0     1                 
802005d0 802005d0        0     1                 
802005d0 802005d0        0     1                 
802005e2 802005e2        0     1                 
802005e2 802005e2        0     1                 
802005f2 802005f2        0     1                 
802005f2 802005f2        0     1                 
802005f8 802005f8        0     1                 
80200606 80200606        0     1                 
80200606 80200606        0     1                 
80200614 80200614        0     1                 
80200614 80200614        0     1                 
80200618 80200618        0     1                 
80200626 80200626        0     1                 
80200626 80200626        0     1                 
8020063a 8020063a        0     1                 
8020063a 8020063a        0     1                 
80200652 80200652        0     1                 
80200664 80200664        0     1                 
80200664 80200664        0     1                 
80200676 80200676        0     1                 
80200676 80200676        0     1                 
8020067e 8020067e        0     1                 
8020067e 8020067e        0     1                 
8020068a 8020068a        0     1                 
8020068a 8020068a        0     1                 
8020068a 8020068a        0     1                 
8020068a 8020068a        0     1                 
8020068a 8020068a        0     1                 
8020068a 8020068a      1d0     1                 test_printf
8020068c 8020068c        0     1                 
8020068c 8020068c        0     1                 
8020068e 8020068e        0     1                 
8020069e 8020069e        0     1                 
8020069e 8020069e        0     1                 
802006ae 802006ae        0     1                 
802006ae 802006ae        0     1                 
802006c6 802006c6        0     1                 
802006c6 802006c6        0     1                 
802006de 802006de        0     1                 
802006de 802006de        0     1                 
802006f0 802006f0        0     1                 
802006f0 802006f0        0     1                 
80200704 80200704        0     1                 
80200704 80200704        0     1                 
80200718 80200718        0     1                 
80200718 80200718        0     1                 
8020072a 8020072a        0     1                 
8020072a 8020072a        0     1                 
8020073c 8020073c        0     1                 
8020073c 8020073c        0     1                 
80200750 80200750        0     1                 
80200750 80200750        0     1                 
80200764 80200764        0     1                 
80200764 80200764        0     1                 
80200778 80200778        0     1                 
80200778 80200778        0     1                 
8020078a 8020078a        0     1                 
8020078a 8020078a        0     1                 
8020079c 8020079c        0     1                 
8020079c 8020079c        0     1                 
802007b4 802007b4        0     1                 
802007b4 802007b4        0     1                 
802007c6 802007c6        0     1                 
802007c6 802007c6        0     1                 
802007e6 802007e6        0     1                 
802007e6 802007e6        0     1                 
80200806 80200806        0     1                 
80200806 80200806        0     1                 
80200816 80200816        0     1                 
80200816 80200816        0     1                 
80200826 80200826        0     1                 
80200826 80200826        0     1                 
80200836 80200836        0     1                 
80200836 80200836        0     1                 
80200846 80200846        0     1                 
80200846 80200846        0     1                 
80200852 80200852        0     1                 
8020085a 8020085a        0     1                 
8020085a 8020085a        0     1                 
8020085a 8020085a        0     1                 
8020085a 8020085a        0     1                 
8020085a 8020085a        0     1                 
8020085a 8020085a       be     1                 test_memcpy
8020085c 8020085c        0     1                 
8020085c 8020085c        0     1                 
8020085e 8020085e        0     1                 
8020086e 8020086e        0     1                 
8020086e 8020086e        0     1                 
80200872 80200872        0     1                 
80200880 80200880        0     1                 
80200890 80200890        0     1                 
80200890 80200890        0     1                 
802008a4 802008a4        0     1                 
802008a4 802008a4        0     1                 
802008ac 802008ac        0     1                 
802008b6 802008b6        0     1                 
802008b8 802008b8        0     1                 
802008c6 802008c6        0     1                 
802008c6 802008c6        0     1                 
802008d8 802008d8        0     1                 
802008d8 802008d8        0     1                 
802008f0 802008f0        0     1                 
802008f4 802008f4        0     1                 
80200900 80200900        0     1                 
80200900 80200900        0     1                 
80200912 80200912        0     1                 
80200912 80200912        0     1                 
80200918 80200918        0     1                 
80200918 80200918        0     1                 
80200918 80200918        0     1                 
80200918 80200918        0     1                 
80200918 80200918        0     1                 
80200918 80200918       a0     1                 test_memset
8020091a 8020091a        0     1                 
8020091a 8020091a        0     1                 
8020091c 8020091c        0     1                 
8020092c 8020092c        0     1                 
8020092c 8020092c        0     1                 
8020093e 8020093e        0     1                 
8020093e 8020093e        0     1                 
80200942 80200942        0     1                 
80200956 80200956        0     1                 
80200956 80200956        0     1                 
80200966 80200966        0     1                 
80200966 80200966        0     1                 
8020096a 8020096a        0     1                 
8020096e 8020096e        0     1                 
80200972 80200972        0     1                 
80200982 80200982        0     1                 
80200982 80200982        0     1                 
80200990 80200990        0     1                 
802009a0 802009a0        0     1                 
802009a0 802009a0        0     1                 
802009b2 802009b2        0     1                 
802009b2 802009b2        0     1                 
802009b8 802009b8        0     1                 
802009b8 802009b8        0     1                 
802009b8 802009b8        0     1                 
802009b8 802009b8        0     1                 
802009b8 802009b8        0     1                 
802009b8 802009b8       b2     1                 test_strcpy
802009ba 802009ba        0     1                 
802009ba 802009ba        0     1                 
802009bc 802009bc        0     1                 
802009cc 802009cc        0     1                 
802009cc 802009cc        0     1                 
802009d0 802009d0        0     1                 
802009de 802009de        0     1                 
802009ec 802009ec        0     1                 
802009ec 802009ec        0     1                 
80200a00 80200a00        0     1                 
80200a00 80200a00        0     1                 
80200a04 80200a04        0     1                 
80200a14 80200a14        0     1                 
80200a14 80200a14        0     1                 
80200a28 80200a28        0     1                 
80200a28 80200a28        0     1                 
80200a40 80200a40        0     1                 
80200a52 80200a52        0     1                 
80200a52 80200a52        0     1                 
80200a64 80200a64        0     1                 
80200a64 80200a64        0     1                 
80200a6a 80200a6a        0     1                 
80200a6a 80200a6a        0     1                 
80200a6a 80200a6a        0     1                 
80200a6a 80200a6a        0     1                 
80200a6a 80200a6a        0     1                 
80200a6a 80200a6a       d8     1                 test_strcmp
80200a6c 80200a6c        0     1                 
80200a6c 80200a6c        0     1                 
80200a72 80200a72        0     1                 
80200a82 80200a82        0     1                 
80200a82 80200a82        0     1                 
80200a96 80200a96        0     1                 
80200a98 80200a98        0     1                 
80200aa8 80200aa8        0     1                 
80200aa8 80200aa8        0     1                 
80200abc 80200abc        0     1                 
80200abe 80200abe        0     1                 
80200ace 80200ace        0     1                 
80200ace 80200ace        0     1                 
80200ae0 80200ae0        0     1                 
80200ae2 80200ae2        0     1                 
80200af2 80200af2        0     1                 
80200af2 80200af2        0     1                 
80200b06 80200b06        0     1                 
80200b08 80200b08        0     1                 
80200b18 80200b18        0     1                 
80200b18 80200b18        0     1                 
80200b24 80200b24        0     1                 
80200b24 80200b24        0     1                 
80200b2c 80200b2c        0     1                 
80200b2e 80200b2e        0     1                 
80200b3a 80200b3a        0     1                 
80200b42 80200b42        0     1                 
80200b42 80200b42        0     1                 
80200b44 80200b44      24a     4         /tmp/allocator-e22805.o:(.text)
80200b44 80200b44        0     1                 
80200b44 80200b44        0     1                 
80200b44 80200b44        0     1                 
80200b44 80200b44       42     1                 init_regions
80200b46 80200b46        0     1                 
80200b56 80200b56        0     1                 
80200b68 80200b68        0     1                 
80200b6e 80200b6e        0     1                 
80200b72 80200b72        0     1                 
80200b72 80200b72        0     1                 
80200b76 80200b76        0     1                 
80200b7a 80200b7a        0     1                 
80200b7c 80200b7c        0     1                 
80200b80 80200b80        0     1                 
80200b84 80200b84        0     1                 
80200b84 80200b84        0     1                 
80200b86 80200b86        0     1                 
80200b86 80200b86        0     1                 
80200b86 80200b86        0     1                 
80200b86 80200b86        0     1                 
80200b86 80200b86        0     1                 
80200b86 80200b86       c4     1                 alloc_pages
80200b88 80200b88        0     1                 
80200b8c 80200b8c        0     1                 
80200b8e 80200b8e        0     1                 
80200b92 80200b92        0     1                 
80200ba2 80200ba2        0     1                 
80200ba2 80200ba2        0     1                 
80200ba4 80200ba4        0     1                 
80200ba6 80200ba6        0     1                 
80200baa 80200baa        0     1                 
80200bac 80200bac        0     1                 
80200bb0 80200bb0        0     1                 
80200bba 80200bba        0     1                 
80200bba 80200bba        0     1                 
80200bca 80200bca        0     1                 
80200bca 80200bca        0     1                 
80200bcc 80200bcc        0     1                 
80200bce 80200bce        0     1                 
80200bd0 80200bd0        0     1                 
80200bd2 80200bd2        0     1                 
80200bd8 80200bd8        0     1                 
80200bd8 80200bd8        0     1                 
80200bdc 80200bdc        0     1                 
80200bde 80200bde        0     1                 
80200bf0 80200bf0        0     1                 
80200bf4 80200bf4        0     1                 
80200bfa 80200bfa        0     1                 
80200bfc 80200bfc        0     1                 
80200bfe 80200bfe        0     1                 
80200c00 80200c00        0     1                 
80200c04 80200c04        0     1                 
80200c0a 80200c0a        0     1                 
80200c0c 80200c0c        0     1                 
80200c14 80200c14        0     1                 
80200c18 80200c18        0     1                 
80200c22 80200c22        0     1                 
80200c22 80200c22        0     1                 
80200c2c 80200c2c        0     1                 
80200c48 80200c48        0     1                 
80200c4a 80200c4a        0     1                 
80200c4a 80200c4a        0     1                 
80200c4a 80200c4a        0     1                 
80200c4a 80200c4a        0     1                 
80200c4a 80200c4a        0     1                 
80200c4a 80200c4a       d6     1                 release_pages
80200c4c 80200c4c        0     1                 
80200c4e 80200c4e        0     1                 
80200c52 80200c52        0     1                 
80200c56 80200c56        0     1                 
80200c72 80200c72        0     1                 
80200c74 80200c74        0     1                 
80200c76 80200c76        0     1                 
80200c7a 80200c7a        0     1                 
80200c84 80200c84        0     1                 
80200c88 80200c88        0     1                 
80200c8c 80200c8c        0     1                 
80200c92 80200c92        0     1                 
80200ca0 80200ca0        0     1                 
80200ca0 80200ca0        0     1                 
80200ca2 80200ca2        0     1                 
80200ca6 80200ca6        0     1                 
80200cb0 80200cb0        0     1                 
80200cb4 80200cb4        0     1                 
80200cc2 80200cc2        0     1                 
80200cc2 80200cc2        0     1                 
80200cc4 80200cc4        0     1                 
80200cc6 80200cc6        0     1                 
80200cca 80200cca        0     1                 
80200cce 80200cce        0     1                 
80200cd0 80200cd0        0     1                 
80200cd4 80200cd4        0     1                 
80200cd8 80200cd8        0     1                 
80200cdc 80200cdc        0     1                 
80200ce0 80200ce0        0     1                 
80200ce2 80200ce2        0     1                 
80200ce6 80200ce6        0     1                 
80200ce8 80200ce8        0     1                 
80200cee 80200cee        0     1                 
80200cf2 80200cf2        0     1                 
80200cf6 80200cf6        0     1                 
80200cfc 80200cfc        0     1                 
80200cfc 80200cfc        0     1                 
80200d18 80200d18        0     1                 
80200d1a 80200d1a        0     1                 
80200d20 80200d20        0     1                 
80200d20 80200d20        0     1                 
80200d20 80200d20        0     1                 
80200d20 80200d20        0     1                 
80200d20 80200d20        0     1                 
80200d20 80200d20       6e     1                 region_to_addr
80200d22 80200d22        0     1                 
80200d24 80200d24        0     1                 
80200d28 80200d28        0     1                 
80200d2c 80200d2c        0     1                 
80200d48 80200d48        0     1                 
80200d4a 80200d4a        0     1                 
80200d4e 80200d4e        0     1                 
80200d62 80200d62        0     1                 
80200d66 80200d66        0     1                 
80200d6a 80200d6a        0     1                 
80200d70 80200d70        0     1                 
80200d8c 80200d8c        0     1                 
80200d8e 80200d8e        0     1                 
80200d8e 80200d8e        0     1                 
80200d90 80200d90      45c     4 .rodata
80200d90 80200d90      45c     1         <internal>:(.rodata)
802011ec 802011ec      600     4 .bss
802011ec 802011ec        0     1         __bss = .
802011ec 802011ec      600     4         /tmp/allocator-e22805.o:(.bss)
802011ec 802011ec      600     1                 regions
802017ec 802017ec        0     1         __bss_end = .
802017ec 802017ec        0     1 . = ALIGN ( 4 )
802017ec 802017ec    20000     1 . += 128 * 1024
802217ec 802217ec        0     1 __stack_top = .
802217ec 802217ec      814     1 . = ALIGN ( 4096 )
80222000 80222000        0     1 __free_ram = .
80222000 80222000  4000000     1 . += 64 * 1024 * 1024
84222000 84222000        0     1 __free_ram_end = .
       0        0      43a     1 .debug_loclists
       0        0       a8     1         /tmp/kernel-e794f9.o:(.debug_loclists)
       c        c        0     1                 
      a8       a8      289     1         /tmp/common-3b613f.o:(.debug_loclists)
      b4       b4        0     1                 
     331      331       6a     1         /tmp/test_common-2d4bf9.o:(.debug_loclists)
     33d      33d        0     1                 
     39b      39b       9f     1         /tmp/allocator-e22805.o:(.debug_loclists)
     3a7      3a7        0     1                 
       0        0      59c     1 .debug_abbrev
       0        0      187     1         /tmp/kernel-e794f9.o:(.debug_abbrev)
     187      187      16f     1         /tmp/common-3b613f.o:(.debug_abbrev)
     2f6      2f6      110     1         /tmp/test_common-2d4bf9.o:(.debug_abbrev)
     406      406      196     1         /tmp/allocator-e22805.o:(.debug_abbrev)
       0        0      d78     1 .debug_info
       0        0      45c     1         /tmp/kernel-e794f9.o:(.debug_info)
     45c      45c      28b     1         /tmp/common-3b613f.o:(.debug_info)
     6e7      6e7      45f     1         /tmp/test_common-2d4bf9.o:(.debug_info)
     b46      b46      232     1         /tmp/allocator-e22805.o:(.debug_info)
       0        0       60     1 .debug_rnglists
       0        0       18     1         /tmp/kernel-e794f9.o:(.debug_rnglists)
       c        c        0     1                 
      18       18       48     1         /tmp/common-3b613f.o:(.debug_rnglists)
      24       24        0     1                 
       0        0      2e4     1 .debug_str_offsets
       0        0      130     1         /tmp/kernel-e794f9.o:(.debug_str_offsets)
       8        8        0     1                 
     130      130       a4     1         /tmp/common-3b613f.o:(.debug_str_offsets)
     138      138        0     1                 
     1d4      1d4       78     1         /tmp/test_common-2d4bf9.o:(.debug_str_offsets)
     1dc      1dc        0     1                 
     24c      24c       98     1         /tmp/allocator-e22805.o:(.debug_str_offsets)
     254      254        0     1                 
       0        0      3fd     1 .debug_str
       0        0      3fd     1         <internal>:(.debug_str)
       0        0      25c     1 .debug_addr
       0        0       5c     1         /tmp/kernel-e794f9.o:(.debug_addr)
       8        8        0     1                 
      5c       5c       60     1         /tmp/common-3b613f.o:(.debug_addr)
      64       64        0     1                 
      bc       bc      158     1         /tmp/test_common-2d4bf9.o:(.debug_addr)
      c4       c4        0     1                 
     214      214       48     1         /tmp/allocator-e22805.o:(.debug_addr)
     21c      21c        0     1                 
       0        0       42     1 .comment
       0        0       42     1         <internal>:(.comment)
       0        0       2b     1 .riscv.attributes
       0        0       2b     1         /tmp/kernel-e794f9.o:(.riscv.attributes)
       0        0      224     4 .debug_frame
       0        0       88     4         /tmp/kernel-e794f9.o:(.debug_frame)
       0        0        0     1                 
      88       88       84     4         /tmp/common-3b613f.o:(.debug_frame)
      88       88        0     1                 
     10c      10c       ac     4         /tmp/test_common-2d4bf9.o:(.debug_frame)
     10c      10c        0     1                 
     1b8      1b8       6c     4         /tmp/allocator-e22805.o:(.debug_frame)
     1b8      1b8        0     1                 
       0        0      cd5     1 .debug_line
       0        0      176     1         /tmp/kernel-e794f9.o:(.debug_line)
       0        0        0     1                 .Lline_table_start0
     176      176      450     1         /tmp/common-3b613f.o:(.debug_line)
     176      176        0     1                 .Lline_table_start0
     5c6      5c6      3ee     1         /tmp/test_common-2d4bf9.o:(.debug_line)
     5c6      5c6        0     1                 .Lline_table_start0
     9b4      9b4      321     1         /tmp/allocator-e22805.o:(.debug_line)
     9b4      9b4        0     1                 .Lline_table_start0
       0        0       70     1 .debug_line_str
       0        0       70     1         <internal>:(.debug_line_str)
       0        0     3370     4 .symtab
       0        0     3370     4         <internal>:(.symtab)
       0        0       d6     1 .shstrtab
       0        0       d6     1         <internal>:(.shstrtab)
       0        0      197     1 .strtab
       0        0      197     1         <internal>:(.strtab)
