     VMA      LMA     Size Align Out     In      Symbol
       0        0 80200000     1 . = 0x80200000
80200000 80200000      fde     4 .text
80200000 80200000        e     2         /tmp/kernel-6a827d.o:(.text.boot)
80200000 80200000        0     1                 
80200000 80200000        0     1                 
80200000 80200000        0     1                 
80200000 80200000        0     1                 
80200000 80200000        e     1                 boot
8020000e 8020000e        0     1                 
8020000e 8020000e        0     1                 
80200010 80200010      13a     4         /tmp/kernel-6a827d.o:(.text)
80200010 80200010        0     1                 
80200010 80200010        0     1                 
80200010 80200010        0     1                 
80200010 80200010        0     1                 
80200010 80200010       96     1                 kernel_entry
802000a6 802000a6        0     1                 
802000a6 802000a6        0     1                 
802000a6 802000a6        0     1                 
802000a6 802000a6        0     1                 
802000a6 802000a6        0     1                 
802000a6 802000a6       2e     1                 handle_trap
802000a8 802000a8        0     1                 
802000a8 802000a8        0     1                 
802000a8 802000a8        0     1                 
802000aa 802000aa        0     1                 
802000ae 802000ae        0     1                 
802000ae 802000ae        0     1                 
802000b2 802000b2        0     1                 
802000b2 802000b2        0     1                 
802000b6 802000b6        0     1                 
802000b6 802000b6        0     1                 
802000d2 802000d2        0     1                 
802000d4 802000d4        0     1                 
802000d4 802000d4        0     1                 
802000d4 802000d4        0     1                 
802000d4 802000d4        0     1                 
802000d4 802000d4        0     1                 
802000d4 802000d4        0     1                 
802000d4 802000d4        6     1                 sbi_call
802000d8 802000d8        0     1                 
802000da 802000da        0     1                 
802000da 802000da        0     1                 
802000da 802000da        0     1                 
802000da 802000da        0     1                 
802000da 802000da        0     1                 
802000da 802000da        0     1                 
802000da 802000da       14     1                 putchar
802000ec 802000ec        0     1                 
802000ec 802000ec        0     1                 
802000ee 802000ee        0     1                 
802000ee 802000ee        0     1                 
802000ee 802000ee        0     1                 
802000ee 802000ee        0     1                 
802000ee 802000ee        0     1                 
802000ee 802000ee       5c     1                 kernel_main
802000f0 802000f0        0     1                 
802000f0 802000f0        0     1                 
802000f2 802000f2        0     1                 
80200110 80200110        0     1                 
80200110 80200110        0     1                 
8020011c 8020011c        0     1                 
8020011c 8020011c        0     1                 
80200124 80200124        0     1                 
80200124 80200124        0     1                 
8020012c 8020012c        0     1                 
8020012c 8020012c        0     1                 
80200148 80200148        0     1                 
8020014a 8020014a        0     1                 
8020014a 8020014a        0     1                 
8020014c 8020014c      2e4     4         /tmp/common-f37a26.o:(.text)
8020014c 8020014c        0     1                 
8020014c 8020014c        0     1                 
8020014c 8020014c        0     1                 
8020014c 8020014c      24a     1                 printf
8020014e 8020014e        0     1                 
80200168 80200168        0     1                 
8020017a 8020017a        0     1                 
802001a6 802001a6        0     1                 
802001aa 802001aa        0     1                 
802001b2 802001b2        0     1                 
802001ba 802001ba        0     1                 
802001ba 802001ba        0     1                 
802001bc 802001bc        0     1                 
802001c0 802001c0        0     1                 
802001c4 802001c4        0     1                 
802001c8 802001c8        0     1                 
802001ca 802001ca        0     1                 
802001d6 802001d6        0     1                 
802001d6 802001d6        0     1                 
802001e0 802001e0        0     1                 
802001e0 802001e0        0     1                 
802001e4 802001e4        0     1                 
802001ea 802001ea        0     1                 
802001f6 802001f6        0     1                 
802001f6 802001f6        0     1                 
802001fa 802001fa        0     1                 
80200200 80200200        0     1                 
80200200 80200200        0     1                 
80200204 80200204        0     1                 
80200204 80200204        0     1                 
8020020e 8020020e        0     1                 
8020020e 8020020e        0     1                 
80200212 80200212        0     1                 
80200216 80200216        0     1                 
80200222 80200222        0     1                 
80200222 80200222        0     1                 
80200226 80200226        0     1                 
8020022a 8020022a        0     1                 
8020022e 8020022e        0     1                 
8020023a 8020023a        0     1                 
8020023e 8020023e        0     1                 
80200240 80200240        0     1                 
80200244 80200244        0     1                 
80200246 80200246        0     1                 
8020024a 8020024a        0     1                 
8020024e 8020024e        0     1                 
8020025a 8020025a        0     1                 
8020025a 8020025a        0     1                 
80200260 80200260        0     1                 
8020026e 8020026e        0     1                 
80200272 80200272        0     1                 
80200272 80200272        0     1                 
80200278 80200278        0     1                 
80200282 80200282        0     1                 
80200286 80200286        0     1                 
8020028a 8020028a        0     1                 
80200290 80200290        0     1                 
80200296 80200296        0     1                 
80200298 80200298        0     1                 
802002a4 802002a4        0     1                 
802002a4 802002a4        0     1                 
802002aa 802002aa        0     1                 
802002b6 802002b6        0     1                 
802002b6 802002b6        0     1                 
802002ba 802002ba        0     1                 
802002bc 802002bc        0     1                 
802002c0 802002c0        0     1                 
802002d2 802002d2        0     1                 
802002d2 802002d2        0     1                 
802002d6 802002d6        0     1                 
802002d8 802002d8        0     1                 
802002dc 802002dc        0     1                 
802002ee 802002ee        0     1                 
802002ee 802002ee        0     1                 
802002f2 802002f2        0     1                 
802002f4 802002f4        0     1                 
802002f8 802002f8        0     1                 
8020030a 8020030a        0     1                 
8020030a 8020030a        0     1                 
8020030e 8020030e        0     1                 
80200310 80200310        0     1                 
80200314 80200314        0     1                 
80200326 80200326        0     1                 
80200326 80200326        0     1                 
8020032a 8020032a        0     1                 
8020032c 8020032c        0     1                 
80200330 80200330        0     1                 
80200342 80200342        0     1                 
80200342 80200342        0     1                 
80200346 80200346        0     1                 
80200348 80200348        0     1                 
8020034c 8020034c        0     1                 
8020035e 8020035e        0     1                 
8020035e 8020035e        0     1                 
80200362 80200362        0     1                 
80200366 80200366        0     1                 
80200378 80200378        0     1                 
80200378 80200378        0     1                 
80200396 80200396        0     1                 
80200396 80200396        0     1                 
80200396 80200396        0     1                 
80200396 80200396        0     1                 
80200396 80200396        0     1                 
80200396 80200396        0     1                 
80200396 80200396       1a     1                 memcpy
80200398 80200398        0     1                 
8020039a 8020039a        0     1                 
8020039e 8020039e        0     1                 
802003a0 802003a0        0     1                 
802003a2 802003a2        0     1                 
802003a6 802003a6        0     1                 
802003aa 802003aa        0     1                 
802003ac 802003ac        0     1                 
802003ae 802003ae        0     1                 
802003b0 802003b0        0     1                 
802003b0 802003b0        0     1                 
802003b0 802003b0        0     1                 
802003b0 802003b0        0     1                 
802003b0 802003b0        0     1                 
802003b0 802003b0        0     1                 
802003b0 802003b0       14     1                 memset
802003b2 802003b2        0     1                 
802003b4 802003b4        0     1                 
802003b6 802003b6        0     1                 
802003ba 802003ba        0     1                 
802003be 802003be        0     1                 
802003c0 802003c0        0     1                 
802003c2 802003c2        0     1                 
802003c4 802003c4        0     1                 
802003c4 802003c4        0     1                 
802003c4 802003c4        0     1                 
802003c4 802003c4        0     1                 
802003c4 802003c4        0     1                 
802003c4 802003c4        0     1                 
802003c4 802003c4       24     1                 strcpy
802003ca 802003ca        0     1                 
802003ce 802003ce        0     1                 
802003d0 802003d0        0     1                 
802003d4 802003d4        0     1                 
802003d8 802003d8        0     1                 
802003dc 802003dc        0     1                 
802003de 802003de        0     1                 
802003e0 802003e0        0     1                 
802003e2 802003e2        0     1                 
802003e6 802003e6        0     1                 
802003e8 802003e8        0     1                 
802003e8 802003e8        0     1                 
802003e8 802003e8        0     1                 
802003e8 802003e8        0     1                 
802003e8 802003e8        0     1                 
802003e8 802003e8        0     1                 
802003e8 802003e8       38     1                 strcmp
802003ec 802003ec        0     1                 
802003ee 802003ee        0     1                 
802003f0 802003f0        0     1                 
802003f4 802003f4        0     1                 
80200402 80200402        0     1                 
80200406 80200406        0     1                 
8020040a 8020040a        0     1                 
8020040c 8020040c        0     1                 
80200410 80200410        0     1                 
80200412 80200412        0     1                 
80200416 80200416        0     1                 
8020041a 8020041a        0     1                 
8020041e 8020041e        0     1                 
80200420 80200420        0     1                 
80200420 80200420        0     1                 
80200420 80200420        0     1                 
80200420 80200420        0     1                 
80200420 80200420        0     1                 
80200420 80200420       10     1                 delay
80200428 80200428        0     1                 
80200428 80200428        0     1                 
8020042a 8020042a        0     1                 
8020042c 8020042c        0     1                 
8020042e 8020042e        0     1                 
8020042e 8020042e        0     1                 
80200430 80200430        0     1                 
80200430 80200430        0     1                 
80200430 80200430      6be     4         /tmp/test_common-b213f9.o:(.text)
80200430 80200430        0     1                 
80200430 80200430        0     1                 
80200430 80200430        0     1                 
80200430 80200430      206     1                 test_common
80200432 80200432        0     1                 
80200432 80200432        0     1                 
8020043a 8020043a        0     1                 
80200442 80200442        0     1                 
80200442 80200442        0     1                 
80200452 80200452        0     1                 
80200452 80200452        0     1                 
80200456 80200456        0     1                 
80200464 80200464        0     1                 
80200474 80200474        0     1                 
80200474 80200474        0     1                 
8020048a 8020048a        0     1                 
8020048a 8020048a        0     1                 
80200492 80200492        0     1                 
8020049c 8020049c        0     1                 
8020049e 8020049e        0     1                 
802004ac 802004ac        0     1                 
802004ac 802004ac        0     1                 
802004be 802004be        0     1                 
802004be 802004be        0     1                 
802004d6 802004d6        0     1                 
802004da 802004da        0     1                 
802004e6 802004e6        0     1                 
802004e6 802004e6        0     1                 
802004f8 802004f8        0     1                 
802004f8 802004f8        0     1                 
80200508 80200508        0     1                 
80200508 80200508        0     1                 
8020051a 8020051a        0     1                 
8020051a 8020051a        0     1                 
8020051e 8020051e        0     1                 
80200532 80200532        0     1                 
80200532 80200532        0     1                 
80200542 80200542        0     1                 
80200542 80200542        0     1                 
80200546 80200546        0     1                 
8020054a 8020054a        0     1                 
8020054e 8020054e        0     1                 
8020055e 8020055e        0     1                 
8020055e 8020055e        0     1                 
8020056c 8020056c        0     1                 
8020057c 8020057c        0     1                 
8020057c 8020057c        0     1                 
8020058e 8020058e        0     1                 
8020058e 8020058e        0     1                 
8020059e 8020059e        0     1                 
8020059e 8020059e        0     1                 
802005a4 802005a4        0     1                 
802005b2 802005b2        0     1                 
802005b2 802005b2        0     1                 
802005c0 802005c0        0     1                 
802005c0 802005c0        0     1                 
802005c4 802005c4        0     1                 
802005d2 802005d2        0     1                 
802005d2 802005d2        0     1                 
802005e6 802005e6        0     1                 
802005e6 802005e6        0     1                 
802005fe 802005fe        0     1                 
80200610 80200610        0     1                 
80200610 80200610        0     1                 
80200622 80200622        0     1                 
80200622 80200622        0     1                 
8020062a 8020062a        0     1                 
8020062a 8020062a        0     1                 
80200636 80200636        0     1                 
80200636 80200636        0     1                 
80200636 80200636        0     1                 
80200636 80200636        0     1                 
80200636 80200636        0     1                 
80200636 80200636      1d0     1                 test_printf
80200638 80200638        0     1                 
80200638 80200638        0     1                 
8020063a 8020063a        0     1                 
8020064a 8020064a        0     1                 
8020064a 8020064a        0     1                 
8020065a 8020065a        0     1                 
8020065a 8020065a        0     1                 
80200672 80200672        0     1                 
80200672 80200672        0     1                 
8020068a 8020068a        0     1                 
8020068a 8020068a        0     1                 
8020069c 8020069c        0     1                 
8020069c 8020069c        0     1                 
802006b0 802006b0        0     1                 
802006b0 802006b0        0     1                 
802006c4 802006c4        0     1                 
802006c4 802006c4        0     1                 
802006d6 802006d6        0     1                 
802006d6 802006d6        0     1                 
802006e8 802006e8        0     1                 
802006e8 802006e8        0     1                 
802006fc 802006fc        0     1                 
802006fc 802006fc        0     1                 
80200710 80200710        0     1                 
80200710 80200710        0     1                 
80200724 80200724        0     1                 
80200724 80200724        0     1                 
80200736 80200736        0     1                 
80200736 80200736        0     1                 
80200748 80200748        0     1                 
80200748 80200748        0     1                 
80200760 80200760        0     1                 
80200760 80200760        0     1                 
80200772 80200772        0     1                 
80200772 80200772        0     1                 
80200792 80200792        0     1                 
80200792 80200792        0     1                 
802007b2 802007b2        0     1                 
802007b2 802007b2        0     1                 
802007c2 802007c2        0     1                 
802007c2 802007c2        0     1                 
802007d2 802007d2        0     1                 
802007d2 802007d2        0     1                 
802007e2 802007e2        0     1                 
802007e2 802007e2        0     1                 
802007f2 802007f2        0     1                 
802007f2 802007f2        0     1                 
802007fe 802007fe        0     1                 
80200806 80200806        0     1                 
80200806 80200806        0     1                 
80200806 80200806        0     1                 
80200806 80200806        0     1                 
80200806 80200806        0     1                 
80200806 80200806       be     1                 test_memcpy
80200808 80200808        0     1                 
80200808 80200808        0     1                 
8020080a 8020080a        0     1                 
8020081a 8020081a        0     1                 
8020081a 8020081a        0     1                 
8020081e 8020081e        0     1                 
8020082c 8020082c        0     1                 
8020083c 8020083c        0     1                 
8020083c 8020083c        0     1                 
80200850 80200850        0     1                 
80200850 80200850        0     1                 
80200858 80200858        0     1                 
80200862 80200862        0     1                 
80200864 80200864        0     1                 
80200872 80200872        0     1                 
80200872 80200872        0     1                 
80200884 80200884        0     1                 
80200884 80200884        0     1                 
8020089c 8020089c        0     1                 
802008a0 802008a0        0     1                 
802008ac 802008ac        0     1                 
802008ac 802008ac        0     1                 
802008be 802008be        0     1                 
802008be 802008be        0     1                 
802008c4 802008c4        0     1                 
802008c4 802008c4        0     1                 
802008c4 802008c4        0     1                 
802008c4 802008c4        0     1                 
802008c4 802008c4        0     1                 
802008c4 802008c4       a0     1                 test_memset
802008c6 802008c6        0     1                 
802008c6 802008c6        0     1                 
802008c8 802008c8        0     1                 
802008d8 802008d8        0     1                 
802008d8 802008d8        0     1                 
802008ea 802008ea        0     1                 
802008ea 802008ea        0     1                 
802008ee 802008ee        0     1                 
80200902 80200902        0     1                 
80200902 80200902        0     1                 
80200912 80200912        0     1                 
80200912 80200912        0     1                 
80200916 80200916        0     1                 
8020091a 8020091a        0     1                 
8020091e 8020091e        0     1                 
8020092e 8020092e        0     1                 
8020092e 8020092e        0     1                 
8020093c 8020093c        0     1                 
8020094c 8020094c        0     1                 
8020094c 8020094c        0     1                 
8020095e 8020095e        0     1                 
8020095e 8020095e        0     1                 
80200964 80200964        0     1                 
80200964 80200964        0     1                 
80200964 80200964        0     1                 
80200964 80200964        0     1                 
80200964 80200964        0     1                 
80200964 80200964       b2     1                 test_strcpy
80200966 80200966        0     1                 
80200966 80200966        0     1                 
80200968 80200968        0     1                 
80200978 80200978        0     1                 
80200978 80200978        0     1                 
8020097c 8020097c        0     1                 
8020098a 8020098a        0     1                 
80200998 80200998        0     1                 
80200998 80200998        0     1                 
802009ac 802009ac        0     1                 
802009ac 802009ac        0     1                 
802009b0 802009b0        0     1                 
802009c0 802009c0        0     1                 
802009c0 802009c0        0     1                 
802009d4 802009d4        0     1                 
802009d4 802009d4        0     1                 
802009ec 802009ec        0     1                 
802009fe 802009fe        0     1                 
802009fe 802009fe        0     1                 
80200a10 80200a10        0     1                 
80200a10 80200a10        0     1                 
80200a16 80200a16        0     1                 
80200a16 80200a16        0     1                 
80200a16 80200a16        0     1                 
80200a16 80200a16        0     1                 
80200a16 80200a16        0     1                 
80200a16 80200a16       d8     1                 test_strcmp
80200a18 80200a18        0     1                 
80200a18 80200a18        0     1                 
80200a1e 80200a1e        0     1                 
80200a2e 80200a2e        0     1                 
80200a2e 80200a2e        0     1                 
80200a42 80200a42        0     1                 
80200a44 80200a44        0     1                 
80200a54 80200a54        0     1                 
80200a54 80200a54        0     1                 
80200a68 80200a68        0     1                 
80200a6a 80200a6a        0     1                 
80200a7a 80200a7a        0     1                 
80200a7a 80200a7a        0     1                 
80200a8c 80200a8c        0     1                 
80200a8e 80200a8e        0     1                 
80200a9e 80200a9e        0     1                 
80200a9e 80200a9e        0     1                 
80200ab2 80200ab2        0     1                 
80200ab4 80200ab4        0     1                 
80200ac4 80200ac4        0     1                 
80200ac4 80200ac4        0     1                 
80200ad0 80200ad0        0     1                 
80200ad0 80200ad0        0     1                 
80200ad8 80200ad8        0     1                 
80200ada 80200ada        0     1                 
80200ae6 80200ae6        0     1                 
80200aee 80200aee        0     1                 
80200aee 80200aee        0     1                 
80200af0 80200af0      24a     4         /tmp/allocator-52797c.o:(.text)
80200af0 80200af0        0     1                 
80200af0 80200af0        0     1                 
80200af0 80200af0        0     1                 
80200af0 80200af0       42     1                 init_regions
80200af2 80200af2        0     1                 
80200b02 80200b02        0     1                 
80200b14 80200b14        0     1                 
80200b1a 80200b1a        0     1                 
80200b1e 80200b1e        0     1                 
80200b1e 80200b1e        0     1                 
80200b22 80200b22        0     1                 
80200b26 80200b26        0     1                 
80200b28 80200b28        0     1                 
80200b2c 80200b2c        0     1                 
80200b30 80200b30        0     1                 
80200b30 80200b30        0     1                 
80200b32 80200b32        0     1                 
80200b32 80200b32        0     1                 
80200b32 80200b32        0     1                 
80200b32 80200b32        0     1                 
80200b32 80200b32        0     1                 
80200b32 80200b32       c4     1                 alloc_pages
80200b34 80200b34        0     1                 
80200b38 80200b38        0     1                 
80200b3a 80200b3a        0     1                 
80200b3e 80200b3e        0     1                 
80200b4e 80200b4e        0     1                 
80200b4e 80200b4e        0     1                 
80200b50 80200b50        0     1                 
80200b52 80200b52        0     1                 
80200b56 80200b56        0     1                 
80200b58 80200b58        0     1                 
80200b5c 80200b5c        0     1                 
80200b66 80200b66        0     1                 
80200b66 80200b66        0     1                 
80200b76 80200b76        0     1                 
80200b76 80200b76        0     1                 
80200b78 80200b78        0     1                 
80200b7a 80200b7a        0     1                 
80200b7c 80200b7c        0     1                 
80200b7e 80200b7e        0     1                 
80200b84 80200b84        0     1                 
80200b84 80200b84        0     1                 
80200b88 80200b88        0     1                 
80200b8a 80200b8a        0     1                 
80200b9c 80200b9c        0     1                 
80200ba0 80200ba0        0     1                 
80200ba6 80200ba6        0     1                 
80200ba8 80200ba8        0     1                 
80200baa 80200baa        0     1                 
80200bac 80200bac        0     1                 
80200bb0 80200bb0        0     1                 
80200bb6 80200bb6        0     1                 
80200bb8 80200bb8        0     1                 
80200bc0 80200bc0        0     1                 
80200bc4 80200bc4        0     1                 
80200bce 80200bce        0     1                 
80200bce 80200bce        0     1                 
80200bd8 80200bd8        0     1                 
80200bf4 80200bf4        0     1                 
80200bf6 80200bf6        0     1                 
80200bf6 80200bf6        0     1                 
80200bf6 80200bf6        0     1                 
80200bf6 80200bf6        0     1                 
80200bf6 80200bf6        0     1                 
80200bf6 80200bf6       d6     1                 release_pages
80200bf8 80200bf8        0     1                 
80200bfa 80200bfa        0     1                 
80200bfe 80200bfe        0     1                 
80200c02 80200c02        0     1                 
80200c1e 80200c1e        0     1                 
80200c20 80200c20        0     1                 
80200c22 80200c22        0     1                 
80200c26 80200c26        0     1                 
80200c30 80200c30        0     1                 
80200c34 80200c34        0     1                 
80200c38 80200c38        0     1                 
80200c3e 80200c3e        0     1                 
80200c4c 80200c4c        0     1                 
80200c4c 80200c4c        0     1                 
80200c4e 80200c4e        0     1                 
80200c52 80200c52        0     1                 
80200c5c 80200c5c        0     1                 
80200c60 80200c60        0     1                 
80200c6e 80200c6e        0     1                 
80200c6e 80200c6e        0     1                 
80200c70 80200c70        0     1                 
80200c72 80200c72        0     1                 
80200c76 80200c76        0     1                 
80200c7a 80200c7a        0     1                 
80200c7c 80200c7c        0     1                 
80200c80 80200c80        0     1                 
80200c84 80200c84        0     1                 
80200c88 80200c88        0     1                 
80200c8c 80200c8c        0     1                 
80200c8e 80200c8e        0     1                 
80200c92 80200c92        0     1                 
80200c94 80200c94        0     1                 
80200c9a 80200c9a        0     1                 
80200c9e 80200c9e        0     1                 
80200ca2 80200ca2        0     1                 
80200ca8 80200ca8        0     1                 
80200ca8 80200ca8        0     1                 
80200cc4 80200cc4        0     1                 
80200cc6 80200cc6        0     1                 
80200ccc 80200ccc        0     1                 
80200ccc 80200ccc        0     1                 
80200ccc 80200ccc        0     1                 
80200ccc 80200ccc        0     1                 
80200ccc 80200ccc        0     1                 
80200ccc 80200ccc       6e     1                 region_to_addr
80200cce 80200cce        0     1                 
80200cd0 80200cd0        0     1                 
80200cd4 80200cd4        0     1                 
80200cd8 80200cd8        0     1                 
80200cf4 80200cf4        0     1                 
80200cf6 80200cf6        0     1                 
80200cfa 80200cfa        0     1                 
80200d0e 80200d0e        0     1                 
80200d12 80200d12        0     1                 
80200d16 80200d16        0     1                 
80200d1c 80200d1c        0     1                 
80200d38 80200d38        0     1                 
80200d3a 80200d3a        0     1                 
80200d3a 80200d3a        0     1                 
80200d3c 80200d3c      19a     4         /tmp/process-e410d7.o:(.text)
80200d3c 80200d3c        0     1                 
80200d3c 80200d3c        0     1                 
80200d3c 80200d3c        0     1                 
80200d3c 80200d3c        0     1                 
80200d3c 80200d3c       46     1                 switch_context
80200d82 80200d82        0     1                 
80200d82 80200d82        0     1                 
80200d82 80200d82        0     1                 
80200d82 80200d82        0     1                 
80200d82 80200d82        0     1                 
80200d82 80200d82      154     1                 create_process
80200d84 80200d84        0     1                 
80200d86 80200d86        0     1                 
80200d8e 80200d8e        0     1                 
80200d90 80200d90        0     1                 
80200d92 80200d92        0     1                 
80200d98 80200d98        0     1                 
80200d9a 80200d9a        0     1                 
80200d9c 80200d9c        0     1                 
80200dac 80200dac        0     1                 
80200dae 80200dae        0     1                 
80200db0 80200db0        0     1                 
80200db8 80200db8        0     1                 
80200dba 80200dba        0     1                 
80200dbc 80200dbc        0     1                 
80200dcc 80200dcc        0     1                 
80200dce 80200dce        0     1                 
80200dd0 80200dd0        0     1                 
80200dd8 80200dd8        0     1                 
80200dda 80200dda        0     1                 
80200ddc 80200ddc        0     1                 
80200dec 80200dec        0     1                 
80200dee 80200dee        0     1                 
80200df0 80200df0        0     1                 
80200df8 80200df8        0     1                 
80200dfa 80200dfa        0     1                 
80200dfc 80200dfc        0     1                 
80200e18 80200e18        0     1                 
80200e1a 80200e1a        0     1                 
80200e3e 80200e3e        0     1                 
80200e44 80200e44        0     1                 
80200e48 80200e48        0     1                 
80200e4a 80200e4a        0     1                 
80200e52 80200e52        0     1                 
80200e54 80200e54        0     1                 
80200e58 80200e58        0     1                 
80200e5c 80200e5c        0     1                 
80200e64 80200e64        0     1                 
80200e66 80200e66        0     1                 
80200e6e 80200e6e        0     1                 
80200e70 80200e70        0     1                 
80200e78 80200e78        0     1                 
80200e7a 80200e7a        0     1                 
80200e82 80200e82        0     1                 
80200e84 80200e84        0     1                 
80200e8c 80200e8c        0     1                 
80200e8e 80200e8e        0     1                 
80200e96 80200e96        0     1                 
80200e98 80200e98        0     1                 
80200ea0 80200ea0        0     1                 
80200ea2 80200ea2        0     1                 
80200eaa 80200eaa        0     1                 
80200eac 80200eac        0     1                 
80200eb4 80200eb4        0     1                 
80200eb6 80200eb6        0     1                 
80200ebe 80200ebe        0     1                 
80200ec0 80200ec0        0     1                 
80200ec2 80200ec2        0     1                 
80200ec6 80200ec6        0     1                 
80200eca 80200eca        0     1                 
80200ecc 80200ecc        0     1                 
80200ece 80200ece        0     1                 
80200ed6 80200ed6        0     1                 
80200ed6 80200ed6        0     1                 
80200ed8 80200ed8      106     4         /tmp/test_process-c41468.o:(.text)
80200ed8 80200ed8        0     1                 
80200ed8 80200ed8        0     1                 
80200ed8 80200ed8        0     1                 
80200ed8 80200ed8       72     1                 test_process
80200eda 80200eda        0     1                 
80200eda 80200eda        0     1                 
80200ee0 80200ee0        0     1                 
80200ef0 80200ef0        0     1                 
80200ef0 80200ef0        0     1                 
80200ef8 80200ef8        0     1                 
80200f08 80200f08        0     1                 
80200f08 80200f08        0     1                 
80200f10 80200f10        0     1                 
80200f10 80200f10        0     1                 
80200f20 80200f20        0     1                 
80200f20 80200f20        0     1                 
80200f2c 80200f2c        0     1                 
80200f30 80200f30        0     1                 
80200f34 80200f34        0     1                 
80200f36 80200f36        0     1                 
80200f38 80200f38        0     1                 
80200f40 80200f40        0     1                 
80200f40 80200f40        0     1                 
80200f48 80200f48        0     1                 
80200f48 80200f48        0     1                 
80200f4a 80200f4a       4a     1                 proc_a_entry
80200f4a 80200f4a        0     1                 
80200f4a 80200f4a        0     1                 
80200f4a 80200f4a        0     1                 
80200f4a 80200f4a        0     1                 
80200f4a 80200f4a        0     1                 
80200f4a 80200f4a        0     1                 
80200f4c 80200f4c        0     1                 
80200f4c 80200f4c        0     1                 
80200f52 80200f52        0     1                 
80200f62 80200f62        0     1                 
80200f62 80200f62        0     1                 
80200f6a 80200f6a        0     1                 
80200f76 80200f76        0     1                 
80200f7a 80200f7a        0     1                 
80200f7e 80200f7e        0     1                 
80200f80 80200f80        0     1                 
80200f82 80200f82        0     1                 
80200f8a 80200f8a        0     1                 
80200f8a 80200f8a        0     1                 
80200f92 80200f92        0     1                 
80200f92 80200f92        0     1                 
80200f94 80200f94       4a     1                 proc_b_entry
80200f94 80200f94        0     1                 
80200f94 80200f94        0     1                 
80200f94 80200f94        0     1                 
80200f94 80200f94        0     1                 
80200f94 80200f94        0     1                 
80200f96 80200f96        0     1                 
80200f96 80200f96        0     1                 
80200f9c 80200f9c        0     1                 
80200fac 80200fac        0     1                 
80200fac 80200fac        0     1                 
80200fb4 80200fb4        0     1                 
80200fc0 80200fc0        0     1                 
80200fc4 80200fc4        0     1                 
80200fc8 80200fc8        0     1                 
80200fca 80200fca        0     1                 
80200fcc 80200fcc        0     1                 
80200fd4 80200fd4        0     1                 
80200fd4 80200fd4        0     1                 
80200fdc 80200fdc        0     1                 
80200fdc 80200fdc        0     1                 
80200fde 80200fde        0     1                 
80200fde 80200fde        0     1                 
80200fe0 80200fe0      462     4 .rodata
80200fe0 80200fe0      462     1         <internal>:(.rodata)
80201444 80201444    10668     4 .bss
80201444 80201444        0     1         __bss = .
80201444 80201444      600     4         /tmp/allocator-52797c.o:(.bss)
80201444 80201444      600     1                 regions
80201a44 80201a44    10060     4         /tmp/process-e410d7.o:(.bss)
80201a44 80201a44    10060     1                 procs
80211aa4 80211aa4        8     4         /tmp/test_process-c41468.o:(.sbss)
80211aa4 80211aa4        4     1                 proc_a
80211aa8 80211aa8        4     1                 proc_b
80211aac 80211aac        0     1         __bss_end = .
80211aac 80211aac        0     1 . = ALIGN ( 4 )
80211aac 80211aac    20000     1 . += 128 * 1024
80231aac 80231aac        0     1 __stack_top = .
80231aac 80231aac      554     1 . = ALIGN ( 4096 )
80232000 80232000        0     1 __free_ram = .
80232000 80232000  4000000     1 . += 64 * 1024 * 1024
84232000 84232000        0     1 __free_ram_end = .
       0        0      574     1 .debug_loclists
       0        0       8c     1         /tmp/kernel-6a827d.o:(.debug_loclists)
       c        c        0     1                 
      8c       8c      2b3     1         /tmp/common-f37a26.o:(.debug_loclists)
      98       98        0     1                 
     33f      33f       6a     1         /tmp/test_common-b213f9.o:(.debug_loclists)
     34b      34b        0     1                 
     3a9      3a9       9f     1         /tmp/allocator-52797c.o:(.debug_loclists)
     3b5      3b5        0     1                 
     448      448      12c     1         /tmp/process-e410d7.o:(.debug_loclists)
     454      454        0     1                 
       0        0      7ce     1 .debug_abbrev
       0        0      187     1         /tmp/kernel-6a827d.o:(.debug_abbrev)
     187      187      16f     1         /tmp/common-f37a26.o:(.debug_abbrev)
     2f6      2f6      110     1         /tmp/test_common-b213f9.o:(.debug_abbrev)
     406      406      196     1         /tmp/allocator-52797c.o:(.debug_abbrev)
     59c      59c      106     1         /tmp/process-e410d7.o:(.debug_abbrev)
     6a2      6a2      12c     1         /tmp/test_process-c41468.o:(.debug_abbrev)
       0        0      f87     1 .debug_info
       0        0      3f2     1         /tmp/kernel-6a827d.o:(.debug_info)
     3f2      3f2      2a7     1         /tmp/common-f37a26.o:(.debug_info)
     699      699      45f     1         /tmp/test_common-b213f9.o:(.debug_info)
     af8      af8      232     1         /tmp/allocator-52797c.o:(.debug_info)
     d2a      d2a      107     1         /tmp/process-e410d7.o:(.debug_info)
     e31      e31      156     1         /tmp/test_process-c41468.o:(.debug_info)
       0        0       60     1 .debug_rnglists
       0        0       18     1         /tmp/kernel-6a827d.o:(.debug_rnglists)
       c        c        0     1                 
      18       18       48     1         /tmp/common-f37a26.o:(.debug_rnglists)
      24       24        0     1                 
       0        0      3a0     1 .debug_str_offsets
       0        0      118     1         /tmp/kernel-6a827d.o:(.debug_str_offsets)
       8        8        0     1                 
     118      118       a8     1         /tmp/common-f37a26.o:(.debug_str_offsets)
     120      120        0     1                 
     1c0      1c0       78     1         /tmp/test_common-b213f9.o:(.debug_str_offsets)
     1c8      1c8        0     1                 
     238      238       98     1         /tmp/allocator-52797c.o:(.debug_str_offsets)
     240      240        0     1                 
     2d0      2d0       64     1         /tmp/process-e410d7.o:(.debug_str_offsets)
     2d8      2d8        0     1                 
     334      334       6c     1         /tmp/test_process-c41468.o:(.debug_str_offsets)
     33c      33c        0     1                 
       0        0      482     1 .debug_str
       0        0      482     1         <internal>:(.debug_str)
       0        0      2ac     1 .debug_addr
       0        0       40     1         /tmp/kernel-6a827d.o:(.debug_addr)
       8        8        0     1                 
      40       40       68     1         /tmp/common-f37a26.o:(.debug_addr)
      48       48        0     1                 
      a8       a8      158     1         /tmp/test_common-b213f9.o:(.debug_addr)
      b0       b0        0     1                 
     200      200       48     1         /tmp/allocator-52797c.o:(.debug_addr)
     208      208        0     1                 
     248      248       18     1         /tmp/process-e410d7.o:(.debug_addr)
     250      250        0     1                 
     260      260       4c     1         /tmp/test_process-c41468.o:(.debug_addr)
     268      268        0     1                 
       0        0       42     1 .comment
       0        0       42     1         <internal>:(.comment)
       0        0       2b     1 .riscv.attributes
       0        0       2b     1         /tmp/kernel-6a827d.o:(.riscv.attributes)
       0        0      2d4     4 .debug_frame
       0        0       84     4         /tmp/kernel-6a827d.o:(.debug_frame)
       0        0        0     1                 
      84       84       94     4         /tmp/common-f37a26.o:(.debug_frame)
      84       84        0     1                 
     118      118       ac     4         /tmp/test_common-b213f9.o:(.debug_frame)
     118      118        0     1                 
     1c4      1c4       6c     4         /tmp/allocator-52797c.o:(.debug_frame)
     1c4      1c4        0     1                 
     230      230       3c     4         /tmp/process-e410d7.o:(.debug_frame)
     230      230        0     1                 
     26c      26c       68     4         /tmp/test_process-c41468.o:(.debug_frame)
     26c      26c        0     1                 
       0        0     10f6     1 .debug_line
       0        0      157     1         /tmp/kernel-6a827d.o:(.debug_line)
       0        0        0     1                 .Lline_table_start0
     157      157      47a     1         /tmp/common-f37a26.o:(.debug_line)
     157      157        0     1                 .Lline_table_start0
     5d1      5d1      3ee     1         /tmp/test_common-b213f9.o:(.debug_line)
     5d1      5d1        0     1                 .Lline_table_start0
     9bf      9bf      321     1         /tmp/allocator-52797c.o:(.debug_line)
     9bf      9bf        0     1                 .Lline_table_start0
     ce0      ce0      274     1         /tmp/process-e410d7.o:(.debug_line)
     ce0      ce0        0     1                 .Lline_table_start0
     f54      f54      1a2     1         /tmp/test_process-c41468.o:(.debug_line)
     f54      f54        0     1                 .Lline_table_start0
       0        0       a5     1 .debug_line_str
       0        0       a5     1         <internal>:(.debug_line_str)
       0        0     3fe0     4 .symtab
       0        0     3fe0     4         <internal>:(.symtab)
       0        0       d6     1 .shstrtab
       0        0       d6     1         <internal>:(.shstrtab)
       0        0      237     1 .strtab
       0        0      237     1         <internal>:(.strtab)
